 xTen

 Timestamp is 577d7a9b (Wed Jul  6 23:39:39 2016)

 Preferred load address is 00400000

 Start         Length     Name                   Class
 0001:00000000 00000160H .text$di                CODE
 0001:00000160 00029b40H .text$mn                CODE
 0001:00029ca0 00000ad0H .text$x                 CODE
 0001:0002a770 0000018bH .text$yd                CODE
 0002:00000000 00000388H .idata$5                DATA
 0002:00000388 00000004H .00cfg                  DATA
 0002:0000038c 00000004H .CRT$XCA                DATA
 0002:00000390 00000004H .CRT$XCAA               DATA
 0002:00000394 00000004H .CRT$XCL                DATA
 0002:00000398 00000040H .CRT$XCU                DATA
 0002:000003d8 00000004H .CRT$XCZ                DATA
 0002:000003dc 00000004H .CRT$XIA                DATA
 0002:000003e0 00000004H .CRT$XIAA               DATA
 0002:000003e4 00000004H .CRT$XIAC               DATA
 0002:000003e8 00000004H .CRT$XIC                DATA
 0002:000003ec 00000004H .CRT$XIZ                DATA
 0002:000003f0 00000004H .CRT$XLA                DATA
 0002:000003f4 00000004H .CRT$XLZ                DATA
 0002:000003f8 00000004H .CRT$XPA                DATA
 0002:000003fc 00000004H .CRT$XPZ                DATA
 0002:00000400 00000004H .CRT$XTA                DATA
 0002:00000404 0000000cH .CRT$XTZ                DATA
 0002:00000410 00015c4cH .rdata                  DATA
 0002:0001605c 00000018H .rdata$T                DATA
 0002:00016074 0000048cH .rdata$r                DATA
 0002:00016500 000000c4H .rdata$sxdata           DATA
 0002:000165c4 000003b4H .rdata$zzzdbg           DATA
 0002:00016978 00000004H .rtc$IAA                DATA
 0002:0001697c 00000004H .rtc$IZZ                DATA
 0002:00016980 00000004H .rtc$TAA                DATA
 0002:00016984 00000004H .rtc$TZZ                DATA
 0002:00016988 00000c64H .xdata$x                DATA
 0002:000175ec 00000000H .edata                  DATA
 0002:000175ec 00000168H .idata$2                DATA
 0002:00017754 00000014H .idata$3                DATA
 0002:00017768 00000388H .idata$4                DATA
 0002:00017af0 000012eeH .idata$6                DATA
 0003:00000000 0000099cH .data                   DATA
 0003:0000099c 000001a4H .data$r                 DATA
 0003:00000b40 00003a60H .bss                    DATA
 0004:00000000 0000005cH .gfids$y                DATA
 0005:00000000 00000004H .tls                    DATA
 0005:00000004 00000004H .tls$                   DATA
 0005:00000008 00000001H .tls$ZZZ                DATA
 0006:00000000 00000060H .rsrc$01                DATA
 0006:00000060 00000180H .rsrc$02                DATA

  Address         Publics by Value              Rva+Base       Lib:Object

 0000:00000000       ___guard_iat_table         00000000     <absolute>
 0000:00000000       ___guard_longjmp_count     00000000     <absolute>
 0000:00000000       ___guard_longjmp_table     00000000     <absolute>
 0000:00000000       ___guard_fids_table        00000000     <absolute>
 0000:00000000       ___guard_iat_count         00000000     <absolute>
 0000:00000000       ___dynamic_value_reloc_table 00000000     <absolute>
 0000:00000000       ___guard_fids_count        00000000     <absolute>
 0000:0000002c       __tls_array                0000002c     <absolute>
 0000:00000031       ___safe_se_handler_count   00000031     <absolute>
 0000:00000100       ___guard_flags             00000100     <absolute>
 0000:00000000       ___ImageBase               00400000     <linker-defined>
 0001:00000160       _cosf                      00401160 f i main.obj
 0001:00000170       ?_Allocate@std@@YAPAXII_N@Z 00401170 f i main.obj
 0001:000001e0       ??0PointLight@xgraphics@xten@@QAE@XZ 004011e0 f i main.obj
 0001:00000250       ??0SpotLight@xgraphics@xten@@QAE@XZ 00401250 f i main.obj
 0001:000002d0       ??1DirectionalLight@xgraphics@xten@@QAE@XZ 004012d0 f i main.obj
 0001:000002d0       ??1PointLight@xgraphics@xten@@QAE@XZ 004012d0 f i main.obj
 0001:000002d0       ??1?$pair@V?$basic_string@DU?$char_traits@D@std@@V?$allocator@D@2@@std@@E@std@@QAE@XZ 004012d0 f i logger.obj
 0001:000002d0       ??1?$basic_string@DU?$char_traits@D@std@@V?$allocator@D@2@@std@@QAE@XZ 004012d0 f i main.obj
 0001:00000310       ??0Game@@QAE@XZ            00401310 f i main.obj
 0001:00000420       ??1Game@@UAE@XZ            00401420 f i main.obj
 0001:00000560       ?start@Game@@UAE_NXZ       00401560 f i main.obj
 0001:000007f0       ?onUpdate@Game@@UAEXXZ     004017f0 f i main.obj
 0001:00000850       ?onRender@Game@@UAEXXZ     00401850 f i main.obj
 0001:00000b30       ??_GGame@@UAEPAXI@Z        00401b30 f i main.obj
 0001:00000b30       ??_EGame@@UAEPAXI@Z        00401b30 f i * CIL library *:* CIL module *
 0001:00000b60       _main                      00401b60 f   main.obj
 0001:00000d50       ??0?$basic_string@DU?$char_traits@D@std@@V?$allocator@D@2@@std@@QAE@PBD@Z 00401d50 f i main.obj
 0001:00000db0       ?_Myptr@?$_String_alloc@U?$_String_base_types@DV?$allocator@D@std@@@std@@@std@@QBEPBDXZ 00401db0 f i main.obj
 0001:00000dc0       ?assign@?$basic_string@DU?$char_traits@D@std@@V?$allocator@D@2@@std@@QAEAAV12@PBDI@Z 00401dc0 f i main.obj
 0001:00000ec0       ?assign@?$basic_string@DU?$char_traits@D@std@@V?$allocator@D@2@@std@@QAEAAV12@ABV12@II@Z 00401ec0 f i main.obj
 0001:00000fe0       ?deallocate@?$_Wrap_alloc@V?$allocator@D@std@@@std@@QAEXPADI@Z 00401fe0 f i main.obj
 0001:00001040       ?_Grow@?$basic_string@DU?$char_traits@D@std@@V?$allocator@D@2@@std@@QAE_NI_N@Z 00402040 f i main.obj
 0001:00001100       ?erase@?$basic_string@DU?$char_traits@D@std@@V?$allocator@D@2@@std@@QAEAAV12@II@Z 00402100 f i main.obj
 0001:000011a0       ?_Copy@?$basic_string@DU?$char_traits@D@std@@V?$allocator@D@2@@std@@QAEXII@Z 004021a0 f i main.obj
 0001:00001310       ??$?6U?$char_traits@D@std@@@std@@YAAAV?$basic_ostream@DU?$char_traits@D@std@@@0@AAV10@PBD@Z 00402310 f i main.obj
 0001:00001560       ??$endl@DU?$char_traits@D@std@@@std@@YAAAV?$basic_ostream@DU?$char_traits@D@std@@@0@AAV10@@Z 00402560 f i main.obj
 0001:00001590       ??1sentry@?$basic_ostream@DU?$char_traits@D@std@@@std@@QAE@XZ 00402590 f i main.obj
 0001:00001600       ??1_Sentry_base@?$basic_ostream@DU?$char_traits@D@std@@@std@@QAE@XZ 00402600 f i main.obj
 0001:00001650       ??_GClient@xten@@UAEPAXI@Z 00402650 f i client.obj
 0001:00001650       ??_EClient@xten@@UAEPAXI@Z 00402650 f i * CIL library *:* CIL module *
 0001:000016e0       ??1Client@xten@@UAE@XZ     004026e0 f   client.obj
 0001:00001750       ?init@Client@xten@@QAE_NW4XTEN_GL_PROFILE@API@xgraphics@2@W4XTEN_GL_FW_TYPE@452@@Z 00402750 f   client.obj
 0001:000018f0       ?createWindow@Client@xten@@QAE_NABV?$basic_string@DU?$char_traits@D@std@@V?$allocator@D@2@@std@@ABUWindowProperties@2@@Z 004028f0 f   client.obj
 0001:00001a20       ?start@Client@xten@@UAE_NXZ 00402a20 f   client.obj
 0001:00001b40       ?setCallbacks@Client@xten@@AAEXXZ 00402b40 f   client.obj
 0001:00001bd0       ?onUpdate@Client@xten@@UAEXXZ 00402bd0 f   client.obj
 0001:00001bf0       ?onRender@Client@xten@@UAEXXZ 00402bf0 f   client.obj
 0001:00001c00       ?shutdown@Client@xten@@QAEXXZ 00402c00 f   client.obj
 0001:00001cb0       ??_GWindow@xten@@QAEPAXI@Z 00402cb0 f i client.obj
 0001:00001d10       ??0InputManager@xten@@QAE@XZ 00402d10 f   inputmanager.obj
 0001:00001db0       ?onUpdate@InputManager@xten@@QAEXXZ 00402db0 f   inputmanager.obj
 0001:00001eb0       ??1TiXmlString@@QAE@XZ     00402eb0 f i tinystr.obj
 0001:00001ed0       ??YTiXmlString@@QAEAAV0@ABV0@@Z 00402ed0 f i tinystr.obj
 0001:00001f30       ?reserve@TiXmlString@@QAEXI@Z 00402f30 f   tinystr.obj
 0001:00002000       ?assign@TiXmlString@@QAEAAV1@PBDI@Z 00403000 f   tinystr.obj
 0001:000020f0       ?append@TiXmlString@@QAEAAV1@PBDI@Z 004030f0 f   tinystr.obj
 0001:00002140       ___local_stdio_printf_options 00403140 f i tinyxml.obj
 0001:00002150       ___local_stdio_scanf_options 00403150 f i tinyxml.obj
 0001:00002160       __vfprintf_l               00403160 f i tinyxml.obj
 0001:00002190       _fprintf                   00403190 f i tinyxml.obj
 0001:000021b0       _sscanf_s                  004031b0 f i tinyxml.obj
 0001:000021e0       ??0TiXmlString@@QAE@PBD@Z  004031e0 f i tinyxml.obj
 0001:00002250       ??4TiXmlString@@QAEAAV0@PBD@Z 00403250 f i tinyxml.obj
 0001:00002280       ??YTiXmlString@@QAEAAV0@PBD@Z 00403280 f i tinyxml.obj
 0001:000022e0       ??_GTiXmlBase@@UAEPAXI@Z   004032e0 f i tinyxml.obj
 0001:000022e0       ??_ETiXmlBase@@UAEPAXI@Z   004032e0 f i * CIL library *:* CIL module *
 0001:00002310       ?ToDocument@TiXmlNode@@UAEPAVTiXmlDocument@@XZ 00403310 f i tinyxml.obj
 0001:00002310       ?ToComment@TiXmlNode@@UBEPBVTiXmlComment@@XZ 00403310 f i tinyxml.obj
 0001:00002310       ?ToText@TiXmlNode@@UAEPAVTiXmlText@@XZ 00403310 f i tinyxml.obj
 0001:00002310       __matherr                  00403310 f i MSVCRT:matherr.obj
 0001:00002310       ?ToComment@TiXmlNode@@UAEPAVTiXmlComment@@XZ 00403310 f i tinyxml.obj
 0001:00002310       ___scrt_initialize_winrt   00403310 f i MSVCRT:utility_desktop.obj
 0001:00002310       ?ToUnknown@TiXmlNode@@UBEPBVTiXmlUnknown@@XZ 00403310 f i tinyxml.obj
 0001:00002310       ?ToDeclaration@TiXmlNode@@UAEPAVTiXmlDeclaration@@XZ 00403310 f i tinyxml.obj
 0001:00002310       __get_startup_thread_locale_mode 00403310 f i MSVCRT:thread_locale.obj
 0001:00002310       ?ToElement@TiXmlNode@@UAEPAVTiXmlElement@@XZ 00403310 f i tinyxml.obj
 0001:00002310       ?ToElement@TiXmlNode@@UBEPBVTiXmlElement@@XZ 00403310 f i tinyxml.obj
 0001:00002310       ?ToDeclaration@TiXmlNode@@UBEPBVTiXmlDeclaration@@XZ 00403310 f i tinyxml.obj
 0001:00002310       ?ToText@TiXmlNode@@UBEPBVTiXmlText@@XZ 00403310 f i tinyxml.obj
 0001:00002310       __get_startup_commit_mode  00403310 f i MSVCRT:commit_mode.obj
 0001:00002310       ?ToDocument@TiXmlNode@@UBEPBVTiXmlDocument@@XZ 00403310 f i tinyxml.obj
 0001:00002310       ?ToUnknown@TiXmlNode@@UAEPAVTiXmlUnknown@@XZ 00403310 f i tinyxml.obj
 0001:00002310       __get_startup_new_mode     00403310 f i MSVCRT:new_mode.obj
 0001:00002320       ?Print@TiXmlAttribute@@UBEXPAU_iobuf@@H@Z 00403320 f i tinyxml.obj
 0001:00002340       ??_GTiXmlAttribute@@UAEPAXI@Z 00403340 f i tinyxml.obj
 0001:00002340       ??_ETiXmlAttribute@@UAEPAXI@Z 00403340 f i * CIL library *:* CIL module *
 0001:00002390       ??1TiXmlAttributeSet@@QAE@XZ 00403390 f i tinyxml.obj
 0001:00002390       ??1TiXmlAttribute@@UAE@XZ  00403390 f i tinyxml.obj
 0001:000023d0       ?ToElement@TiXmlElement@@UBEPBV1@XZ 004033d0 f i tinyxml.obj
 0001:000023d0       ?ToDeclaration@TiXmlDeclaration@@UAEPAV1@XZ 004033d0 f i tinyxml.obj
 0001:000023d0       ?ToElement@TiXmlElement@@UAEPAV1@XZ 004033d0 f i tinyxml.obj
 0001:000023d0       ?ToUnknown@TiXmlUnknown@@UBEPBV1@XZ 004033d0 f i tinyxml.obj
 0001:000023d0       ?ToDeclaration@TiXmlDeclaration@@UBEPBV1@XZ 004033d0 f i tinyxml.obj
 0001:000023d0       ?ToComment@TiXmlComment@@UBEPBV1@XZ 004033d0 f i tinyxml.obj
 0001:000023d0       ?ToComment@TiXmlComment@@UAEPAV1@XZ 004033d0 f i tinyxml.obj
 0001:000023d0       ?ToText@TiXmlText@@UBEPBV1@XZ 004033d0 f i tinyxml.obj
 0001:000023d0       ?ToDocument@TiXmlDocument@@UAEPAV1@XZ 004033d0 f i tinyxml.obj
 0001:000023d0       ?ToUnknown@TiXmlUnknown@@UAEPAV1@XZ 004033d0 f i tinyxml.obj
 0001:000023d0       ?ToDocument@TiXmlDocument@@UBEPBV1@XZ 004033d0 f i tinyxml.obj
 0001:000023d0       ??0?$_Wrap_alloc@V?$allocator@PAVTexture2D@xgraphics@xten@@@std@@@std@@QAE@XZ 004033d0 f i mesh.obj
 0001:000023d0       ?ToText@TiXmlText@@UAEPAV1@XZ 004033d0 f i tinyxml.obj
 0001:000023e0       ??0TiXmlComment@@QAE@XZ    004033e0 f i tinyxml.obj
 0001:00002430       ??_GTiXmlUnknown@@UAEPAXI@Z 00403430 f i tinyxml.obj
 0001:00002430       ??_ETiXmlComment@@UAEPAXI@Z 00403430 f i * CIL library *:* CIL module *
 0001:00002430       ??_ETiXmlUnknown@@UAEPAXI@Z 00403430 f i * CIL library *:* CIL module *
 0001:00002430       ??_ETiXmlNode@@UAEPAXI@Z   00403430 f i * CIL library *:* CIL module *
 0001:00002430       ??_GTiXmlNode@@UAEPAXI@Z   00403430 f i tinyxml.obj
 0001:00002430       ??_GTiXmlComment@@UAEPAXI@Z 00403430 f i tinyxml.obj
 0001:00002490       ??0TiXmlText@@QAE@PBD@Z    00403490 f i tinyxml.obj
 0001:00002540       ??_GTiXmlText@@UAEPAXI@Z   00403540 f i tinyxml.obj
 0001:00002540       ??_ETiXmlText@@UAEPAXI@Z   00403540 f i * CIL library *:* CIL module *
 0001:000025a0       ??0TiXmlDeclaration@@QAE@XZ 004035a0 f i tinyxml.obj
 0001:00002610       ??1TiXmlDeclaration@@UAE@XZ 00403610 f i tinyxml.obj
 0001:00002690       ?Print@TiXmlDeclaration@@UBEXPAU_iobuf@@H@Z 00403690 f i tinyxml.obj
 0001:000026b0       ??_ETiXmlDeclaration@@UAEPAXI@Z 004036b0 f i * CIL library *:* CIL module *
 0001:000026b0       ??_GTiXmlDeclaration@@UAEPAXI@Z 004036b0 f i tinyxml.obj
 0001:000026e0       ??0TiXmlUnknown@@QAE@XZ    004036e0 f i tinyxml.obj
 0001:00002730       ??1TiXmlDocument@@UAE@XZ   00403730 f i tinyxml.obj
 0001:00002790       ??_ETiXmlDocument@@UAEPAXI@Z 00403790 f i * CIL library *:* CIL module *
 0001:00002790       ??_GTiXmlDocument@@UAEPAXI@Z 00403790 f i tinyxml.obj
 0001:000027c0       ?EncodeString@TiXmlBase@@SAXABVTiXmlString@@PAV2@@Z 004037c0 f   tinyxml.obj
 0001:00002a80       ??1TiXmlNode@@UAE@XZ       00403a80 f   tinyxml.obj
 0001:00002ac0       ?LinkEndChild@TiXmlNode@@QAEPAV1@PAV1@@Z 00403ac0 f   tinyxml.obj
 0001:00002ba0       ??0TiXmlElement@@QAE@PBD@Z 00403ba0 f   tinyxml.obj
 0001:00002c90       ??_GTiXmlElement@@UAEPAXI@Z 00403c90 f i tinyxml.obj
 0001:00002c90       ??_ETiXmlElement@@UAEPAXI@Z 00403c90 f i * CIL library *:* CIL module *
 0001:00002cc0       ??1TiXmlElement@@UAE@XZ    00403cc0 f   tinyxml.obj
 0001:00002d40       ?ClearThis@TiXmlElement@@IAEXXZ 00403d40 f   tinyxml.obj
 0001:00002dd0       ?Print@TiXmlElement@@UBEXPAU_iobuf@@H@Z 00403dd0 f   tinyxml.obj
 0001:00002f40       ?CopyTo@TiXmlElement@@IBEXPAV1@@Z 00403f40 f   tinyxml.obj
 0001:00003010       ?Accept@TiXmlElement@@UBE_NPAVTiXmlVisitor@@@Z 00404010 f   tinyxml.obj
 0001:00003070       ?Clone@TiXmlElement@@UBEPAVTiXmlNode@@XZ 00404070 f   tinyxml.obj
 0001:00003100       ??0TiXmlDocument@@QAE@XZ   00404100 f   tinyxml.obj
 0001:000031e0       ??0TiXmlDocument@@QAE@PBD@Z 004041e0 f   tinyxml.obj
 0001:000032d0       ?LoadFile@TiXmlDocument@@QAE_NPBDW4TiXmlEncoding@@@Z 004042d0 f   tinyxml.obj
 0001:00003430       ?LoadFile@TiXmlDocument@@QAE_NPAU_iobuf@@W4TiXmlEncoding@@@Z 00404430 f   tinyxml.obj
 0001:000035c0       ?CopyTo@TiXmlDocument@@ABEXPAV1@@Z 004045c0 f   tinyxml.obj
 0001:00003660       ?Clone@TiXmlDocument@@MBEPAVTiXmlNode@@XZ 00404660 f   tinyxml.obj
 0001:000036f0       ?Print@TiXmlDocument@@UBEXPAU_iobuf@@H@Z 004046f0 f   tinyxml.obj
 0001:00003730       ?Accept@TiXmlDocument@@UBE_NPAVTiXmlVisitor@@@Z 00404730 f   tinyxml.obj
 0001:00003780       ?Print@TiXmlAttribute@@QBEXPAU_iobuf@@HPAVTiXmlString@@@Z 00404780 f   tinyxml.obj
 0001:00003880       ?Print@TiXmlComment@@UBEXPAU_iobuf@@H@Z 00404880 f   tinyxml.obj
 0001:000038d0       ?Accept@TiXmlComment@@UBE_NPAVTiXmlVisitor@@@Z 004048d0 f   tinyxml.obj
 0001:000038f0       ?Clone@TiXmlComment@@UBEPAVTiXmlNode@@XZ 004048f0 f   tinyxml.obj
 0001:000039a0       ?Print@TiXmlText@@UBEXPAU_iobuf@@H@Z 004049a0 f   tinyxml.obj
 0001:00003a80       ?Accept@TiXmlText@@UBE_NPAVTiXmlVisitor@@@Z 00404a80 f   tinyxml.obj
 0001:00003aa0       ?Clone@TiXmlText@@MBEPAVTiXmlNode@@XZ 00404aa0 f   tinyxml.obj
 0001:00003b60       ?Print@TiXmlDeclaration@@UBEXPAU_iobuf@@HPAVTiXmlString@@@Z 00404b60 f   tinyxml.obj
 0001:00003d00       ?CopyTo@TiXmlDeclaration@@IBEXPAV1@@Z 00404d00 f   tinyxml.obj
 0001:00003d80       ?Accept@TiXmlDeclaration@@UBE_NPAVTiXmlVisitor@@@Z 00404d80 f   tinyxml.obj
 0001:00003da0       ?Clone@TiXmlDeclaration@@UBEPAVTiXmlNode@@XZ 00404da0 f   tinyxml.obj
 0001:00003e40       ?Print@TiXmlUnknown@@UBEXPAU_iobuf@@H@Z 00404e40 f   tinyxml.obj
 0001:00003e90       ?Accept@TiXmlUnknown@@UBE_NPAVTiXmlVisitor@@@Z 00404e90 f   tinyxml.obj
 0001:00003eb0       ?Clone@TiXmlUnknown@@UBEPAVTiXmlNode@@XZ 00404eb0 f   tinyxml.obj
 0001:00003f60       ?Find@TiXmlAttributeSet@@QBEPAVTiXmlAttribute@@PBD@Z 00404f60 f   tinyxml.obj
 0001:00003fd0       ?FindOrCreate@TiXmlAttributeSet@@QAEPAVTiXmlAttribute@@PBD@Z 00404fd0 f   tinyxml.obj
 0001:00004080       ??$_snprintf_s@$0CA@@@YAHAAY0CA@DIPBDZZ 00405080 f i tinyxml.obj
 0001:000040c0       ?GetChar@TiXmlBase@@KAPBDPBDPADPAHW4TiXmlEncoding@@@Z 004050c0 f i tinyxmlparser.obj
 0001:00004150       ?ConvertUTF32ToUTF8@TiXmlBase@@KAXKPADPAH@Z 00405150 f   tinyxmlparser.obj
 0001:00004230       ?IsAlpha@TiXmlBase@@KAHEW4TiXmlEncoding@@@Z 00405230 f   tinyxmlparser.obj
 0001:00004250       ?Stamp@TiXmlParsingData@@QAEXPBDW4TiXmlEncoding@@@Z 00405250 f   tinyxmlparser.obj
 0001:00004460       ?SkipWhiteSpace@TiXmlBase@@KAPBDPBDW4TiXmlEncoding@@@Z 00405460 f   tinyxmlparser.obj
 0001:00004510       ?ReadName@TiXmlBase@@KAPBDPBDPAVTiXmlString@@W4TiXmlEncoding@@@Z 00405510 f   tinyxmlparser.obj
 0001:000045b0       ?GetEntity@TiXmlBase@@KAPBDPBDPADPAHW4TiXmlEncoding@@@Z 004055b0 f   tinyxmlparser.obj
 0001:00004770       ?StringEqual@TiXmlBase@@KA_NPBD0_NW4TiXmlEncoding@@@Z 00405770 f   tinyxmlparser.obj
 0001:00004820       ?ReadText@TiXmlBase@@KAPBDPBDPAVTiXmlString@@_N02W4TiXmlEncoding@@@Z 00405820 f   tinyxmlparser.obj
 0001:00004b00       ?Parse@TiXmlDocument@@UAEPBDPBDPAVTiXmlParsingData@@W4TiXmlEncoding@@@Z 00405b00 f   tinyxmlparser.obj
 0001:00004de0       ?SetError@TiXmlDocument@@QAEXHPBDPAVTiXmlParsingData@@W4TiXmlEncoding@@@Z 00405de0 f   tinyxmlparser.obj
 0001:00004e50       ?Identify@TiXmlNode@@IAEPAV1@PBDW4TiXmlEncoding@@@Z 00405e50 f   tinyxmlparser.obj
 0001:00005060       ?Parse@TiXmlElement@@UAEPBDPBDPAVTiXmlParsingData@@W4TiXmlEncoding@@@Z 00406060 f   tinyxmlparser.obj
 0001:00005410       ?ReadValue@TiXmlElement@@IAEPBDPBDPAVTiXmlParsingData@@W4TiXmlEncoding@@@Z 00406410 f   tinyxmlparser.obj
 0001:00005660       ?Parse@TiXmlUnknown@@UAEPBDPBDPAVTiXmlParsingData@@W4TiXmlEncoding@@@Z 00406660 f   tinyxmlparser.obj
 0001:000057f0       ?Parse@TiXmlComment@@UAEPBDPBDPAVTiXmlParsingData@@W4TiXmlEncoding@@@Z 004067f0 f   tinyxmlparser.obj
 0001:00005970       ?Parse@TiXmlAttribute@@UAEPBDPBDPAVTiXmlParsingData@@W4TiXmlEncoding@@@Z 00406970 f   tinyxmlparser.obj
 0001:00005b40       ?Parse@TiXmlText@@UAEPBDPBDPAVTiXmlParsingData@@W4TiXmlEncoding@@@Z 00406b40 f   tinyxmlparser.obj
 0001:00005d70       ?Parse@TiXmlDeclaration@@UAEPBDPBDPAVTiXmlParsingData@@W4TiXmlEncoding@@@Z 00406d70 f   tinyxmlparser.obj
 0001:00006220       _printf                    00407220 f i xten_glfw.obj
 0001:00006250       ?getTitle@Window@xten@@QBE?BV?$basic_string@DU?$char_traits@D@std@@V?$allocator@D@2@@std@@XZ 00407250 f i xten_glfw.obj
 0001:000069a0       ?GLFWInit@API@xgraphics@xten@@YA_NXZ 004079a0 f   xten_glfw.obj
 0001:00006a50       ?GLFWCreateWindow@API@xgraphics@xten@@YA_NPAVWindow@3@W4XTEN_GL_PROFILE@123@@Z 00407a50 f   xten_glfw.obj
 0001:00006ba0       ?GLFWRun@API@xgraphics@xten@@YAXPAVClient@3@@Z 00407ba0 f   xten_glfw.obj
 0001:00006c60       ??0Camera@xgraphics@xten@@QAE@XZ 00407c60 f   camera.obj
 0001:00006d40       ?onKeyboard@Camera@xgraphics@xten@@AAE_NXZ 00407d40 f   camera.obj
 0001:00006f50       ?onMouse@Camera@xgraphics@xten@@AAE_NXZ 00407f50 f   camera.obj
 0001:00007010       ?onUpdate@Camera@xgraphics@xten@@QAEXXZ 00408010 f   camera.obj
 0001:000071c0       ?cross@xmaths@xten@@YA?AV?$xVec@M$02@12@ABV312@0@Z 004081c0 f i camera.obj
 0001:00007220       ??Gxmaths@xten@@YA?AV?$xVec@M$02@01@V201@ABV201@@Z 00408220 f i camera.obj
 0001:00007260       ??Hxmaths@xten@@YA?AV?$xVec@M$02@01@V201@ABV201@@Z 00408260 f i camera.obj
 0001:000072a0       ??$normalize@M$02@xmaths@xten@@YA?AV?$xVec@M$02@01@V201@@Z 004082a0 f i camera.obj
 0001:00007310       ??$?DM$02@xmaths@xten@@YA?AV?$xVec@M$02@01@MV201@@Z 00408310 f i camera.obj
 0001:00007350       ?init@LightingTechnique@xgraphics@xten@@QAEXXZ 00408350 f   lightingtechnique.obj
 0001:000073e0       ?setPVM@LightingTechnique@xgraphics@xten@@QAEXABV?$xMat@M$03$03@xmaths@3@00@Z 004083e0 f   lightingtechnique.obj
 0001:000074a0       ?setDirLight@LightingTechnique@xgraphics@xten@@QAEXABUDirectionalLight@23@@Z 004084a0 f   lightingtechnique.obj
 0001:00007580       ?setPointLights@LightingTechnique@xgraphics@xten@@QAEXIPBUPointLight@23@@Z 00408580 f   lightingtechnique.obj
 0001:000077b0       ?setSpotLights@LightingTechnique@xgraphics@xten@@QAEXIPBUSpotLight@23@@Z 004087b0 f   lightingtechnique.obj
 0001:00007a80       ??$?D$03$03@?$xMat@M$03$03@xmaths@xten@@QBE?AV012@V012@@Z 00408a80 f i lightingtechnique.obj
 0001:00007ba0       ??$_snprintf_s@$0IA@@@YAHAAY0IA@DIPBDZZ 00408ba0 f i lightingtechnique.obj
 0001:00007be0       ?HasTextureCoords@aiMesh@@QBE_NI@Z 00408be0 f i mesh.obj
 0001:00007c00       ?init@MeshEntry@Mesh@xgraphics@xten@@QAEXABV?$vector@UVertex@xgraphics@xten@@V?$allocator@UVertex@xgraphics@xten@@@std@@@std@@ABV?$vector@IV?$allocator@I@std@@@6@@Z 00408c00 f   mesh.obj
 0001:00007d10       ??1Mesh@xgraphics@xten@@QAE@XZ 00408d10 f   mesh.obj
 0001:00007d90       ?loadMesh@Mesh@xgraphics@xten@@QAEEABV?$basic_string@DU?$char_traits@D@std@@V?$allocator@D@2@@std@@@Z 00408d90 f   mesh.obj
 0001:00007eb0       ?render@Mesh@xgraphics@xten@@QAEXXZ 00408eb0 f   mesh.obj
 0001:00007f70       ?initFromScene@Mesh@xgraphics@xten@@AAEEPBUaiScene@@ABV?$basic_string@DU?$char_traits@D@std@@V?$allocator@D@2@@std@@@Z 00408f70 f   mesh.obj
 0001:00007ff0       ?initMesh@Mesh@xgraphics@xten@@AAEXIPBUaiMesh@@@Z 00408ff0 f   mesh.obj
 0001:000082c0       ?initMaterials@Mesh@xgraphics@xten@@AAEEPBUaiScene@@ABV?$basic_string@DU?$char_traits@D@std@@V?$allocator@D@2@@std@@@Z 004092c0 f   mesh.obj
 0001:00008600       ?resize@?$vector@PAVTexture2D@xgraphics@xten@@V?$allocator@PAVTexture2D@xgraphics@xten@@@std@@@std@@QAEXI@Z 00409600 f i mesh.obj
 0001:00008670       ?resize@?$vector@UMeshEntry@Mesh@xgraphics@xten@@V?$allocator@UMeshEntry@Mesh@xgraphics@xten@@@std@@@std@@QAEXI@Z 00409670 f i mesh.obj
 0001:00008730       ?push_back@?$vector@IV?$allocator@I@std@@@std@@QAEXABI@Z 00409730 f i mesh.obj
 0001:00008840       ??1?$vector@IV?$allocator@I@std@@@std@@QAE@XZ 00409840 f i mesh.obj
 0001:000088c0       ??1?$vector@UVertex@xgraphics@xten@@V?$allocator@UVertex@xgraphics@xten@@@std@@@std@@QAE@XZ 004098c0 f i mesh.obj
 0001:00008940       ?push_back@?$vector@UVertex@xgraphics@xten@@V?$allocator@UVertex@xgraphics@xten@@@std@@@std@@QAEX$$QAUVertex@xgraphics@xten@@@Z 00409940 f i mesh.obj
 0001:00008a50       ?substr@?$basic_string@DU?$char_traits@D@std@@V?$allocator@D@2@@std@@QBE?AV12@II@Z 00409a50 f i mesh.obj
 0001:00008a90       ??0?$basic_string@DU?$char_traits@D@std@@V?$allocator@D@2@@std@@QAE@$$QAV01@@Z 00409a90 f i mesh.obj
 0001:00008b10       ?_Reserve@?$vector@PAVTexture2D@xgraphics@xten@@V?$allocator@PAVTexture2D@xgraphics@xten@@@std@@@std@@IAEXI@Z 00409b10 f i mesh.obj
 0001:00008b80       ?_Reserve@?$vector@UMeshEntry@Mesh@xgraphics@xten@@V?$allocator@UMeshEntry@Mesh@xgraphics@xten@@@std@@@std@@IAEXI@Z 00409b80 f i mesh.obj
 0001:00008c20       ?find_last_of@?$basic_string@DU?$char_traits@D@std@@V?$allocator@D@2@@std@@QBEIPBDII@Z 00409c20 f i mesh.obj
 0001:00008ca0       ?append@?$basic_string@DU?$char_traits@D@std@@V?$allocator@D@2@@std@@QAEAAV12@PBDI@Z 00409ca0 f i mesh.obj
 0001:00008dc0       ?append@?$basic_string@DU?$char_traits@D@std@@V?$allocator@D@2@@std@@QAEAAV12@ABV12@II@Z 00409dc0 f i mesh.obj
 0001:00008eb0       ?_Assign_rv@?$basic_string@DU?$char_traits@D@std@@V?$allocator@D@2@@std@@QAEX$$QAV12@@Z 00409eb0 f i mesh.obj
 0001:00008f20       ?deallocate@?$_Wrap_alloc@V?$allocator@PAVShader@xgraphics@xten@@@std@@@std@@QAEXPAPAVShader@xgraphics@xten@@I@Z 00409f20 f i shadermanager.obj
 0001:00008f20       ?deallocate@?$_Wrap_alloc@V?$allocator@PAVTexture2D@xgraphics@xten@@@std@@@std@@QAEXPAPAVTexture2D@xgraphics@xten@@I@Z 00409f20 f i mesh.obj
 0001:00008f80       @_guard_check_icall_nop@4  00409f80 f i MSVCRT:guard_support.obj
 0001:00008f80       __initialize_invalid_parameter_handler 00409f80 f i MSVCRT:invalid_parameter_handler.obj
 0001:00008f80       __initialize_denormal_control 00409f80 f i MSVCRT:denormal_control.obj
 0001:00008f80       ?_Orphan_all@?$_Vector_alloc@U?$_Vec_base_types@PAVTexture2D@xgraphics@xten@@V?$allocator@PAVTexture2D@xgraphics@xten@@@std@@@std@@@std@@QAEXXZ 00409f80 f i mesh.obj
 0001:00008f80       ?_Orphan_all@?$_Vector_alloc@U?$_Vec_base_types@PAVShader@xgraphics@xten@@V?$allocator@PAVShader@xgraphics@xten@@@std@@@std@@@std@@QAEXXZ 00409f80 f i shadermanager.obj
 0001:00008f90       ?_Reallocate@?$vector@PAVTexture2D@xgraphics@xten@@V?$allocator@PAVTexture2D@xgraphics@xten@@@std@@@std@@IAEXI@Z 00409f90 f i mesh.obj
 0001:00009000       ?_Destroy@?$vector@PAVTexture2D@xgraphics@xten@@V?$allocator@PAVTexture2D@xgraphics@xten@@@std@@@std@@IAEXPAPAVTexture2D@xgraphics@xten@@0@Z 0040a000 f i mesh.obj
 0001:00009000       ?_Destroy@?$vector@PAVShader@xgraphics@xten@@V?$allocator@PAVShader@xgraphics@xten@@@std@@@std@@IAEXPAPAVShader@xgraphics@xten@@0@Z 0040a000 f i shadermanager.obj
 0001:00009010       ?deallocate@?$_Wrap_alloc@V?$allocator@UMeshEntry@Mesh@xgraphics@xten@@@std@@@std@@QAEXPAUMeshEntry@Mesh@xgraphics@xten@@I@Z 0040a010 f i mesh.obj
 0001:00009080       ?_Reallocate@?$vector@UMeshEntry@Mesh@xgraphics@xten@@V?$allocator@UMeshEntry@Mesh@xgraphics@xten@@@std@@@std@@IAEXI@Z 0040a080 f i mesh.obj
 0001:00009130       ?_Destroy@?$vector@UMeshEntry@Mesh@xgraphics@xten@@V?$allocator@UMeshEntry@Mesh@xgraphics@xten@@@std@@@std@@IAEXPAUMeshEntry@Mesh@xgraphics@xten@@0@Z 0040a130 f i mesh.obj
 0001:000091b0       ?_Reallocate@?$vector@IV?$allocator@I@std@@@std@@IAEXI@Z 0040a1b0 f i mesh.obj
 0001:00009270       ?_Reallocate@?$vector@UVertex@xgraphics@xten@@V?$allocator@UVertex@xgraphics@xten@@@std@@@std@@IAEXI@Z 0040a270 f i mesh.obj
 0001:00009330       ??$?HDU?$char_traits@D@std@@V?$allocator@D@1@@std@@YA?AV?$basic_string@DU?$char_traits@D@std@@V?$allocator@D@2@@0@ABV10@PBD@Z 0040a330 f i mesh.obj
 0001:00009400       ??$?HDU?$char_traits@D@std@@V?$allocator@D@1@@std@@YA?AV?$basic_string@DU?$char_traits@D@std@@V?$allocator@D@2@@0@$$QAV10@PBD@Z 0040a400 f i mesh.obj
 0001:00009450       ??$_Uninitialized_default_fill_n1@PAUMeshEntry@Mesh@xgraphics@xten@@IV?$allocator@UMeshEntry@Mesh@xgraphics@xten@@@std@@U?$integral_constant@_N$0A@@6@@std@@YAXPAUMeshEntry@Mesh@xgraphics@xten@@IAAU?$_Wrap_alloc@V?$allocator@UMeshEntry@Mesh@xgraphics@xten@@@std@@@0@U?$integral_constant@_N$0A@@0@@Z 0040a450 f i mesh.obj
 0001:000094c0       ??$_Uninitialized_move_al_unchecked1@PAUMeshEntry@Mesh@xgraphics@xten@@PAU1234@V?$allocator@UMeshEntry@Mesh@xgraphics@xten@@@std@@@std@@YAPAUMeshEntry@Mesh@xgraphics@xten@@PAU1234@00AAU?$_Wrap_alloc@V?$allocator@UMeshEntry@Mesh@xgraphics@xten@@@std@@@0@U_General_ptr_iterator_tag@0@@Z 0040a4c0 f i mesh.obj
 0001:00009520       ??$_Uninitialized_move_al_unchecked1@PAUVertex@xgraphics@xten@@PAU123@V?$allocator@UVertex@xgraphics@xten@@@std@@@std@@YAPAUVertex@xgraphics@xten@@PAU123@00AAU?$_Wrap_alloc@V?$allocator@UVertex@xgraphics@xten@@@std@@@0@U_General_ptr_iterator_tag@0@@Z 0040a520 f i mesh.obj
 0001:00009550       ?compile@Shader@xgraphics@xten@@QAEEPBD00@Z 0040a550 f   shader.obj
 0001:00009820       ?checkProgramErrors@Shader@xgraphics@xten@@AAEEIV?$basic_string@DU?$char_traits@D@std@@V?$allocator@D@2@@std@@0@Z 0040a820 f   shader.obj
 0001:00009ab0       ?checkErrors@Shader@xgraphics@xten@@AAEEIV?$basic_string@DU?$char_traits@D@std@@V?$allocator@D@2@@std@@@Z 0040aab0 f   shader.obj
 0001:00009c40       ?getUniformLocation@Shader@xgraphics@xten@@AAEHPBD@Z 0040ac40 f   shader.obj
 0001:00009ca0       ??1?$vector@DV?$allocator@D@std@@@std@@QAE@XZ 0040aca0 f i shader.obj
 0001:00009cb0       ??0?$vector@DV?$allocator@D@std@@@std@@QAE@I@Z 0040acb0 f i shader.obj
 0001:00009d20       ?_Tidy@?$vector@DV?$allocator@D@std@@@std@@IAEXXZ 0040ad20 f i shader.obj
 0001:00009da0       ?_Traits_compare@?$basic_string@DU?$char_traits@D@std@@V?$allocator@D@2@@std@@SAHQBDI0I@Z 0040ada0 f i shader.obj
 0001:00009e30       ??$?6DU?$char_traits@D@std@@V?$allocator@D@1@@std@@YAAAV?$basic_ostream@DU?$char_traits@D@std@@@0@AAV10@ABV?$basic_string@DU?$char_traits@D@std@@V?$allocator@D@2@@0@@Z 0040ae30 f i shader.obj
 0001:0000a030       ??1exception@std@@UAE@XZ   0040b030 f i shadermanager.obj
 0001:0000a050       ?what@exception@std@@UBEPBDXZ 0040b050 f i shadermanager.obj
 0001:0000a060       ??_Gexception@std@@UAEPAXI@Z 0040b060 f i shadermanager.obj
 0001:0000a060       ??_Eexception@std@@UAEPAXI@Z 0040b060 f i * CIL library *:* CIL module *
 0001:0000a160       ?add@ShaderManager@xgraphics@xten@@SAPAVShader@23@V?$basic_string@DU?$char_traits@D@std@@V?$allocator@D@2@@std@@PBD11@Z 0040b160 f   shadermanager.obj
 0001:0000a840       ?get@ShaderManager@xgraphics@xten@@SAPAVShader@23@ABV?$basic_string@DU?$char_traits@D@std@@V?$allocator@D@2@@std@@@Z 0040b840 f   shadermanager.obj
 0001:0000a8b0       ?clean@ShaderManager@xgraphics@xten@@SAXXZ 0040b8b0 f   shadermanager.obj
 0001:0000a980       ?_Reserve@?$vector@PAVShader@xgraphics@xten@@V?$allocator@PAVShader@xgraphics@xten@@@std@@@std@@IAEXI@Z 0040b980 f i shadermanager.obj
 0001:0000a9f0       ?_Reallocate@?$vector@PAVShader@xgraphics@xten@@V?$allocator@PAVShader@xgraphics@xten@@@std@@@std@@IAEXI@Z 0040b9f0 f i shadermanager.obj
 0001:0000aa70       ??0?$_Wrap_alloc@V?$allocator@PAVShader@xgraphics@xten@@@std@@@std@@QAE@XZ 0040ba70 f i shadermanager.obj
 0001:0000aa80       ?generate@Texture2D@xgraphics@xten@@QAEXHHIPAE@Z 0040ba80 f   texture2d.obj
 0001:0000ac10       ?add@TexManager@xgraphics@xten@@SAPAVTexture2D@23@IABV?$basic_string@DU?$char_traits@D@std@@V?$allocator@D@2@@std@@0E@Z 0040bc10 f   texturemanager.obj
 0001:0000afa0       ?get@TexManager@xgraphics@xten@@SAPAVTexture2D@23@ABV?$basic_string@DU?$char_traits@D@std@@V?$allocator@D@2@@std@@@Z 0040bfa0 f   texturemanager.obj
 0001:0000b010       ?clean@TexManager@xgraphics@xten@@SAXXZ 0040c010 f   texturemanager.obj
 0001:0000b0e0       ??0Pipeline@xmaths@xten@@QAE@XZ 0040c0e0 f   pipeline.obj
 0001:0000b210       ?getModel@Pipeline@xmaths@xten@@QAEABV?$xMat@M$03$03@23@XZ 0040c210 f   pipeline.obj
 0001:0000b2f0       ?setCamera@Pipeline@xmaths@xten@@QAEXABVCamera@xgraphics@3@@Z 0040c2f0 f   pipeline.obj
 0001:0000b370       ?scale@?$xMat@M$03$03@xmaths@xten@@SA?AV123@ABV?$xVec@M$02@23@@Z 0040c370 f i pipeline.obj
 0001:0000b390       ?rotation@?$xMat@M$03$03@xmaths@xten@@SA?AV123@MABV?$xVec@M$02@23@@Z 0040c390 f i pipeline.obj
 0001:0000b500       ?translation@?$xMat@M$03$03@xmaths@xten@@SA?AV123@ABV?$xVec@M$02@23@@Z 0040c500 f i pipeline.obj
 0001:0000b530       ?lookAt@?$xMat@M$03$03@xmaths@xten@@SA?AV123@ABV?$xVec@M$02@23@00@Z 0040c530 f i pipeline.obj
 0001:0000b6d0       ?perspective@?$xMat@M$03$03@xmaths@xten@@SA?AV123@MMMM@Z 0040c6d0 f i pipeline.obj
 0001:0000b7b0       ??0?$xMat@M$03$03@xmaths@xten@@QAE@M@Z 0040c7b0 f i pipeline.obj
 0001:0000b810       ??G?$xVec@M$02@xmaths@xten@@QBE?AV012@XZ 0040c810 f i pipeline.obj
 0001:0000b860       ??1CriticalSection@xten@@QAE@XZ 0040c860 f i logger.obj
 0001:0000b870       ??0LogMgr@xten@@QAE@XZ     0040c870 f   logger.obj
 0001:0000bb20       ??1?$map@V?$basic_string@DU?$char_traits@D@std@@V?$allocator@D@2@@std@@EU?$less@V?$basic_string@DU?$char_traits@D@std@@V?$allocator@D@2@@std@@@2@V?$allocator@U?$pair@$$CBV?$basic_string@DU?$char_traits@D@std@@V?$allocator@D@2@@std@@E@std@@@2@@std@@QAE@XZ 0040cb20 f i logger.obj
 0001:0000bb50       ??1LogMgr@xten@@QAE@XZ     0040cb50 f   logger.obj
 0001:0000bc30       ?init@LogMgr@xten@@QAEXPBD@Z 0040cc30 f   logger.obj
 0001:0000be60       ?setDisplayFLags@LogMgr@xten@@QAEXABV?$basic_string@DU?$char_traits@D@std@@V?$allocator@D@2@@std@@E@Z 0040ce60 f   logger.obj
 0001:0000bf70       ?find@?$_Tree@V?$_Tmap_traits@V?$basic_string@DU?$char_traits@D@std@@V?$allocator@D@2@@std@@EU?$less@V?$basic_string@DU?$char_traits@D@std@@V?$allocator@D@2@@std@@@2@V?$allocator@U?$pair@$$CBV?$basic_string@DU?$char_traits@D@std@@V?$allocator@D@2@@std@@E@std@@@2@$0A@@std@@@std@@QAE?AV?$_Tree_iterator@V?$_Tree_val@U?$_Tree_simple_types@U?$pair@$$CBV?$basic_string@DU?$char_traits@D@std@@V?$allocator@D@2@@std@@E@std@@@std@@@std@@@2@ABV?$basic_string@DU?$char_traits@D@std@@V?$allocator@D@2@@2@@Z 0040cf70 f i logger.obj
 0001:0000bff0       ??1?$list@PAVErrorMessenger@Logger@xten@@V?$allocator@PAVErrorMessenger@Logger@xten@@@std@@@std@@QAE@XZ 0040cff0 f i logger.obj
 0001:0000c030       ?erase@?$_Tree@V?$_Tmap_traits@V?$basic_string@DU?$char_traits@D@std@@V?$allocator@D@2@@std@@EU?$less@V?$basic_string@DU?$char_traits@D@std@@V?$allocator@D@2@@std@@@2@V?$allocator@U?$pair@$$CBV?$basic_string@DU?$char_traits@D@std@@V?$allocator@D@2@@std@@E@std@@@2@$0A@@std@@@std@@QAE?AV?$_Tree_iterator@V?$_Tree_val@U?$_Tree_simple_types@U?$pair@$$CBV?$basic_string@DU?$char_traits@D@std@@V?$allocator@D@2@@std@@E@std@@@std@@@std@@@2@V?$_Tree_const_iterator@V?$_Tree_val@U?$_Tree_simple_types@U?$pair@$$CBV?$basic_string@DU?$char_traits@D@std@@V?$allocator@D@2@@std@@E@std@@@std@@@std@@@2@0@Z 0040d030 f i logger.obj
 0001:0000c120       ?erase@?$_Tree@V?$_Tmap_traits@V?$basic_string@DU?$char_traits@D@std@@V?$allocator@D@2@@std@@EU?$less@V?$basic_string@DU?$char_traits@D@std@@V?$allocator@D@2@@std@@@2@V?$allocator@U?$pair@$$CBV?$basic_string@DU?$char_traits@D@std@@V?$allocator@D@2@@std@@E@std@@@2@$0A@@std@@@std@@QAE?AV?$_Tree_iterator@V?$_Tree_val@U?$_Tree_simple_types@U?$pair@$$CBV?$basic_string@DU?$char_traits@D@std@@V?$allocator@D@2@@std@@E@std@@@std@@@std@@@2@V?$_Tree_const_iterator@V?$_Tree_val@U?$_Tree_simple_types@U?$pair@$$CBV?$basic_string@DU?$char_traits@D@std@@V?$allocator@D@2@@std@@E@std@@@std@@@std@@@2@@Z 0040d120 f i logger.obj
 0001:0000c570       ?_Erase@?$_Tree@V?$_Tmap_traits@V?$basic_string@DU?$char_traits@D@std@@V?$allocator@D@2@@std@@EU?$less@V?$basic_string@DU?$char_traits@D@std@@V?$allocator@D@2@@std@@@2@V?$allocator@U?$pair@$$CBV?$basic_string@DU?$char_traits@D@std@@V?$allocator@D@2@@std@@E@std@@@2@$0A@@std@@@std@@IAEXPAU?$_Tree_node@U?$pair@$$CBV?$basic_string@DU?$char_traits@D@std@@V?$allocator@D@2@@std@@E@std@@PAX@2@@Z 0040d570 f i logger.obj
 0001:0000c5f0       ?_Buynode0@?$_List_alloc@U?$_List_base_types@PAVErrorMessenger@Logger@xten@@V?$allocator@PAVErrorMessenger@Logger@xten@@@std@@@std@@@std@@QAEPAU?$_List_node@PAVErrorMessenger@Logger@xten@@PAX@2@PAU32@0@Z 0040d5f0 f i logger.obj
 0001:0000c620       ?_Buyheadnode@?$_Tree_comp_alloc@V?$_Tmap_traits@V?$basic_string@DU?$char_traits@D@std@@V?$allocator@D@2@@std@@EU?$less@V?$basic_string@DU?$char_traits@D@std@@V?$allocator@D@2@@std@@@2@V?$allocator@U?$pair@$$CBV?$basic_string@DU?$char_traits@D@std@@V?$allocator@D@2@@std@@E@std@@@2@$0A@@std@@@std@@QAEPAU?$_Tree_node@U?$pair@$$CBV?$basic_string@DU?$char_traits@D@std@@V?$allocator@D@2@@std@@E@std@@PAX@2@XZ 0040d620 f i logger.obj
 0001:0000c650       ??$make_pair@ABV?$basic_string@DU?$char_traits@D@std@@V?$allocator@D@2@@std@@AAE@std@@YA?AU?$pair@V?$basic_string@DU?$char_traits@D@std@@V?$allocator@D@2@@std@@E@0@ABV?$basic_string@DU?$char_traits@D@std@@V?$allocator@D@2@@0@AAE@Z 0040d650 f i logger.obj
 0001:0000c690       ??$_Lbound@V?$basic_string@DU?$char_traits@D@std@@V?$allocator@D@2@@std@@@?$_Tree@V?$_Tmap_traits@V?$basic_string@DU?$char_traits@D@std@@V?$allocator@D@2@@std@@EU?$less@V?$basic_string@DU?$char_traits@D@std@@V?$allocator@D@2@@std@@@2@V?$allocator@U?$pair@$$CBV?$basic_string@DU?$char_traits@D@std@@V?$allocator@D@2@@std@@E@std@@@2@$0A@@std@@@std@@IBEPAU?$_Tree_node@U?$pair@$$CBV?$basic_string@DU?$char_traits@D@std@@V?$allocator@D@2@@std@@E@std@@PAX@1@ABV?$basic_string@DU?$char_traits@D@std@@V?$allocator@D@2@@1@@Z 0040d690 f i logger.obj
 0001:0000c6f0       ??$_Eqrange@V?$basic_string@DU?$char_traits@D@std@@V?$allocator@D@2@@std@@@?$_Tree@V?$_Tmap_traits@V?$basic_string@DU?$char_traits@D@std@@V?$allocator@D@2@@std@@EU?$less@V?$basic_string@DU?$char_traits@D@std@@V?$allocator@D@2@@std@@@2@V?$allocator@U?$pair@$$CBV?$basic_string@DU?$char_traits@D@std@@V?$allocator@D@2@@std@@E@std@@@2@$0A@@std@@@std@@IBE?AU?$pair@V?$_Tree_const_iterator@V?$_Tree_val@U?$_Tree_simple_types@U?$pair@$$CBV?$basic_string@DU?$char_traits@D@std@@V?$allocator@D@2@@std@@E@std@@@std@@@std@@@std@@V12@@1@ABV?$basic_string@DU?$char_traits@D@std@@V?$allocator@D@2@@1@@Z 0040d6f0 f i logger.obj
 0001:0000c810       ??$_Distance2@V?$_Tree_iterator@V?$_Tree_val@U?$_Tree_simple_types@U?$pair@$$CBV?$basic_string@DU?$char_traits@D@std@@V?$allocator@D@2@@std@@E@std@@@std@@@std@@@std@@I@std@@YAXV?$_Tree_iterator@V?$_Tree_val@U?$_Tree_simple_types@U?$pair@$$CBV?$basic_string@DU?$char_traits@D@std@@V?$allocator@D@2@@std@@E@std@@@std@@@std@@@0@0AAIUbidirectional_iterator_tag@0@@Z 0040d810 f i logger.obj
 0001:0000c880       ??$_Buynode@U?$pair@V?$basic_string@DU?$char_traits@D@std@@V?$allocator@D@2@@std@@E@std@@@?$_Tree_comp_alloc@V?$_Tmap_traits@V?$basic_string@DU?$char_traits@D@std@@V?$allocator@D@2@@std@@EU?$less@V?$basic_string@DU?$char_traits@D@std@@V?$allocator@D@2@@std@@@2@V?$allocator@U?$pair@$$CBV?$basic_string@DU?$char_traits@D@std@@V?$allocator@D@2@@std@@E@std@@@2@$0A@@std@@@std@@QAEPAU?$_Tree_node@U?$pair@$$CBV?$basic_string@DU?$char_traits@D@std@@V?$allocator@D@2@@std@@E@std@@PAX@1@$$QAU?$pair@V?$basic_string@DU?$char_traits@D@std@@V?$allocator@D@2@@std@@E@1@@Z 0040d880 f i logger.obj
 0001:0000c8c0       ??$_Insert_nohint@AAU?$pair@$$CBV?$basic_string@DU?$char_traits@D@std@@V?$allocator@D@2@@std@@E@std@@PAU?$_Tree_node@U?$pair@$$CBV?$basic_string@DU?$char_traits@D@std@@V?$allocator@D@2@@std@@E@std@@PAX@2@@?$_Tree@V?$_Tmap_traits@V?$basic_string@DU?$char_traits@D@std@@V?$allocator@D@2@@std@@EU?$less@V?$basic_string@DU?$char_traits@D@std@@V?$allocator@D@2@@std@@@2@V?$allocator@U?$pair@$$CBV?$basic_string@DU?$char_traits@D@std@@V?$allocator@D@2@@std@@E@std@@@2@$0A@@std@@@std@@IAE?AU?$pair@V?$_Tree_iterator@V?$_Tree_val@U?$_Tree_simple_types@U?$pair@$$CBV?$basic_string@DU?$char_traits@D@std@@V?$allocator@D@2@@std@@E@std@@@std@@@std@@@std@@_N@1@_NAAU?$pair@$$CBV?$basic_string@DU?$char_traits@D@std@@V?$allocator@D@2@@std@@E@1@PAU?$_Tree_node@U?$pair@$$CBV?$basic_string@DU?$char_traits@D@std@@V?$allocator@D@2@@std@@E@std@@PAX@1@@Z 0040d8c0 f i logger.obj
 0001:0000ca70       ?_Buynode0@?$_Tree_comp_alloc@V?$_Tmap_traits@V?$basic_string@DU?$char_traits@D@std@@V?$allocator@D@2@@std@@EU?$less@V?$basic_string@DU?$char_traits@D@std@@V?$allocator@D@2@@std@@@2@V?$allocator@U?$pair@$$CBV?$basic_string@DU?$char_traits@D@std@@V?$allocator@D@2@@std@@E@std@@@2@$0A@@std@@@std@@QAEPAU?$_Tree_node@U?$pair@$$CBV?$basic_string@DU?$char_traits@D@std@@V?$allocator@D@2@@std@@E@std@@PAX@2@XZ 0040da70 f i logger.obj
 0001:0000cab0       ?_Destroy_if_not_nil@?$_Tree@V?$_Tmap_traits@V?$basic_string@DU?$char_traits@D@std@@V?$allocator@D@2@@std@@EU?$less@V?$basic_string@DU?$char_traits@D@std@@V?$allocator@D@2@@std@@@2@V?$allocator@U?$pair@$$CBV?$basic_string@DU?$char_traits@D@std@@V?$allocator@D@2@@std@@E@std@@@2@$0A@@std@@@std@@IAEXPAU?$_Tree_node@U?$pair@$$CBV?$basic_string@DU?$char_traits@D@std@@V?$allocator@D@2@@std@@E@std@@PAX@2@@Z 0040dab0 f i logger.obj
 0001:0000cb00       ??F?$_Tree_unchecked_const_iterator@V?$_Tree_val@U?$_Tree_simple_types@U?$pair@$$CBV?$basic_string@DU?$char_traits@D@std@@V?$allocator@D@2@@std@@E@std@@@std@@@std@@U_Iterator_base0@2@@std@@QAEAAV01@XZ 0040db00 f i logger.obj
 0001:0000cb60       ??$_Insert_at@AAU?$pair@$$CBV?$basic_string@DU?$char_traits@D@std@@V?$allocator@D@2@@std@@E@std@@PAU?$_Tree_node@U?$pair@$$CBV?$basic_string@DU?$char_traits@D@std@@V?$allocator@D@2@@std@@E@std@@PAX@2@@?$_Tree@V?$_Tmap_traits@V?$basic_string@DU?$char_traits@D@std@@V?$allocator@D@2@@std@@EU?$less@V?$basic_string@DU?$char_traits@D@std@@V?$allocator@D@2@@std@@@2@V?$allocator@U?$pair@$$CBV?$basic_string@DU?$char_traits@D@std@@V?$allocator@D@2@@std@@E@std@@@2@$0A@@std@@@std@@IAE?AV?$_Tree_iterator@V?$_Tree_val@U?$_Tree_simple_types@U?$pair@$$CBV?$basic_string@DU?$char_traits@D@std@@V?$allocator@D@2@@std@@E@std@@@std@@@std@@@1@_NPAU?$_Tree_node@U?$pair@$$CBV?$basic_string@DU?$char_traits@D@std@@V?$allocator@D@2@@std@@E@std@@PAX@1@AAU?$pair@$$CBV?$basic_string@DU?$char_traits@D@std@@V?$allocator@D@2@@std@@E@1@1@Z 0040db60 f i logger.obj
 0001:0000cda0       ?print@MemInfo@xten@@QAEXXZ 0040dda0 f   memorymanager.obj
 0001:0000cf40       ?fromByte@MemInfo@xten@@QAE?AV?$basic_string@DU?$char_traits@D@std@@V?$allocator@D@2@@std@@AB_J@Z 0040df40 f   memorymanager.obj
 0001:0000d060       ??0exception@std@@QAE@ABV01@@Z 0040e060 f i filestream.obj
 0001:0000d090       __vsprintf_p_l             0040e090 f i string.obj
 0001:0000d0c0       __sprintf_p                0040e0c0 f i string.obj
 0001:0000d0e0       ?ToStr@xten@@YA?AV?$basic_string@DU?$char_traits@D@std@@V?$allocator@D@2@@std@@M@Z 0040e0e0 f   string.obj
 0001:0000d1d0       __glfwChooseFBConfig       0040e1d0 f   glfw3:context.c.obj
 0001:0000d3a0       __glfwIsValidContextConfig 0040e3a0 f   glfw3:context.c.obj
 0001:0000d580       __glfwRefreshContextAttribs 0040e580 f   glfw3:context.c.obj
 0001:0000d8a0       __glfwStringInExtensionString 0040e8a0 f   glfw3:context.c.obj
 0001:0000d910       _glfwExtensionSupported    0040e910 f   glfw3:context.c.obj
 0001:0000da30       _glfwGetProcAddress        0040ea30 f   glfw3:context.c.obj
 0001:0000da70       _glfwMakeContextCurrent    0040ea70 f   glfw3:context.c.obj
 0001:0000daf0       _glfwSwapBuffers           0040eaf0 f   glfw3:context.c.obj
 0001:0000db40       _glfwSwapInterval          0040eb40 f   glfw3:context.c.obj
 0001:0000dcb0       _sscanf                    0040ecb0 f i glfw3:context.c.obj
 0001:0000dce0       __glfwInputFramebufferSize 0040ece0 f   glfw3:window.c.obj
 0001:0000dd00       __glfwInputWindowCloseRequest 0040ed00 f   glfw3:window.c.obj
 0001:0000dd20       __glfwInputWindowDamage    0040ed20 f   glfw3:window.c.obj
 0001:0000dd40       __glfwInputWindowFocus     0040ed40 f   glfw3:window.c.obj
 0001:0000ddc0       __glfwInputWindowIconify   0040edc0 f   glfw3:window.c.obj
 0001:0000dde0       __glfwInputWindowMonitorChange 0040ede0 f   glfw3:window.c.obj
 0001:0000ddf0       __glfwInputWindowPos       0040edf0 f   glfw3:window.c.obj
 0001:0000de10       __glfwInputWindowSize      0040ee10 f   glfw3:window.c.obj
 0001:0000de30       _glfwCreateWindow          0040ee30 f   glfw3:window.c.obj
 0001:0000e110       _glfwDefaultWindowHints    0040f110 f   glfw3:window.c.obj
 0001:0000e1a0       _glfwDestroyWindow         0040f1a0 f   glfw3:window.c.obj
 0001:0000e220       _glfwGetFramebufferSize    0040f220 f   glfw3:window.c.obj
 0001:0000e270       _glfwGetWindowUserPointer  0040f270 f   glfw3:window.c.obj
 0001:0000e2a0       _glfwPollEvents            0040f2a0 f   glfw3:window.c.obj
 0001:0000e2c0       _glfwSetFramebufferSizeCallback 0040f2c0 f   glfw3:window.c.obj
 0001:0000e2f0       _glfwSetWindowUserPointer  0040f2f0 f   glfw3:window.c.obj
 0001:0000e320       _glfwWindowHint            0040f320 f   glfw3:window.c.obj
 0001:0000e5d0       _glfwWindowShouldClose     0040f5d0 f   glfw3:window.c.obj
 0001:0000e600       __glfwInputError           0040f600 f   glfw3:init.c.obj
 0001:0000e740       _glfwGetVersion            0040f740 f   glfw3:init.c.obj
 0001:0000e770       _glfwInit                  0040f770 f   glfw3:init.c.obj
 0001:0000e7e0       _glfwSetErrorCallback      0040f7e0 f   glfw3:init.c.obj
 0001:0000e7f0       _glfwTerminate             0040f7f0 f   glfw3:init.c.obj
 0001:0000e8d0       __glfwInputChar            0040f8d0 f   glfw3:input.c.obj
 0001:0000e920       __glfwInputCursorEnter     0040f920 f   glfw3:input.c.obj
 0001:0000e940       __glfwInputCursorPos       0040f940 f   glfw3:input.c.obj
 0001:0000e9b0       __glfwInputDrop            0040f9b0 f   glfw3:input.c.obj
 0001:0000e9d0       __glfwInputJoystickChange  0040f9d0 f   glfw3:input.c.obj
 0001:0000e9e0       __glfwInputKey             0040f9e0 f   glfw3:input.c.obj
 0001:0000ea50       __glfwInputMouseClick      0040fa50 f   glfw3:input.c.obj
 0001:0000ea90       __glfwInputScroll          0040fa90 f   glfw3:input.c.obj
 0001:0000eac0       _glfwDestroyCursor         0040fac0 f   glfw3:input.c.obj
 0001:0000eb60       _glfwSetCursorPosCallback  0040fb60 f   glfw3:input.c.obj
 0001:0000eb90       _glfwSetKeyCallback        0040fb90 f   glfw3:input.c.obj
 0001:0000ebc0       _glfwSetMouseButtonCallback 0040fbc0 f   glfw3:input.c.obj
 0001:0000ebf0       _glfwSetScrollCallback     0040fbf0 f   glfw3:input.c.obj
 0001:0000ec20       __glfwAllocMonitor         0040fc20 f   glfw3:monitor.c.obj
 0001:0000ec60       __glfwChooseVideoMode      0040fc60 f   glfw3:monitor.c.obj
 0001:0000edb0       __glfwCompareVideoModes    0040fdb0 f   glfw3:monitor.c.obj
 0001:0000ee00       __glfwFreeMonitors         0040fe00 f   glfw3:monitor.c.obj
 0001:0000ee80       __glfwInputMonitorChange   0040fe80 f   glfw3:monitor.c.obj
 0001:0000f0a0       __glfwInputMonitorWindowChange 004100a0 f   glfw3:monitor.c.obj
 0001:0000f0b0       __glfwSplitBPP             004100b0 f   glfw3:monitor.c.obj
 0001:0000f100       _glfwGetPrimaryMonitor     00410100 f   glfw3:monitor.c.obj
 0001:0000f190       __glfwInitThreadLocalStorageWin32 00410190 f   glfw3:win32_tls.c.obj
 0001:0000f1d0       __glfwPlatformGetCurrentContext 004101d0 f   glfw3:win32_tls.c.obj
 0001:0000f1e0       __glfwPlatformSetCurrentContext 004101e0 f   glfw3:win32_tls.c.obj
 0001:0000f200       __glfwTerminateThreadLocalStorageWin32 00410200 f   glfw3:win32_tls.c.obj
 0001:0000f220       __glfwPlatformCreateWindow 00410220 f   glfw3:win32_window.c.obj
 0001:0000f320       __glfwPlatformDestroyCursor 00410320 f   glfw3:win32_window.c.obj
 0001:0000f340       __glfwPlatformDestroyWindow 00410340 f   glfw3:win32_window.c.obj
 0001:0000f3e0       __glfwPlatformFocusWindow  004103e0 f   glfw3:win32_window.c.obj
 0001:0000f410       __glfwPlatformGetRequiredInstanceExtensions 00410410 f   glfw3:win32_window.c.obj
 0001:0000f460       __glfwPlatformGetFramebufferSize 00410460 f   glfw3:win32_window.c.obj
 0001:0000f460       __glfwPlatformGetWindowSize 00410460 f   glfw3:win32_window.c.obj
 0001:0000f4c0       __glfwPlatformIconifyWindow 004104c0 f   glfw3:win32_window.c.obj
 0001:0000f4e0       __glfwPlatformPollEvents   004104e0 f   glfw3:win32_window.c.obj
 0001:0000f670       __glfwPlatformSetCursor    00410670 f   glfw3:win32_window.c.obj
 0001:0000f6c0       __glfwPlatformSetCursorMode 004106c0 f   glfw3:win32_window.c.obj
 0001:0000f800       __glfwPlatformSetCursorPos 00410800 f   glfw3:win32_window.c.obj
 0001:0000f850       __glfwPlatformSetWindowMonitor 00410850 f   glfw3:win32_window.c.obj
 0001:0000fb00       __glfwPlatformShowWindow   00410b00 f   glfw3:win32_window.c.obj
 0001:0000fb20       __glfwRegisterWindowClassWin32 00410b20 f   glfw3:win32_window.c.obj
 0001:0000fbe0       __glfwUnregisterWindowClassWin32 00410be0 f   glfw3:win32_window.c.obj
 0001:00010f20       __glfwCreateUTF8FromWideStringWin32 00411f20 f   glfw3:win32_init.c.obj
 0001:00010f90       __glfwCreateWideStringFromUTF8Win32 00411f90 f   glfw3:win32_init.c.obj
 0001:00011000       __glfwPlatformInit         00412000 f   glfw3:win32_init.c.obj
 0001:000110a0       __glfwPlatformTerminate    004120a0 f   glfw3:win32_init.c.obj
 0001:00011650       __glfwPlatformGetMonitorPos 00412650 f   glfw3:win32_monitor.c.obj
 0001:000116e0       __glfwPlatformGetMonitors  004126e0 f   glfw3:win32_monitor.c.obj
 0001:00011960       __glfwPlatformGetVideoMode 00412960 f   glfw3:win32_monitor.c.obj
 0001:00011a10       __glfwPlatformGetVideoModes 00412a10 f   glfw3:win32_monitor.c.obj
 0001:00011c60       __glfwPlatformIsSameMonitor 00412c60 f   glfw3:win32_monitor.c.obj
 0001:00011d10       __glfwPlatformSetGammaRamp 00412d10 f   glfw3:win32_monitor.c.obj
 0001:00011de0       __glfwRestoreVideoModeWin32 00412de0 f   glfw3:win32_monitor.c.obj
 0001:00011e10       __glfwSetVideoModeWin32    00412e10 f   glfw3:win32_monitor.c.obj
 0001:00012050       __glfwInitTimerWin32       00413050 f   glfw3:win32_time.c.obj
 0001:000120b0       __glfwPlatformGetTimerValue 004130b0 f   glfw3:win32_time.c.obj
 0001:000120e0       __glfwGetVulkanResultString 004130e0 f   glfw3:vulkan.c.obj
 0001:00012200       __glfwInitVulkan           00413200 f   glfw3:vulkan.c.obj
 0001:00012500       __glfwTerminateVulkan      00413500 f   glfw3:vulkan.c.obj
 0001:00012550       __glfwDetectJoystickConnectionWin32 00413550 f   glfw3:win32_joystick.c.obj
 0001:000125b0       __glfwDetectJoystickDisconnectionWin32 004135b0 f   glfw3:win32_joystick.c.obj
 0001:00012670       __glfwInitJoysticksWin32   00413670 f   glfw3:win32_joystick.c.obj
 0001:000126c0       __glfwTerminateJoysticksWin32 004136c0 f   glfw3:win32_joystick.c.obj
 0001:000130a0       __glfwAnalyzeContextWGL    004140a0 f   glfw3:wgl_context.c.obj
 0001:000131d0       __glfwCreateContextWGL     004141d0 f   glfw3:wgl_context.c.obj
 0001:000134d0       __glfwInitWGL              004144d0 f   glfw3:wgl_context.c.obj
 0001:00013560       __glfwTerminateWGL         00414560 f   glfw3:wgl_context.c.obj
 0001:00013d10       __glfwCreateContextEGL     00414d10 f   glfw3:egl_context.c.obj
 0001:00014150       __glfwInitEGL              00415150 f   glfw3:egl_context.c.obj
 0001:00014430       __glfwTerminateEGL         00415430 f   glfw3:egl_context.c.obj
 0001:00027ed0       _glewGetErrorString@4      00428ed0 f   glew32s:glew.obj
 0001:00027ef0       _glewInit@0                00428ef0 f   glew32s:glew.obj
 0001:00027f10       _wglewInit@0               00428f10 f   glew32s:glew.obj
 0001:0002875c       ??1_Fac_node@std@@QAE@XZ   0042975c f i msvcprt:locale0_implib.obj
 0001:000287bb       ??1_Fac_tidy_reg_t@std@@QAE@XZ 004297bb f i msvcprt:locale0_implib.obj
 0001:000287e2       @__security_check_cookie@4 004297e2 f   MSVCRT:_secchk_.obj
 0001:000287f3       ??2@YAPAXI@Z               004297f3 f   MSVCRT:new_scalar.obj
 0001:00028826       ??_M@YGXPAXIIP6EX0@Z@Z     00429826 f   MSVCRT:ehvecdtr.obj
 0001:000288a0       ?__ArrayUnwind@@YGXPAXIIP6EX0@Z@Z 004298a0 f   MSVCRT:ehvecdtr.obj
 0001:0002890d       ??3@YAXPAX@Z               0042990d f   MSVCRT:delete_scalar.obj
 0001:00028912       ??3@YAXPAXI@Z              00429912 f   MSVCRT:delete_scalar_size.obj
 0001:00028920       ??_Etype_info@@UAEPAXI@Z   00429920 f i MSVCRT:std_type_info_static.obj
 0001:00028920       ??_Gtype_info@@UAEPAXI@Z   00429920 f i MSVCRT:std_type_info_static.obj
 0001:00028943       ??_L@YGXPAXIIP6EX0@Z1@Z    00429943 f   MSVCRT:ehvecctr.obj
 0001:000289ac       ??_V@YAXPAX@Z              004299ac f   MSVCRT:delete_array.obj
 0001:000289b1       ??_U@YAPAXI@Z              004299b1 f   MSVCRT:new_array.obj
 0001:00028a7a       ??$__crt_fast_encode_pointer@P6GXPAU_RTL_CONDITION_VARIABLE@@@Z@@YAP6GXPAU_RTL_CONDITION_VARIABLE@@@ZQ6GX0@Z@Z 00429a7a f i MSVCRT:thread_safe_statics.obj
 0001:00028a7a       ??$__crt_fast_encode_pointer@P6GHPAU_RTL_CONDITION_VARIABLE@@PAU_RTL_CRITICAL_SECTION@@K@Z@@YAP6GHPAU_RTL_CONDITION_VARIABLE@@PAU_RTL_CRITICAL_SECTION@@K@ZQ6GH01K@Z@Z 00429a7a f i MSVCRT:thread_safe_statics.obj
 0001:00028ab3       __Init_thread_footer       00429ab3 f   MSVCRT:thread_safe_statics.obj
 0001:00028af2       __Init_thread_header       00429af2 f   MSVCRT:thread_safe_statics.obj
 0001:00028b38       __Init_thread_lock         00429b38 f   MSVCRT:thread_safe_statics.obj
 0001:00028b44       __Init_thread_notify       00429b44 f   MSVCRT:thread_safe_statics.obj
 0001:00028b85       __Init_thread_unlock       00429b85 f   MSVCRT:thread_safe_statics.obj
 0001:00028b91       __Init_thread_wait         00429b91 f   MSVCRT:thread_safe_statics.obj
 0001:00028c3a       ___scrt_acquire_startup_lock 00429c3a f   MSVCRT:utility.obj
 0001:00028c6f       ___scrt_initialize_crt     00429c6f f   MSVCRT:utility.obj
 0001:00028ca8       ___scrt_initialize_onexit_tables 00429ca8 f   MSVCRT:utility.obj
 0001:00028d3f       ___scrt_is_nonwritable_in_current_image 00429d3f f   MSVCRT:utility.obj
 0001:00028dcc       ___scrt_release_startup_lock 00429dcc f   MSVCRT:utility.obj
 0001:00028de9       ___scrt_uninitialize_crt   00429de9 f   MSVCRT:utility.obj
 0001:00028e11       __onexit                   00429e11 f   MSVCRT:utility.obj
 0001:00028e4c       _atexit                    00429e4c f   MSVCRT:utility.obj
 0001:0002909b       _mainCRTStartup            0042a09b f   MSVCRT:exe_main.obj
 0001:000290a5       ___raise_securityfailure   0042a0a5 f   MSVCRT:gs_report.obj
 0001:000290cd       ___report_gsfailure        0042a0cd f   MSVCRT:gs_report.obj
 0001:000291d0       __alloca_probe             0042a1d0 f   MSVCRT:chkstk.obj
 0001:000291d0       __chkstk                   0042a1d0 f   MSVCRT:chkstk.obj
 0001:00029200       __ftoui3                   0042a200 f   MSVCRT:_ftol3_.obj
 0001:0002920f       __ftoul3                   0042a20f f   MSVCRT:_ftol3_.obj
 0001:0002921e       __ftol3                    0042a21e f   MSVCRT:_ftol3_.obj
 0001:0002922b       __ftol3_NaN                0042a22b f   MSVCRT:_ftol3_.obj
 0001:00029243       __ftol3_work               0042a243 f   MSVCRT:_ftol3_.obj
 0001:000292c9       __ftol3_common             0042a2c9 f   MSVCRT:_ftol3_.obj
 0001:0002938b       __ftol3_arg_error          0042a38b f   MSVCRT:_ftol3_.obj
 0001:0002939d       __ftol3_except             0042a39d f   MSVCRT:_ftol3_.obj
 0001:000293e1       __dtoui3                   0042a3e1 f   MSVCRT:_ftol3_.obj
 0001:000293f0       __dtoul3                   0042a3f0 f   MSVCRT:_ftol3_.obj
 0001:000293ff       __dtol3                    0042a3ff f   MSVCRT:_ftol3_.obj
 0001:0002940c       __dtol3_NaN                0042a40c f   MSVCRT:_ftol3_.obj
 0001:00029429       __dtol3_work               0042a429 f   MSVCRT:_ftol3_.obj
 0001:00029510       __ultod3                   0042a510 f   MSVCRT:_ftol3_.obj
 0001:00029550       __ltod3                    0042a550 f   MSVCRT:_ftol3_.obj
 0001:00029577       @_guard_check_icall@4      0042a577 f i MSVCRT:checkcfg.obj
 0001:0002957d       ??0bad_alloc@std@@QAE@ABV01@@Z 0042a57d f i MSVCRT:throw_bad_alloc.obj
 0001:00029598       ??0bad_alloc@std@@QAE@XZ   0042a598 f i MSVCRT:throw_bad_alloc.obj
 0001:000295b0       ??0bad_array_new_length@std@@QAE@ABV01@@Z 0042a5b0 f i MSVCRT:throw_bad_alloc.obj
 0001:000295cb       ??0bad_array_new_length@std@@QAE@XZ 0042a5cb f i MSVCRT:throw_bad_alloc.obj
 0001:000295e3       ??1bad_alloc@std@@UAE@XZ   0042a5e3 f i MSVCRT:throw_bad_alloc.obj
 0001:000295e3       ??1bad_array_new_length@std@@UAE@XZ 0042a5e3 f i MSVCRT:throw_bad_alloc.obj
 0001:000295f4       ??_Gbad_array_new_length@std@@UAEPAXI@Z 0042a5f4 f i MSVCRT:throw_bad_alloc.obj
 0001:000295f4       ??_Gbad_alloc@std@@UAEPAXI@Z 0042a5f4 f i MSVCRT:throw_bad_alloc.obj
 0001:000295f4       ??_Ebad_alloc@std@@UAEPAXI@Z 0042a5f4 f i MSVCRT:throw_bad_alloc.obj
 0001:000295f4       ??_Ebad_array_new_length@std@@UAEPAXI@Z 0042a5f4 f i MSVCRT:throw_bad_alloc.obj
 0001:00029621       ?__scrt_throw_std_bad_alloc@@YAXXZ 0042a621 f   MSVCRT:throw_bad_alloc.obj
 0001:0002963e       ?__scrt_throw_std_bad_array_new_length@@YAXXZ 0042a63e f   MSVCRT:throw_bad_alloc.obj
 0001:00029660       __SEH_prolog4              0042a660 f   MSVCRT:_sehprolg4_.obj
 0001:000296a6       __SEH_epilog4              0042a6a6 f   MSVCRT:_sehprolg4_.obj
 0001:000296bb       __except_handler4          0042a6bb f   MSVCRT:_chandler4gs_.obj
 0001:000296de       ___scrt_fastfail           0042a6de f   MSVCRT:utility_desktop.obj
 0001:000297f9       ___scrt_is_managed_app     0042a7f9 f   MSVCRT:utility_desktop.obj
 0001:0002983d       ___scrt_set_unhandled_exception_filter 0042a83d f   MSVCRT:utility_desktop.obj
 0001:00029849       ___scrt_unhandled_exception_filter@4 0042a849 f   MSVCRT:utility_desktop.obj
 0001:0002988a       ___isa_available_init      0042a88a f   MSVCRT:_cpu_disp_.obj
 0001:00029a2b       __get_startup_argv_mode    0042aa2b f   MSVCRT:argv_mode.obj
 0001:00029a2f       ___scrt_is_ucrt_dll_in_use 0042aa2f f   MSVCRT:ucrt_detection.obj
 0001:00029a3b       ___security_init_cookie    0042aa3b f   MSVCRT:gs_support.obj
 0001:00029ad7       __get_startup_file_mode    0042aad7 f   MSVCRT:file_mode.obj
 0001:00029add       ?__scrt_initialize_type_info@@YAXXZ 0042aadd f   MSVCRT:tncleanup.obj
 0001:00029ae9       __initialize_default_precision 0042aae9 f   MSVCRT:default_precision.obj
 0001:00029b0a       ___scrt_initialize_default_local_stdio_options 0042ab0a f   MSVCRT:default_local_stdio_options.obj
 0001:00029b27       ___scrt_is_user_matherr_present 0042ab27 f   MSVCRT:matherr_detection.obj
 0001:00029b33       ___scrt_get_dyn_tls_init_callback 0042ab33 f   MSVCRT:dyn_tls_init.obj
 0001:00029b39       ___scrt_get_dyn_tls_dtor_callback 0042ab39 f   MSVCRT:dyn_tls_dtor.obj
 0001:00029b3f       __RTC_Initialize           0042ab3f f   MSVCRT:_initsect_.obj
 0001:00029b6a       __RTC_Terminate            0042ab6a f   MSVCRT:_initsect_.obj
 0001:00029b96       __purecall                 0042ab96 f   vcruntime:VCRUNTIME140.dll
 0001:00029b9c       ___std_exception_destroy   0042ab9c f   vcruntime:VCRUNTIME140.dll
 0001:00029ba2       _memset                    0042aba2 f   vcruntime:VCRUNTIME140.dll
 0001:00029ba8       _memcpy                    0042aba8 f   vcruntime:VCRUNTIME140.dll
 0001:00029bae       ___CxxFrameHandler3        0042abae f   vcruntime:VCRUNTIME140.dll
 0001:00029bb4       ___vcrt_InitializeCriticalSectionEx 0042abb4 f   vcruntime:VCRUNTIME140.dll
 0001:00029bba       ___telemetry_main_invoke_trigger 0042abba f   vcruntime:VCRUNTIME140.dll
 0001:00029bc0       ___telemetry_main_return_trigger 0042abc0 f   vcruntime:VCRUNTIME140.dll
 0001:00029bc6       __CxxThrowException@8      0042abc6 f   vcruntime:VCRUNTIME140.dll
 0001:00029bcc       __except_handler4_common   0042abcc f   vcruntime:VCRUNTIME140.dll
 0001:00029bd2       _free                      0042abd2 f   ucrt:api-ms-win-crt-heap-l1-1-0.dll
 0001:00029bd8       _malloc                    0042abd8 f   ucrt:api-ms-win-crt-heap-l1-1-0.dll
 0001:00029bde       __callnewh                 0042abde f   ucrt:api-ms-win-crt-heap-l1-1-0.dll
 0001:00029be4       _terminate                 0042abe4 f   ucrt:api-ms-win-crt-runtime-l1-1-0.dll
 0001:00029bea       __configure_narrow_argv    0042abea f   ucrt:api-ms-win-crt-runtime-l1-1-0.dll
 0001:00029bf0       __initialize_narrow_environment 0042abf0 f   ucrt:api-ms-win-crt-runtime-l1-1-0.dll
 0001:00029bf6       __initialize_onexit_table  0042abf6 f   ucrt:api-ms-win-crt-runtime-l1-1-0.dll
 0001:00029bfc       __register_onexit_function 0042abfc f   ucrt:api-ms-win-crt-runtime-l1-1-0.dll
 0001:00029c02       __crt_atexit               0042ac02 f   ucrt:api-ms-win-crt-runtime-l1-1-0.dll
 0001:00029c08       __cexit                    0042ac08 f   ucrt:api-ms-win-crt-runtime-l1-1-0.dll
 0001:00029c0e       __seh_filter_exe           0042ac0e f   ucrt:api-ms-win-crt-runtime-l1-1-0.dll
 0001:00029c14       __set_app_type             0042ac14 f   ucrt:api-ms-win-crt-runtime-l1-1-0.dll
 0001:00029c1a       ___setusermatherr          0042ac1a f   ucrt:api-ms-win-crt-math-l1-1-0.dll
 0001:00029c20       __get_initial_narrow_environment 0042ac20 f   ucrt:api-ms-win-crt-runtime-l1-1-0.dll
 0001:00029c26       __initterm                 0042ac26 f   ucrt:api-ms-win-crt-runtime-l1-1-0.dll
 0001:00029c2c       __initterm_e               0042ac2c f   ucrt:api-ms-win-crt-runtime-l1-1-0.dll
 0001:00029c32       _exit                      0042ac32 f   ucrt:api-ms-win-crt-runtime-l1-1-0.dll
 0001:00029c38       __exit                     0042ac38 f   ucrt:api-ms-win-crt-runtime-l1-1-0.dll
 0001:00029c3e       __set_fmode                0042ac3e f   ucrt:api-ms-win-crt-stdio-l1-1-0.dll
 0001:00029c44       ___p___argc                0042ac44 f   ucrt:api-ms-win-crt-runtime-l1-1-0.dll
 0001:00029c4a       ___p___argv                0042ac4a f   ucrt:api-ms-win-crt-runtime-l1-1-0.dll
 0001:00029c50       __c_exit                   0042ac50 f   ucrt:api-ms-win-crt-runtime-l1-1-0.dll
 0001:00029c56       __register_thread_local_exe_atexit_callback 0042ac56 f   ucrt:api-ms-win-crt-runtime-l1-1-0.dll
 0001:00029c5c       __configthreadlocale       0042ac5c f   ucrt:api-ms-win-crt-locale-l1-1-0.dll
 0001:00029c62       __set_new_mode             0042ac62 f   ucrt:api-ms-win-crt-heap-l1-1-0.dll
 0001:00029c68       ___p__commode              0042ac68 f   ucrt:api-ms-win-crt-stdio-l1-1-0.dll
 0001:00029c6e       __except1                  0042ac6e f   ucrt:api-ms-win-crt-math-l1-1-0.dll
 0001:00029c74       __controlfp_s              0042ac74 f   ucrt:api-ms-win-crt-runtime-l1-1-0.dll
 0001:00029c7a       _IsProcessorFeaturePresent@4 0042ac7a f   kernel32:KERNEL32.dll
 0001:00029c80       __should_initialize_environment 0042ac80 f   MSVCRT:env_mode.obj
 0001:00029c80       ___vcrt_uninitialize       0042ac80 f   MSVCRT:ucrt_stubs.obj
 0001:00029c80       ___scrt_stub_for_acrt_initialize 0042ac80 f   MSVCRT:ucrt_stubs.obj
 0001:00029c80       ___vcrt_initialize         0042ac80 f   MSVCRT:ucrt_stubs.obj
 0001:00029c80       ___acrt_initialize         0042ac80 f   MSVCRT:ucrt_stubs.obj
 0001:00029c80       ___scrt_stub_for_acrt_uninitialize 0042ac80 f   MSVCRT:ucrt_stubs.obj
 0001:00029c80       ___acrt_uninitialize       0042ac80 f   MSVCRT:ucrt_stubs.obj
 0001:00029c84       ___libm_sse2_cosf          0042ac84 f   ucrt:api-ms-win-crt-math-l1-1-0.dll
 0001:00029c8a       ___libm_sse2_sinf          0042ac8a f   ucrt:api-ms-win-crt-math-l1-1-0.dll
 0001:00029c90       ___libm_sse2_tan           0042ac90 f   ucrt:api-ms-win-crt-math-l1-1-0.dll
 0001:0002a770       ??__Fres@?1???$?D$03$03@?$xMat@M$03$03@xmaths@xten@@QBE?AV012@V012@@Z@YAXXZ 0042b770 f i lightingtechnique.obj
 0002:00000000       __imp__RegOpenKeyExA@20    0042c000     advapi32:ADVAPI32.dll
 0002:00000004       __imp__RegQueryValueExA@24 0042c004     advapi32:ADVAPI32.dll
 0002:00000008       \177ADVAPI32_NULL_THUNK_DATA 0042c008     advapi32:ADVAPI32.dll
 0002:0000000c       __imp__TwInit@8            0042c00c     AntTweakBar:AntTweakBar.dll
 0002:00000010       \177AntTweakBar_NULL_THUNK_DATA 0042c010     AntTweakBar:AntTweakBar.dll
 0002:00000014       __imp__FreeImage_GetHeight@4 0042c014     FreeImage:FreeImage.dll
 0002:00000018       __imp__FreeImage_Unload@4  0042c018     FreeImage:FreeImage.dll
 0002:0000001c       __imp__FreeImage_GetFileType@8 0042c01c     FreeImage:FreeImage.dll
 0002:00000020       __imp__FreeImage_FIFSupportsReading@4 0042c020     FreeImage:FreeImage.dll
 0002:00000024       __imp__FreeImage_Load@12   0042c024     FreeImage:FreeImage.dll
 0002:00000028       __imp__FreeImage_GetWidth@4 0042c028     FreeImage:FreeImage.dll
 0002:0000002c       __imp__FreeImage_GetBPP@4  0042c02c     FreeImage:FreeImage.dll
 0002:00000030       __imp__FreeImage_GetFIFFromFilename@4 0042c030     FreeImage:FreeImage.dll
 0002:00000034       __imp__FreeImage_GetBits@4 0042c034     FreeImage:FreeImage.dll
 0002:00000038       \177FreeImage_NULL_THUNK_DATA 0042c038     FreeImage:FreeImage.dll
 0002:0000003c       __imp__CreateDCW@16        0042c03c     gdi32:GDI32.dll
 0002:00000040       __imp__GetDeviceCaps@8     0042c040     gdi32:GDI32.dll
 0002:00000044       __imp__SetDeviceGammaRamp@8 0042c044     gdi32:GDI32.dll
 0002:00000048       __imp__DescribePixelFormat@16 0042c048     gdi32:GDI32.dll
 0002:0000004c       __imp__SetPixelFormat@12   0042c04c     gdi32:GDI32.dll
 0002:00000050       __imp__SwapBuffers@4       0042c050     gdi32:GDI32.dll
 0002:00000054       __imp__DeleteDC@4          0042c054     gdi32:GDI32.dll
 0002:00000058       \177GDI32_NULL_THUNK_DATA  0042c058     gdi32:GDI32.dll
 0002:0000005c       __imp__QueryPerformanceFrequency@4 0042c05c     kernel32:KERNEL32.dll
 0002:00000060       __imp__GetSystemTimeAsFileTime@4 0042c060     kernel32:KERNEL32.dll
 0002:00000064       __imp__GetCurrentThreadId@0 0042c064     kernel32:KERNEL32.dll
 0002:00000068       __imp__GetCurrentProcessId@0 0042c068     kernel32:KERNEL32.dll
 0002:0000006c       __imp__IsDebuggerPresent@0 0042c06c     kernel32:KERNEL32.dll
 0002:00000070       __imp__IsProcessorFeaturePresent@4 0042c070     kernel32:KERNEL32.dll
 0002:00000074       __imp__TerminateProcess@8  0042c074     kernel32:KERNEL32.dll
 0002:00000078       __imp__SetUnhandledExceptionFilter@4 0042c078     kernel32:KERNEL32.dll
 0002:0000007c       __imp__UnhandledExceptionFilter@4 0042c07c     kernel32:KERNEL32.dll
 0002:00000080       __imp__CreateEventW@16     0042c080     kernel32:KERNEL32.dll
 0002:00000084       __imp__WaitForSingleObjectEx@12 0042c084     kernel32:KERNEL32.dll
 0002:00000088       __imp__EnterCriticalSection@4 0042c088     kernel32:KERNEL32.dll
 0002:0000008c       __imp__LeaveCriticalSection@4 0042c08c     kernel32:KERNEL32.dll
 0002:00000090       __imp__InitializeCriticalSection@4 0042c090     kernel32:KERNEL32.dll
 0002:00000094       __imp__DeleteCriticalSection@4 0042c094     kernel32:KERNEL32.dll
 0002:00000098       __imp__GlobalMemoryStatusEx@4 0042c098     kernel32:KERNEL32.dll
 0002:0000009c       __imp__GetCurrentProcess@0 0042c09c     kernel32:KERNEL32.dll
 0002:000000a0       __imp__TlsAlloc@0          0042c0a0     kernel32:KERNEL32.dll
 0002:000000a4       __imp__TlsGetValue@4       0042c0a4     kernel32:KERNEL32.dll
 0002:000000a8       __imp__TlsSetValue@8       0042c0a8     kernel32:KERNEL32.dll
 0002:000000ac       __imp__TlsFree@4           0042c0ac     kernel32:KERNEL32.dll
 0002:000000b0       __imp__GetModuleHandleW@4  0042c0b0     kernel32:KERNEL32.dll
 0002:000000b4       __imp__WideCharToMultiByte@32 0042c0b4     kernel32:KERNEL32.dll
 0002:000000b8       __imp__FreeLibrary@4       0042c0b8     kernel32:KERNEL32.dll
 0002:000000bc       __imp__GetProcAddress@8    0042c0bc     kernel32:KERNEL32.dll
 0002:000000c0       __imp__LoadLibraryA@4      0042c0c0     kernel32:KERNEL32.dll
 0002:000000c4       __imp__MultiByteToWideChar@24 0042c0c4     kernel32:KERNEL32.dll
 0002:000000c8       __imp__QueryPerformanceCounter@4 0042c0c8     kernel32:KERNEL32.dll
 0002:000000cc       __imp__CloseHandle@4       0042c0cc     kernel32:KERNEL32.dll
 0002:000000d0       __imp__ResetEvent@4        0042c0d0     kernel32:KERNEL32.dll
 0002:000000d4       __imp__SetEvent@4          0042c0d4     kernel32:KERNEL32.dll
 0002:000000d8       __imp__InitializeSListHead@4 0042c0d8     kernel32:KERNEL32.dll
 0002:000000dc       \177KERNEL32_NULL_THUNK_DATA 0042c0dc     kernel32:KERNEL32.dll
 0002:000000e0       __imp_??6?$basic_ostream@DU?$char_traits@D@std@@@std@@QAEAAV01@I@Z 0042c0e0     msvcprt:MSVCP140.dll
 0002:000000e4       __imp_??6?$basic_ostream@DU?$char_traits@D@std@@@std@@QAEAAV01@K@Z 0042c0e4     msvcprt:MSVCP140.dll
 0002:000000e8       __imp_??6?$basic_ostream@DU?$char_traits@D@std@@@std@@QAEAAV01@P6AAAV01@AAV01@@Z@Z 0042c0e8     msvcprt:MSVCP140.dll
 0002:000000ec       __imp_?sputc@?$basic_streambuf@DU?$char_traits@D@std@@@std@@QAEHD@Z 0042c0ec     msvcprt:MSVCP140.dll
 0002:000000f0       __imp_?flush@?$basic_ostream@DU?$char_traits@D@std@@@std@@QAEAAV12@XZ 0042c0f0     msvcprt:MSVCP140.dll
 0002:000000f4       __imp_?put@?$basic_ostream@DU?$char_traits@D@std@@@std@@QAEAAV12@D@Z 0042c0f4     msvcprt:MSVCP140.dll
 0002:000000f8       __imp_?sputn@?$basic_streambuf@DU?$char_traits@D@std@@@std@@QAE_JPBD_J@Z 0042c0f8     msvcprt:MSVCP140.dll
 0002:000000fc       __imp_?widen@?$basic_ios@DU?$char_traits@D@std@@@std@@QBEDD@Z 0042c0fc     msvcprt:MSVCP140.dll
 0002:00000100       __imp_?setstate@?$basic_ios@DU?$char_traits@D@std@@@std@@QAEXH_N@Z 0042c100     msvcprt:MSVCP140.dll
 0002:00000104       __imp_?_Osfx@?$basic_ostream@DU?$char_traits@D@std@@@std@@QAEXXZ 0042c104     msvcprt:MSVCP140.dll
 0002:00000108       __imp_?_Xlength_error@std@@YAXPBD@Z 0042c108     msvcprt:MSVCP140.dll
 0002:0000010c       __imp_?_Xout_of_range@std@@YAXPBD@Z 0042c10c     msvcprt:MSVCP140.dll
 0002:00000110       __imp_?_Xbad_alloc@std@@YAXXZ 0042c110     msvcprt:MSVCP140.dll
 0002:00000114       __imp_?uncaught_exception@std@@YA_NXZ 0042c114     msvcprt:MSVCP140.dll
 0002:00000118       __imp_?cout@std@@3V?$basic_ostream@DU?$char_traits@D@std@@@1@A 0042c118     msvcprt:MSVCP140.dll
 0002:0000011c       \177MSVCP140_NULL_THUNK_DATA 0042c11c     msvcprt:MSVCP140.dll
 0002:00000120       __imp__glEnable@4          0042c120     opengl32:OPENGL32.dll
 0002:00000124       __imp__glClear@4           0042c124     opengl32:OPENGL32.dll
 0002:00000128       __imp__glGetError@0        0042c128     opengl32:OPENGL32.dll
 0002:0000012c       __imp__glViewport@16       0042c12c     opengl32:OPENGL32.dll
 0002:00000130       __imp__glGetString@4       0042c130     opengl32:OPENGL32.dll
 0002:00000134       __imp__glDrawElements@16   0042c134     opengl32:OPENGL32.dll
 0002:00000138       __imp__glBindTexture@8     0042c138     opengl32:OPENGL32.dll
 0002:0000013c       __imp__glGenTextures@8     0042c13c     opengl32:OPENGL32.dll
 0002:00000140       __imp__glTexParameteri@12  0042c140     opengl32:OPENGL32.dll
 0002:00000144       __imp__glDeleteTextures@8  0042c144     opengl32:OPENGL32.dll
 0002:00000148       __imp__glTexImage2D@36     0042c148     opengl32:OPENGL32.dll
 0002:0000014c       __imp__wglGetProcAddress@4 0042c14c     opengl32:OPENGL32.dll
 0002:00000150       __imp__wglGetCurrentDC@0   0042c150     opengl32:OPENGL32.dll
 0002:00000154       __imp__glClearColor@16     0042c154     opengl32:OPENGL32.dll
 0002:00000158       \177OPENGL32_NULL_THUNK_DATA 0042c158     opengl32:OPENGL32.dll
 0002:0000015c       __imp__DragAcceptFiles@8   0042c15c     shell32:SHELL32.dll
 0002:00000160       __imp__DragQueryFileW@16   0042c160     shell32:SHELL32.dll
 0002:00000164       __imp__DragQueryPoint@8    0042c164     shell32:SHELL32.dll
 0002:00000168       __imp__DragFinish@4        0042c168     shell32:SHELL32.dll
 0002:0000016c       \177SHELL32_NULL_THUNK_DATA 0042c16c     shell32:SHELL32.dll
 0002:00000170       __imp__WindowFromPoint@8   0042c170     user32:USER32.dll
 0002:00000174       __imp__ScreenToClient@8    0042c174     user32:USER32.dll
 0002:00000178       __imp__ClientToScreen@8    0042c178     user32:USER32.dll
 0002:0000017c       __imp__ClipCursor@4        0042c17c     user32:USER32.dll
 0002:00000180       __imp__GetCursorPos@4      0042c180     user32:USER32.dll
 0002:00000184       __imp__SetCursor@4         0042c184     user32:USER32.dll
 0002:00000188       __imp__SetCursorPos@8      0042c188     user32:USER32.dll
 0002:0000018c       __imp__AdjustWindowRectEx@16 0042c18c     user32:USER32.dll
 0002:00000190       __imp__GetClientRect@8     0042c190     user32:USER32.dll
 0002:00000194       __imp__RemovePropW@8       0042c194     user32:USER32.dll
 0002:00000198       __imp__GetPropW@8          0042c198     user32:USER32.dll
 0002:0000019c       __imp__SetPropW@12         0042c19c     user32:USER32.dll
 0002:000001a0       __imp__GetDC@4             0042c1a0     user32:USER32.dll
 0002:000001a4       __imp__SetForegroundWindow@4 0042c1a4     user32:USER32.dll
 0002:000001a8       __imp__ReleaseCapture@0    0042c1a8     user32:USER32.dll
 0002:000001ac       __imp__SetCapture@4        0042c1ac     user32:USER32.dll
 0002:000001b0       __imp__PtInRect@12         0042c1b0     user32:USER32.dll
 0002:000001b4       __imp__GetKeyState@4       0042c1b4     user32:USER32.dll
 0002:000001b8       __imp__GetActiveWindow@0   0042c1b8     user32:USER32.dll
 0002:000001bc       __imp__SetFocus@4          0042c1bc     user32:USER32.dll
 0002:000001c0       __imp__BringWindowToTop@4  0042c1c0     user32:USER32.dll
 0002:000001c4       __imp__SetWindowPos@28     0042c1c4     user32:USER32.dll
 0002:000001c8       __imp__ShowWindow@8        0042c1c8     user32:USER32.dll
 0002:000001cc       __imp__DestroyWindow@4     0042c1cc     user32:USER32.dll
 0002:000001d0       __imp__CreateWindowExW@48  0042c1d0     user32:USER32.dll
 0002:000001d4       __imp__RegisterClassExW@4  0042c1d4     user32:USER32.dll
 0002:000001d8       __imp__UnregisterClassW@8  0042c1d8     user32:USER32.dll
 0002:000001dc       __imp__DefWindowProcW@16   0042c1dc     user32:USER32.dll
 0002:000001e0       __imp__GetMessageTime@0    0042c1e0     user32:USER32.dll
 0002:000001e4       __imp__PeekMessageW@20     0042c1e4     user32:USER32.dll
 0002:000001e8       __imp__DispatchMessageW@4  0042c1e8     user32:USER32.dll
 0002:000001ec       __imp__TranslateMessage@4  0042c1ec     user32:USER32.dll
 0002:000001f0       __imp__TrackMouseEvent@4   0042c1f0     user32:USER32.dll
 0002:000001f4       __imp__GetWindowLongW@8    0042c1f4     user32:USER32.dll
 0002:000001f8       __imp__SetWindowLongW@12   0042c1f8     user32:USER32.dll
 0002:000001fc       __imp__LoadCursorW@8       0042c1fc     user32:USER32.dll
 0002:00000200       __imp__DestroyIcon@4       0042c200     user32:USER32.dll
 0002:00000204       __imp__LoadImageW@24       0042c204     user32:USER32.dll
 0002:00000208       __imp__RegisterDeviceNotificationW@12 0042c208     user32:USER32.dll
 0002:0000020c       __imp__SystemParametersInfoW@16 0042c20c     user32:USER32.dll
 0002:00000210       __imp__ChangeDisplaySettingsExW@20 0042c210     user32:USER32.dll
 0002:00000214       __imp__EnumDisplaySettingsW@12 0042c214     user32:USER32.dll
 0002:00000218       __imp__GetRawInputDeviceList@12 0042c218     user32:USER32.dll
 0002:0000021c       __imp__GetRawInputDeviceInfoA@16 0042c21c     user32:USER32.dll
 0002:00000220       __imp__EnumDisplayDevicesW@16 0042c220     user32:USER32.dll
 0002:00000224       __imp__GetAsyncKeyState@4  0042c224     user32:USER32.dll
 0002:00000228       __imp__EnumDisplaySettingsExW@16 0042c228     user32:USER32.dll
 0002:0000022c       \177USER32_NULL_THUNK_DATA 0042c22c     user32:USER32.dll
 0002:00000230       __imp____std_exception_copy 0042c230     vcruntime:VCRUNTIME140.dll
 0002:00000234       __imp__strstr              0042c234     vcruntime:VCRUNTIME140.dll
 0002:00000238       __imp__memset              0042c238     vcruntime:VCRUNTIME140.dll
 0002:0000023c       __imp__memcpy              0042c23c     vcruntime:VCRUNTIME140.dll
 0002:00000240       __imp____CxxFrameHandler3  0042c240     vcruntime:VCRUNTIME140.dll
 0002:00000244       __imp____vcrt_InitializeCriticalSectionEx 0042c244     vcruntime:VCRUNTIME140.dll
 0002:00000248       __imp____telemetry_main_invoke_trigger 0042c248     vcruntime:VCRUNTIME140.dll
 0002:0000024c       __imp____telemetry_main_return_trigger 0042c24c     vcruntime:VCRUNTIME140.dll
 0002:00000250       __imp___CxxThrowException@8 0042c250     vcruntime:VCRUNTIME140.dll
 0002:00000254       __imp___except_handler4_common 0042c254     vcruntime:VCRUNTIME140.dll
 0002:00000258       __imp__memmove             0042c258     vcruntime:VCRUNTIME140.dll
 0002:0000025c       __imp____std_terminate     0042c25c     vcruntime:VCRUNTIME140.dll
 0002:00000260       __imp___purecall           0042c260     vcruntime:VCRUNTIME140.dll
 0002:00000264       __imp__strchr              0042c264     vcruntime:VCRUNTIME140.dll
 0002:00000268       __imp__memchr              0042c268     vcruntime:VCRUNTIME140.dll
 0002:0000026c       __imp____std_exception_destroy 0042c26c     vcruntime:VCRUNTIME140.dll
 0002:00000270       \177VCRUNTIME140_NULL_THUNK_DATA 0042c270     vcruntime:VCRUNTIME140.dll
 0002:00000274       __imp__realloc             0042c274     ucrt:api-ms-win-crt-heap-l1-1-0.dll
 0002:00000278       __imp__calloc              0042c278     ucrt:api-ms-win-crt-heap-l1-1-0.dll
 0002:0000027c       __imp___set_new_mode       0042c27c     ucrt:api-ms-win-crt-heap-l1-1-0.dll
 0002:00000280       __imp___callnewh           0042c280     ucrt:api-ms-win-crt-heap-l1-1-0.dll
 0002:00000284       __imp__malloc              0042c284     ucrt:api-ms-win-crt-heap-l1-1-0.dll
 0002:00000288       __imp__free                0042c288     ucrt:api-ms-win-crt-heap-l1-1-0.dll
 0002:0000028c       \177api-ms-win-crt-heap-l1-1-0_NULL_THUNK_DATA 0042c28c     ucrt:api-ms-win-crt-heap-l1-1-0.dll
 0002:00000290       __imp___configthreadlocale 0042c290     ucrt:api-ms-win-crt-locale-l1-1-0.dll
 0002:00000294       \177api-ms-win-crt-locale-l1-1-0_NULL_THUNK_DATA 0042c294     ucrt:api-ms-win-crt-locale-l1-1-0.dll
 0002:00000298       __imp____libm_sse2_cosf    0042c298     ucrt:api-ms-win-crt-math-l1-1-0.dll
 0002:0000029c       __imp____setusermatherr    0042c29c     ucrt:api-ms-win-crt-math-l1-1-0.dll
 0002:000002a0       __imp___except1            0042c2a0     ucrt:api-ms-win-crt-math-l1-1-0.dll
 0002:000002a4       __imp____libm_sse2_tan     0042c2a4     ucrt:api-ms-win-crt-math-l1-1-0.dll
 0002:000002a8       __imp____libm_sse2_sinf    0042c2a8     ucrt:api-ms-win-crt-math-l1-1-0.dll
 0002:000002ac       \177api-ms-win-crt-math-l1-1-0_NULL_THUNK_DATA 0042c2ac     ucrt:api-ms-win-crt-math-l1-1-0.dll
 0002:000002b0       __imp___register_onexit_function 0042c2b0     ucrt:api-ms-win-crt-runtime-l1-1-0.dll
 0002:000002b4       __imp___controlfp_s        0042c2b4     ucrt:api-ms-win-crt-runtime-l1-1-0.dll
 0002:000002b8       __imp___register_thread_local_exe_atexit_callback 0042c2b8     ucrt:api-ms-win-crt-runtime-l1-1-0.dll
 0002:000002bc       __imp___c_exit             0042c2bc     ucrt:api-ms-win-crt-runtime-l1-1-0.dll
 0002:000002c0       __imp____p___argv          0042c2c0     ucrt:api-ms-win-crt-runtime-l1-1-0.dll
 0002:000002c4       __imp____p___argc          0042c2c4     ucrt:api-ms-win-crt-runtime-l1-1-0.dll
 0002:000002c8       __imp___exit               0042c2c8     ucrt:api-ms-win-crt-runtime-l1-1-0.dll
 0002:000002cc       __imp__exit                0042c2cc     ucrt:api-ms-win-crt-runtime-l1-1-0.dll
 0002:000002d0       __imp___initterm_e         0042c2d0     ucrt:api-ms-win-crt-runtime-l1-1-0.dll
 0002:000002d4       __imp___initterm           0042c2d4     ucrt:api-ms-win-crt-runtime-l1-1-0.dll
 0002:000002d8       __imp___get_initial_narrow_environment 0042c2d8     ucrt:api-ms-win-crt-runtime-l1-1-0.dll
 0002:000002dc       __imp__system              0042c2dc     ucrt:api-ms-win-crt-runtime-l1-1-0.dll
 0002:000002e0       __imp___invalid_parameter_noinfo_noreturn 0042c2e0     ucrt:api-ms-win-crt-runtime-l1-1-0.dll
 0002:000002e4       __imp___set_app_type       0042c2e4     ucrt:api-ms-win-crt-runtime-l1-1-0.dll
 0002:000002e8       __imp___seh_filter_exe     0042c2e8     ucrt:api-ms-win-crt-runtime-l1-1-0.dll
 0002:000002ec       __imp___cexit              0042c2ec     ucrt:api-ms-win-crt-runtime-l1-1-0.dll
 0002:000002f0       __imp__terminate           0042c2f0     ucrt:api-ms-win-crt-runtime-l1-1-0.dll
 0002:000002f4       __imp___configure_narrow_argv 0042c2f4     ucrt:api-ms-win-crt-runtime-l1-1-0.dll
 0002:000002f8       __imp___initialize_narrow_environment 0042c2f8     ucrt:api-ms-win-crt-runtime-l1-1-0.dll
 0002:000002fc       __imp___initialize_onexit_table 0042c2fc     ucrt:api-ms-win-crt-runtime-l1-1-0.dll
 0002:00000300       __imp___crt_atexit         0042c300     ucrt:api-ms-win-crt-runtime-l1-1-0.dll
 0002:00000304       \177api-ms-win-crt-runtime-l1-1-0_NULL_THUNK_DATA 0042c304     ucrt:api-ms-win-crt-runtime-l1-1-0.dll
 0002:00000308       __imp__feof                0042c308     ucrt:api-ms-win-crt-stdio-l1-1-0.dll
 0002:0000030c       __imp____stdio_common_vsprintf 0042c30c     ucrt:api-ms-win-crt-stdio-l1-1-0.dll
 0002:00000310       __imp___set_fmode          0042c310     ucrt:api-ms-win-crt-stdio-l1-1-0.dll
 0002:00000314       __imp____stdio_common_vsprintf_p 0042c314     ucrt:api-ms-win-crt-stdio-l1-1-0.dll
 0002:00000318       __imp__fopen               0042c318     ucrt:api-ms-win-crt-stdio-l1-1-0.dll
 0002:0000031c       __imp____acrt_iob_func     0042c31c     ucrt:api-ms-win-crt-stdio-l1-1-0.dll
[...]
 0002:00016e60       __unwindtable$?ReadValue@TiXmlElement@@IAEPBDPBDPAVTiXmlParsingData@@W4TiXmlEncoding@@@Z 00442e60     tinyxmlparser.obj
 0002:00016e70       __ehfuncinfo$?Parse@TiXmlText@@UAEPBDPBDPAVTiXmlParsingData@@W4TiXmlEncoding@@@Z 00442e70     tinyxmlparser.obj
 0002:00016e94       __unwindtable$?Parse@TiXmlText@@UAEPBDPBDPAVTiXmlParsingData@@W4TiXmlEncoding@@@Z 00442e94     tinyxmlparser.obj
 0002:00016e9c       __ehfuncinfo$?Parse@TiXmlDeclaration@@UAEPBDPBDPAVTiXmlParsingData@@W4TiXmlEncoding@@@Z 00442e9c     tinyxmlparser.obj
 0002:00016ec0       __unwindtable$?Parse@TiXmlDeclaration@@UAEPBDPBDPAVTiXmlParsingData@@W4TiXmlEncoding@@@Z 00442ec0     tinyxmlparser.obj
 0002:00016ed8       __ehfuncinfo$?loadMesh@Mesh@xgraphics@xten@@QAEEABV?$basic_string@DU?$char_traits@D@std@@V?$allocator@D@2@@std@@@Z 00442ed8     mesh.obj
 0002:00016efc       __unwindtable$?loadMesh@Mesh@xgraphics@xten@@QAEEABV?$basic_string@DU?$char_traits@D@std@@V?$allocator@D@2@@std@@@Z 00442efc     mesh.obj
 0002:00016f04       __ehfuncinfo$?initMesh@Mesh@xgraphics@xten@@AAEXIPBUaiMesh@@@Z 00442f04     mesh.obj
 0002:00016f28       __unwindtable$?initMesh@Mesh@xgraphics@xten@@AAEXIPBUaiMesh@@@Z 00442f28     mesh.obj
 0002:00016f38       __ehfuncinfo$?initMaterials@Mesh@xgraphics@xten@@AAEEPBUaiScene@@ABV?$basic_string@DU?$char_traits@D@std@@V?$allocator@D@2@@std@@@Z 00442f38     mesh.obj
 0002:00016f5c       __unwindtable$?initMaterials@Mesh@xgraphics@xten@@AAEEPBUaiScene@@ABV?$basic_string@DU?$char_traits@D@std@@V?$allocator@D@2@@std@@@Z 00442f5c     mesh.obj
 0002:00016f8c       __ehfuncinfo$?_Destroy@?$vector@UMeshEntry@Mesh@xgraphics@xten@@V?$allocator@UMeshEntry@Mesh@xgraphics@xten@@@std@@@std@@IAEXPAUMeshEntry@Mesh@xgraphics@xten@@0@Z 00442f8c     mesh.obj
 0002:00016fb0       __unwindtable$?_Destroy@?$vector@UMeshEntry@Mesh@xgraphics@xten@@V?$allocator@UMeshEntry@Mesh@xgraphics@xten@@@std@@@std@@IAEXPAUMeshEntry@Mesh@xgraphics@xten@@0@Z 00442fb0     mesh.obj
 0002:00016fb8       __ehfuncinfo$??$?HDU?$char_traits@D@std@@V?$allocator@D@1@@std@@YA?AV?$basic_string@DU?$char_traits@D@std@@V?$allocator@D@2@@0@ABV10@PBD@Z 00442fb8     mesh.obj
 0002:00016fdc       __unwindtable$??$?HDU?$char_traits@D@std@@V?$allocator@D@1@@std@@YA?AV?$basic_string@DU?$char_traits@D@std@@V?$allocator@D@2@@0@ABV10@PBD@Z 00442fdc     mesh.obj
 0002:00016fe4       __ehfuncinfo$??$_Uninitialized_move_al_unchecked1@PAUMeshEntry@Mesh@xgraphics@xten@@PAU1234@V?$allocator@UMeshEntry@Mesh@xgraphics@xten@@@std@@@std@@YAPAUMeshEntry@Mesh@xgraphics@xten@@PAU1234@00AAU?$_Wrap_alloc@V?$allocator@UMeshEntry@Mesh@xgraphics@xten@@@std@@@0@U_General_ptr_iterator_tag@0@@Z 00442fe4     mesh.obj
 0002:00016fe4       __ehfuncinfo$??$_Uninitialized_default_fill_n1@PAUMeshEntry@Mesh@xgraphics@xten@@IV?$allocator@UMeshEntry@Mesh@xgraphics@xten@@@std@@U?$integral_constant@_N$0A@@6@@std@@YAXPAUMeshEntry@Mesh@xgraphics@xten@@IAAU?$_Wrap_alloc@V?$allocator@UMeshEntry@Mesh@xgraphics@xten@@@std@@@0@U?$integral_constant@_N$0A@@0@@Z 00442fe4     mesh.obj
 0002:00017008       __unwindtable$??$_Uninitialized_default_fill_n1@PAUMeshEntry@Mesh@xgraphics@xten@@IV?$allocator@UMeshEntry@Mesh@xgraphics@xten@@@std@@U?$integral_constant@_N$0A@@6@@std@@YAXPAUMeshEntry@Mesh@xgraphics@xten@@IAAU?$_Wrap_alloc@V?$allocator@UMeshEntry@Mesh@xgraphics@xten@@@std@@@0@U?$integral_constant@_N$0A@@0@@Z 00443008     mesh.obj
 0002:00017008       __unwindtable$??$_Uninitialized_move_al_unchecked1@PAUMeshEntry@Mesh@xgraphics@xten@@PAU1234@V?$allocator@UMeshEntry@Mesh@xgraphics@xten@@@std@@@std@@YAPAUMeshEntry@Mesh@xgraphics@xten@@PAU1234@00AAU?$_Wrap_alloc@V?$allocator@UMeshEntry@Mesh@xgraphics@xten@@@std@@@0@U_General_ptr_iterator_tag@0@@Z 00443008     mesh.obj
 0002:00017020       __ehfuncinfo$?compile@Shader@xgraphics@xten@@QAEEPBD00@Z 00443020     shader.obj
 0002:00017044       __unwindtable$?compile@Shader@xgraphics@xten@@QAEEPBD00@Z 00443044     shader.obj
 0002:00017054       __ehfuncinfo$?checkProgramErrors@Shader@xgraphics@xten@@AAEEIV?$basic_string@DU?$char_traits@D@std@@V?$allocator@D@2@@std@@0@Z 00443054     shader.obj
 0002:00017078       __unwindtable$?checkProgramErrors@Shader@xgraphics@xten@@AAEEIV?$basic_string@DU?$char_traits@D@std@@V?$allocator@D@2@@std@@0@Z 00443078     shader.obj
 0002:000170a8       __ehfuncinfo$?checkErrors@Shader@xgraphics@xten@@AAEEIV?$basic_string@DU?$char_traits@D@std@@V?$allocator@D@2@@std@@@Z 004430a8     shader.obj
 0002:000170cc       __unwindtable$?checkErrors@Shader@xgraphics@xten@@AAEEIV?$basic_string@DU?$char_traits@D@std@@V?$allocator@D@2@@std@@@Z 004430cc     shader.obj
 0002:000170e4       __ehfuncinfo$??$?6DU?$char_traits@D@std@@V?$allocator@D@1@@std@@YAAAV?$basic_ostream@DU?$char_traits@D@std@@@0@AAV10@ABV?$basic_string@DU?$char_traits@D@std@@V?$allocator@D@2@@0@@Z 004430e4     shader.obj
 0002:00017108       __unwindtable$??$?6DU?$char_traits@D@std@@V?$allocator@D@1@@std@@YAAAV?$basic_ostream@DU?$char_traits@D@std@@@0@AAV10@ABV?$basic_string@DU?$char_traits@D@std@@V?$allocator@D@2@@0@@Z 00443108     shader.obj
 0002:00017138       __tryblocktable$??$?6DU?$char_traits@D@std@@V?$allocator@D@1@@std@@YAAAV?$basic_ostream@DU?$char_traits@D@std@@@0@AAV10@ABV?$basic_string@DU?$char_traits@D@std@@V?$allocator@D@2@@0@@Z 00443138     shader.obj
 0002:0001714c       __catchsym$??$?6DU?$char_traits@D@std@@V?$allocator@D@1@@std@@YAAAV?$basic_ostream@DU?$char_traits@D@std@@@0@AAV10@ABV?$basic_string@DU?$char_traits@D@std@@V?$allocator@D@2@@0@@Z$19 0044314c     shader.obj
 0002:00017160       __ehfuncinfo$?add@ShaderManager@xgraphics@xten@@SAPAVShader@23@V?$basic_string@DU?$char_traits@D@std@@V?$allocator@D@2@@std@@PBD11@Z 00443160     shadermanager.obj
 0002:00017184       __tryblocktable$?add@ShaderManager@xgraphics@xten@@SAPAVShader@23@V?$basic_string@DU?$char_traits@D@std@@V?$allocator@D@2@@std@@PBD11@Z 00443184     shadermanager.obj
 0002:000171c0       __unwindtable$?add@ShaderManager@xgraphics@xten@@SAPAVShader@23@V?$basic_string@DU?$char_traits@D@std@@V?$allocator@D@2@@std@@PBD11@Z 004431c0     shadermanager.obj
 0002:00017250       __catchsym$?add@ShaderManager@xgraphics@xten@@SAPAVShader@23@V?$basic_string@DU?$char_traits@D@std@@V?$allocator@D@2@@std@@PBD11@Z$892 00443250     shadermanager.obj
 0002:00017260       __catchsym$?add@ShaderManager@xgraphics@xten@@SAPAVShader@23@V?$basic_string@DU?$char_traits@D@std@@V?$allocator@D@2@@std@@PBD11@Z$893 00443260     shadermanager.obj
 0002:00017270       __catchsym$?add@ShaderManager@xgraphics@xten@@SAPAVShader@23@V?$basic_string@DU?$char_traits@D@std@@V?$allocator@D@2@@std@@PBD11@Z$894 00443270     shadermanager.obj
 0002:00017280       __ehfuncinfo$?clean@ShaderManager@xgraphics@xten@@SAXXZ 00443280     shadermanager.obj
 0002:000172a4       __unwindtable$?clean@ShaderManager@xgraphics@xten@@SAXXZ 004432a4     shadermanager.obj
 0002:000172ac       __ehfuncinfo$?add@TexManager@xgraphics@xten@@SAPAVTexture2D@23@IABV?$basic_string@DU?$char_traits@D@std@@V?$allocator@D@2@@std@@0E@Z 004432ac     texturemanager.obj
 0002:000172d0       __unwindtable$?add@TexManager@xgraphics@xten@@SAPAVTexture2D@23@IABV?$basic_string@DU?$char_traits@D@std@@V?$allocator@D@2@@std@@0E@Z 004432d0     texturemanager.obj
 0002:000172d8       __ehfuncinfo$??0LogMgr@xten@@QAE@XZ 004432d8     logger.obj
 0002:00017300       __unwindtable$??0LogMgr@xten@@QAE@XZ 00443300     logger.obj
 0002:00017350       __ehfuncinfo$?init@LogMgr@xten@@QAEXPBD@Z 00443350     logger.obj
 0002:00017374       __unwindtable$?init@LogMgr@xten@@QAEXPBD@Z 00443374     logger.obj
 0002:00017384       __ehfuncinfo$?setDisplayFLags@LogMgr@xten@@QAEXABV?$basic_string@DU?$char_traits@D@std@@V?$allocator@D@2@@std@@E@Z 00443384     logger.obj
 0002:000173a8       __unwindtable$?setDisplayFLags@LogMgr@xten@@QAEXABV?$basic_string@DU?$char_traits@D@std@@V?$allocator@D@2@@std@@E@Z 004433a8     logger.obj
 0002:000173b0       __ehfuncinfo$?erase@?$_Tree@V?$_Tmap_traits@V?$basic_string@DU?$char_traits@D@std@@V?$allocator@D@2@@std@@EU?$less@V?$basic_string@DU?$char_traits@D@std@@V?$allocator@D@2@@std@@@2@V?$allocator@U?$pair@$$CBV?$basic_string@DU?$char_traits@D@std@@V?$allocator@D@2@@std@@E@std@@@2@$0A@@std@@@std@@QAE?AV?$_Tree_iterator@V?$_Tree_val@U?$_Tree_simple_types@U?$pair@$$CBV?$basic_string@DU?$char_traits@D@std@@V?$allocator@D@2@@std@@E@std@@@std@@@std@@@2@V?$_Tree_const_iterator@V?$_Tree_val@U?$_Tree_simple_types@U?$pair@$$CBV?$basic_string@DU?$char_traits@D@std@@V?$allocator@D@2@@std@@E@std@@@std@@@std@@@2@0@Z 004433b0     logger.obj
 0002:000173d4       __unwindtable$?erase@?$_Tree@V?$_Tmap_traits@V?$basic_string@DU?$char_traits@D@std@@V?$allocator@D@2@@std@@EU?$less@V?$basic_string@DU?$char_traits@D@std@@V?$allocator@D@2@@std@@@2@V?$allocator@U?$pair@$$CBV?$basic_string@DU?$char_traits@D@std@@V?$allocator@D@2@@std@@E@std@@@2@$0A@@std@@@std@@QAE?AV?$_Tree_iterator@V?$_Tree_val@U?$_Tree_simple_types@U?$pair@$$CBV?$basic_string@DU?$char_traits@D@std@@V?$allocator@D@2@@std@@E@std@@@std@@@std@@@2@V?$_Tree_const_iterator@V?$_Tree_val@U?$_Tree_simple_types@U?$pair@$$CBV?$basic_string@DU?$char_traits@D@std@@V?$allocator@D@2@@std@@E@std@@@std@@@std@@@2@0@Z 004433d4     logger.obj
 0002:000173dc       __ehfuncinfo$??$_Insert_nohint@AAU?$pair@$$CBV?$basic_string@DU?$char_traits@D@std@@V?$allocator@D@2@@std@@E@std@@PAU?$_Tree_node@U?$pair@$$CBV?$basic_string@DU?$char_traits@D@std@@V?$allocator@D@2@@std@@E@std@@PAX@2@@?$_Tree@V?$_Tmap_traits@V?$basic_string@DU?$char_traits@D@std@@V?$allocator@D@2@@std@@EU?$less@V?$basic_string@DU?$char_traits@D@std@@V?$allocator@D@2@@std@@@2@V?$allocator@U?$pair@$$CBV?$basic_string@DU?$char_traits@D@std@@V?$allocator@D@2@@std@@E@std@@@2@$0A@@std@@@std@@IAE?AU?$pair@V?$_Tree_iterator@V?$_Tree_val@U?$_Tree_simple_types@U?$pair@$$CBV?$basic_string@DU?$char_traits@D@std@@V?$allocator@D@2@@std@@E@std@@@std@@@std@@@std@@_N@1@_NAAU?$pair@$$CBV?$basic_string@DU?$char_traits@D@std@@V?$allocator@D@2@@std@@E@1@PAU?$_Tree_node@U?$pair@$$CBV?$basic_string@DU?$char_traits@D@std@@V?$allocator@D@2@@std@@E@std@@PAX@1@@Z 004433dc     logger.obj
 0002:00017400       __unwindtable$??$_Insert_nohint@AAU?$pair@$$CBV?$basic_string@DU?$char_traits@D@std@@V?$allocator@D@2@@std@@E@std@@PAU?$_Tree_node@U?$pair@$$CBV?$basic_string@DU?$char_traits@D@std@@V?$allocator@D@2@@std@@E@std@@PAX@2@@?$_Tree@V?$_Tmap_traits@V?$basic_string@DU?$char_traits@D@std@@V?$allocator@D@2@@std@@EU?$less@V?$basic_string@DU?$char_traits@D@std@@V?$allocator@D@2@@std@@@2@V?$allocator@U?$pair@$$CBV?$basic_string@DU?$char_traits@D@std@@V?$allocator@D@2@@std@@E@std@@@2@$0A@@std@@@std@@IAE?AU?$pair@V?$_Tree_iterator@V?$_Tree_val@U?$_Tree_simple_types@U?$pair@$$CBV?$basic_string@DU?$char_traits@D@std@@V?$allocator@D@2@@std@@E@std@@@std@@@std@@@std@@_N@1@_NAAU?$pair@$$CBV?$basic_string@DU?$char_traits@D@std@@V?$allocator@D@2@@std@@E@1@PAU?$_Tree_node@U?$pair@$$CBV?$basic_string@DU?$char_traits@D@std@@V?$allocator@D@2@@std@@E@std@@PAX@1@@Z 00443400     logger.obj
 0002:00017410       __tryblocktable$??$_Insert_nohint@AAU?$pair@$$CBV?$basic_string@DU?$char_traits@D@std@@V?$allocator@D@2@@std@@E@std@@PAU?$_Tree_node@U?$pair@$$CBV?$basic_string@DU?$char_traits@D@std@@V?$allocator@D@2@@std@@E@std@@PAX@2@@?$_Tree@V?$_Tmap_traits@V?$basic_string@DU?$char_traits@D@std@@V?$allocator@D@2@@std@@EU?$less@V?$basic_string@DU?$char_traits@D@std@@V?$allocator@D@2@@std@@@2@V?$allocator@U?$pair@$$CBV?$basic_string@DU?$char_traits@D@std@@V?$allocator@D@2@@std@@E@std@@@2@$0A@@std@@@std@@IAE?AU?$pair@V?$_Tree_iterator@V?$_Tree_val@U?$_Tree_simple_types@U?$pair@$$CBV?$basic_string@DU?$char_traits@D@std@@V?$allocator@D@2@@std@@E@std@@@std@@@std@@@std@@_N@1@_NAAU?$pair@$$CBV?$basic_string@DU?$char_traits@D@std@@V?$allocator@D@2@@std@@E@1@PAU?$_Tree_node@U?$pair@$$CBV?$basic_string@DU?$char_traits@D@std@@V?$allocator@D@2@@std@@E@std@@PAX@1@@Z 00443410     logger.obj
 0002:00017424       __catchsym$??$_Insert_nohint@AAU?$pair@$$CBV?$basic_string@DU?$char_traits@D@std@@V?$allocator@D@2@@std@@E@std@@PAU?$_Tree_node@U?$pair@$$CBV?$basic_string@DU?$char_traits@D@std@@V?$allocator@D@2@@std@@E@std@@PAX@2@@?$_Tree@V?$_Tmap_traits@V?$basic_string@DU?$char_traits@D@std@@V?$allocator@D@2@@std@@EU?$less@V?$basic_string@DU?$char_traits@D@std@@V?$allocator@D@2@@std@@@2@V?$allocator@U?$pair@$$CBV?$basic_string@DU?$char_traits@D@std@@V?$allocator@D@2@@std@@E@std@@@2@$0A@@std@@@std@@IAE?AU?$pair@V?$_Tree_iterator@V?$_Tree_val@U?$_Tree_simple_types@U?$pair@$$CBV?$basic_string@DU?$char_traits@D@std@@V?$allocator@D@2@@std@@E@std@@@std@@@std@@@std@@_N@1@_NAAU?$pair@$$CBV?$basic_string@DU?$char_traits@D@std@@V?$allocator@D@2@@std@@E@1@PAU?$_Tree_node@U?$pair@$$CBV?$basic_string@DU?$char_traits@D@std@@V?$allocator@D@2@@std@@E@std@@PAX@1@@Z$131 00443424     logger.obj
 0002:00017434       __ehfuncinfo$?print@MemInfo@xten@@QAEXXZ 00443434     memorymanager.obj
 0002:00017458       __unwindtable$?print@MemInfo@xten@@QAEXXZ 00443458     memorymanager.obj
 0002:00017478       __ehfuncinfo$?fromByte@MemInfo@xten@@QAE?AV?$basic_string@DU?$char_traits@D@std@@V?$allocator@D@2@@std@@AB_J@Z 00443478     memorymanager.obj
 0002:0001749c       __unwindtable$?fromByte@MemInfo@xten@@QAE?AV?$basic_string@DU?$char_traits@D@std@@V?$allocator@D@2@@std@@AB_J@Z 0044349c     memorymanager.obj
 0002:000174c0       __sehtable$??_M@YGXPAXIIP6EX0@Z@Z 004434c0     MSVCRT:ehvecdtr.obj
 0002:000174e0       __sehtable$?__ArrayUnwind@@YGXPAXIIP6EX0@Z@Z 004434e0     MSVCRT:ehvecdtr.obj
 0002:00017500       __sehtable$??_L@YGXPAXIIP6EX0@Z1@Z 00443500     MSVCRT:ehvecctr.obj
 0002:00017520       __sehtable$___scrt_is_nonwritable_in_current_image 00443520     MSVCRT:utility.obj
 0002:00017540       __sehtable$?__scrt_common_main_seh@@YAHXZ 00443540     MSVCRT:exe_main.obj
 0002:00017afc       .idata$6                   00443afc     AntTweakBar:AntTweakBar.dll
 0002:00017bf8       .idata$6                   00443bf8     FreeImage:FreeImage.dll
 0002:00017cd6       .idata$6                   00443cd6     assimp-vc130-mt:assimp-vc130-mt.dll
 0002:00017dc8       .idata$6                   00443dc8     opengl32:OPENGL32.dll
 0002:00017f3e       .idata$6                   00443f3e     kernel32:KERNEL32.dll
 0002:00018296       .idata$6                   00444296     user32:USER32.dll
 0002:00018316       .idata$6                   00444316     gdi32:GDI32.dll
 0002:00018344       .idata$6                   00444344     advapi32:ADVAPI32.dll
 0002:00018396       .idata$6                   00444396     shell32:SHELL32.dll
 0002:000186ec       .idata$6                   004446ec     msvcprt:MSVCP140.dll
 0002:00018836       .idata$6                   00444836     vcruntime:VCRUNTIME140.dll
 0002:00018b92       .idata$6                   00444b92     ucrt:api-ms-win-crt-runtime-l1-1-0.dll
 0002:00018bb4       .idata$6                   00444bb4     ucrt:api-ms-win-crt-stdio-l1-1-0.dll
 0002:00018bd4       .idata$6                   00444bd4     ucrt:api-ms-win-crt-string-l1-1-0.dll
 0002:00018bf6       .idata$6                   00444bf6     ucrt:api-ms-win-crt-utility-l1-1-0.dll
 0002:00018c18       .idata$6                   00444c18     ucrt:api-ms-win-crt-heap-l1-1-0.dll
 0002:00018c38       .idata$6                   00444c38     ucrt:api-ms-win-crt-math-l1-1-0.dll
 0002:00018c58       .idata$6                   00444c58     ucrt:api-ms-win-crt-locale-l1-1-0.dll
 0003:00000000       __glfwObjectDataFormats    00445000     glfw3:win32_joystick.c.obj
 0003:000002c0       ?_glewErrorString@?1??glewGetErrorString@@9@9 004452c0     glew32s:glew.obj
 0003:000002d4       ?_glewString@?1??glewGetString@@9@9 004452d4     glew32s:glew.obj
 0003:0000034c       _stbi__stdio_callbacks     0044534c     SOIL2:SOIL2.obj
 0003:00000884       ?invalid_chunk@?BH@??stbi__parse_png_file@@9@9 00445884     SOIL2:SOIL2.obj
 0003:000008a0       ?firstmap@?4??stbi_write_png_to_mem@@9@9 004458a0     SOIL2:SOIL2.obj
 0003:000008b4       ?mapping@?4??stbi_write_png_to_mem@@9@9 004458b4     SOIL2:SOIL2.obj
 0003:00000b44       __glfwErrorCallback        00445b44     glfw3:init.c.obj
 0003:00000e04       __wglewGetExtensionsStringARB 00445e04     glew32s:glew.obj
 0003:00000e18       __wglewGetExtensionsStringEXT 00445e18     glew32s:glew.obj
 0003:000034bc       ?_Fac_head@std@@3PAU_Fac_node@1@A 004484bc     msvcprt:locale0_implib.obj
 0003:000034c0       ?_Fac_tidy_reg@std@@3U_Fac_tidy_reg_t@1@B 004484c0     msvcprt:locale0_implib.obj
 0003:000034c4       ?_Tss_mutex@@3U_RTL_CRITICAL_SECTION@@A 004484c4     MSVCRT:thread_safe_statics.obj
 0003:000034dc       ?_Tss_cv@@3U_RTL_CONDITION_VARIABLE@@A 004484dc     MSVCRT:thread_safe_statics.obj
 0003:000034e0       ?_Tss_event@@3PAXA         004484e0     MSVCRT:thread_safe_statics.obj
 0003:000034e4       ?encoded_sleep_condition_variable_cs@@3P6GHPAU_RTL_CONDITION_VARIABLE@@PAU_RTL_CRITICAL_SECTION@@K@ZA 004484e4     MSVCRT:thread_safe_statics.obj
 0003:000034e8       ?encoded_wake_all_condition_variable@@3P6GXPAU_RTL_CONDITION_VARIABLE@@@ZA 004484e8     MSVCRT:thread_safe_statics.obj
 0003:000034f4       ?module_local_atexit_table@@3U_onexit_table_t@@A 004484f4     MSVCRT:utility.obj
 0003:00003500       ?module_local_at_quick_exit_table@@3U_onexit_table_t@@A 00448500     MSVCRT:utility.obj
 0003:0000350c       ?is_initialized_as_dll@@3_NA 0044850c     MSVCRT:utility.obj
 0003:00003510       _GS_ExceptionRecord        00448510     MSVCRT:gs_report.obj
 0003:00003560       _GS_ContextRecord          00448560     MSVCRT:gs_report.obj
 0003:0000385c       ?s_LogMgr@xten@@3PAVLogMgr@1@A 0044885c     logger.obj
 0003:00003864       _DisableTwiddlingRoutine   00448864     SOIL2:SOIL2.obj
 0003:00003868       _stbi__de_iphone_flag      00448868     SOIL2:SOIL2.obj
 0003:0000386c       _stbi__vertically_flip_on_load 0044886c     SOIL2:SOIL2.obj
 0003:00003870       _soilGlGenerateMipmap      00448870     SOIL2:SOIL2.obj
 0003:00003874       _soilGlCompressedTexImage2D 00448874     SOIL2:SOIL2.obj
 0003:00003878       _stbi__unpremultiply_on_load 00448878     SOIL2:SOIL2.obj
 0004:00000000       __guard_fids_??__E_Fac_tidy_reg@std@@YAXXZ 0044a000     msvcprt:locale0_implib.obj
 0004:00000004       __guard_fids__             0044a004     msvcprt:locale0_implib.obj
 0004:00000008       __guard_fids__             0044a008     MSVCRT:std_type_info_static.obj
 0004:0000000c       __guard_fids__             0044a00c     MSVCRT:thread_safe_statics.obj
 0004:00000010       __guard_fids_?__scrt_initialize_thread_safe_statics@@YAHXZ 0044a010     MSVCRT:thread_safe_statics.obj
 0004:00000014       __guard_fids__             0044a014     MSVCRT:exe_main.obj
 0004:00000018       __guard_fids__             0044a018     MSVCRT:exe_main.obj
 0004:0000001c       __guard_fids__             0044a01c     MSVCRT:exe_main.obj
 0004:00000020       __guard_fids_?pre_c_initialization@@YAHXZ 0044a020     MSVCRT:exe_main.obj
 0004:00000028       __guard_fids__             0044a028     MSVCRT:throw_bad_alloc.obj
 0004:00000030       __guard_fids__             0044a030     MSVCRT:throw_bad_alloc.obj
 0004:00000038       __guard_fids__             0044a038     MSVCRT:throw_bad_alloc.obj
 0004:00000040       __guard_fids__             0044a040     MSVCRT:throw_bad_alloc.obj
 0004:00000044       __guard_fids__             0044a044     MSVCRT:throw_bad_alloc.obj
 0004:00000048       __guard_fids__             0044a048     MSVCRT:throw_bad_alloc.obj
 0004:0000004c       __guard_fids__             0044a04c     MSVCRT:throw_bad_alloc.obj
 0004:00000050       __guard_fids___except_handler4 0044a050     MSVCRT:_chandler4gs_.obj
 0004:00000054       __guard_fids____scrt_set_unhandled_exception_filter 0044a054     MSVCRT:utility_desktop.obj
 0004:00000058       __guard_fids__             0044a058     MSVCRT:guard_support.obj
 0006:00000060       $R000000                   0044c060     * linker generated manifest res *
