 xTen

 Timestamp is 576e0bfd (Sat Jun 25 06:43:41 2016)

 Preferred load address is 00400000

 Start         Length     Name                   Class
 0001:00000000 00000150H .text$di                CODE
 0001:00000150 00023e40H .text$mn                CODE
 0001:00023f90 00000640H .text$x                 CODE
 0001:000245d0 00000181H .text$yd                CODE
 0002:00000000 00000360H .idata$5                DATA
 0002:00000360 00000004H .00cfg                  DATA
 0002:00000364 00000004H .CRT$XCA                DATA
 0002:00000368 00000004H .CRT$XCAA               DATA
 0002:0000036c 00000040H .CRT$XCU                DATA
 0002:000003ac 00000004H .CRT$XCZ                DATA
 0002:000003b0 00000004H .CRT$XIA                DATA
 0002:000003b4 00000004H .CRT$XIAA               DATA
 0002:000003b8 00000004H .CRT$XIAC               DATA
 0002:000003bc 00000004H .CRT$XIC                DATA
 0002:000003c0 00000004H .CRT$XIZ                DATA
 0002:000003c4 00000004H .CRT$XLA                DATA
 0002:000003c8 00000004H .CRT$XLZ                DATA
 0002:000003cc 00000004H .CRT$XPA                DATA
 0002:000003d0 00000004H .CRT$XPZ                DATA
 0002:000003d4 00000004H .CRT$XTA                DATA
 0002:000003d8 00000008H .CRT$XTZ                DATA
 0002:000003e0 000151bcH .rdata                  DATA
 0002:0001559c 00000018H .rdata$T                DATA
 0002:000155b4 000001ccH .rdata$r                DATA
 0002:00015780 00000070H .rdata$sxdata           DATA
 0002:000157f0 000003a0H .rdata$zzzdbg           DATA
 0002:00015b90 00000004H .rtc$IAA                DATA
 0002:00015b94 00000004H .rtc$IZZ                DATA
 0002:00015b98 00000004H .rtc$TAA                DATA
 0002:00015b9c 00000004H .rtc$TZZ                DATA
 0002:00015ba0 00000824H .xdata$x                DATA
 0002:000163c4 00000000H .edata                  DATA
 0002:000163c4 00000154H .idata$2                DATA
 0002:00016518 00000014H .idata$3                DATA
 0002:0001652c 00000360H .idata$4                DATA
 0002:0001688c 0000126eH .idata$6                DATA
 0003:00000000 00000960H .data                   DATA
 0003:00000960 000000c0H .data$r                 DATA
 0003:00000a20 00003a48H .bss                    DATA
 0004:00000000 00000058H .gfids$y                DATA
 0005:00000000 00000004H .tls                    DATA
 0005:00000004 00000004H .tls$                   DATA
 0005:00000008 00000001H .tls$ZZZ                DATA
 0006:00000000 00000060H .rsrc$01                DATA
 0006:00000060 00000180H .rsrc$02                DATA

  Address         Publics by Value              Rva+Base       Lib:Object

 0000:00000000       ___guard_iat_table         00000000     <absolute>
 0000:00000000       ___guard_iat_count         00000000     <absolute>
 0000:00000000       ___guard_longjmp_count     00000000     <absolute>
 0000:00000000       ___guard_fids_table        00000000     <absolute>
 0000:00000000       ___guard_longjmp_table     00000000     <absolute>
 0000:00000000       ___dynamic_value_reloc_table 00000000     <absolute>
 0000:00000000       ___guard_fids_count        00000000     <absolute>
 0000:0000001c       ___safe_se_handler_count   0000001c     <absolute>
 0000:0000002c       __tls_array                0000002c     <absolute>
 0000:00000100       ___guard_flags             00000100     <absolute>
 0000:00000000       ___ImageBase               00400000     <linker-defined>
 0001:00000150       _cosf                      00401150 f i main.obj
 0001:00000160       ??0PointLight@xgraphics@xten@@QAE@XZ 00401160 f i main.obj
 0001:000001d0       ??0SpotLight@xgraphics@xten@@QAE@XZ 004011d0 f i main.obj
 0001:00000250       ??1DirectionalLight@xgraphics@xten@@QAE@XZ 00401250 f i main.obj
 0001:00000250       ??1PointLight@xgraphics@xten@@QAE@XZ 00401250 f i main.obj
 0001:00000250       ??1?$basic_string@DU?$char_traits@D@std@@V?$allocator@D@2@@std@@QAE@XZ 00401250 f i main.obj
 0001:00000290       ??0Game@@QAE@XZ            00401290 f i main.obj
 0001:000003a0       ??1Game@@UAE@XZ            004013a0 f i main.obj
 0001:000004e0       ?start@Game@@UAEXXZ        004014e0 f i main.obj
 0001:00000770       ?onUpdate@Game@@UAEXXZ     00401770 f i main.obj
 0001:000007d0       ?onRender@Game@@UAEXXZ     004017d0 f i main.obj
 0001:00000ab0       ??_EGame@@UAEPAXI@Z        00401ab0 f i * CIL library *:* CIL module *
 0001:00000ab0       ??_GGame@@UAEPAXI@Z        00401ab0 f i main.obj
 0001:00000ae0       _main                      00401ae0 f   main.obj
 0001:00000c60       ??0?$basic_string@DU?$char_traits@D@std@@V?$allocator@D@2@@std@@QAE@PBD@Z 00401c60 f i main.obj
 0001:00000cc0       ?_Myptr@?$_String_alloc@U?$_String_base_types@DV?$allocator@D@std@@@std@@@std@@QBEPBDXZ 00401cc0 f i main.obj
 0001:00000cd0       ?assign@?$basic_string@DU?$char_traits@D@std@@V?$allocator@D@2@@std@@QAEAAV12@PBDI@Z 00401cd0 f i main.obj
 0001:00000dd0       ?assign@?$basic_string@DU?$char_traits@D@std@@V?$allocator@D@2@@std@@QAEAAV12@ABV12@II@Z 00401dd0 f i main.obj
 0001:00000ef0       ?deallocate@?$_Wrap_alloc@V?$allocator@D@std@@@std@@QAEXPADI@Z 00401ef0 f i main.obj
 0001:00000f50       ?_Grow@?$basic_string@DU?$char_traits@D@std@@V?$allocator@D@2@@std@@QAE_NI_N@Z 00401f50 f i main.obj
 0001:00001010       ?erase@?$basic_string@DU?$char_traits@D@std@@V?$allocator@D@2@@std@@QAEAAV12@II@Z 00402010 f i main.obj
 0001:000010b0       ?_Copy@?$basic_string@DU?$char_traits@D@std@@V?$allocator@D@2@@std@@QAEXII@Z 004020b0 f i main.obj
 0001:00001260       ?allocate@?$_Wrap_alloc@V?$allocator@D@std@@@std@@QAEPADI@Z 00402260 f i main.obj
 0001:000012d0       ??$?6U?$char_traits@D@std@@@std@@YAAAV?$basic_ostream@DU?$char_traits@D@std@@@0@AAV10@PBD@Z 004022d0 f i main.obj
 0001:00001520       ??$endl@DU?$char_traits@D@std@@@std@@YAAAV?$basic_ostream@DU?$char_traits@D@std@@@0@AAV10@@Z 00402520 f i main.obj
 0001:00001550       ??1sentry@?$basic_ostream@DU?$char_traits@D@std@@@std@@QAE@XZ 00402550 f i main.obj
 0001:000015c0       ??1_Sentry_base@?$basic_ostream@DU?$char_traits@D@std@@@std@@QAE@XZ 004025c0 f i main.obj
 0001:00001610       ??_EClient@xten@@UAEPAXI@Z 00402610 f i * CIL library *:* CIL module *
 0001:00001610       ??_GClient@xten@@UAEPAXI@Z 00402610 f i client.obj
 0001:000016a0       ??1Client@xten@@UAE@XZ     004026a0 f   client.obj
 0001:00001710       ?init@Client@xten@@QAE_NW4XTEN_FW_TYPE@2@@Z 00402710 f   client.obj
 0001:000018b0       ?createWindow@Client@xten@@QAE_NABV?$basic_string@DU?$char_traits@D@std@@V?$allocator@D@2@@std@@ABUWindowProperties@2@@Z 004028b0 f   client.obj
 0001:000019e0       ?start@Client@xten@@UAEXXZ 004029e0 f   client.obj
 0001:00001ae0       ?onUpdate@Client@xten@@UAEXXZ 00402ae0 f   client.obj
 0001:00001b00       ?onRender@Client@xten@@UAEXXZ 00402b00 f   client.obj
 0001:00001b10       ?shutdown@Client@xten@@QAEXXZ 00402b10 f   client.obj
 0001:00001bc0       ??_GWindow@xten@@QAEPAXI@Z 00402bc0 f i client.obj
 0001:00001c20       ??0InputManager@xten@@QAE@XZ 00402c20 f   inputmanager.obj
 0001:00001cc0       ?onUpdate@InputManager@xten@@QAEXXZ 00402cc0 f   inputmanager.obj
 0001:00001dc0       ___local_stdio_printf_options 00402dc0 f i xten_glfw.obj
 0001:00001dd0       __vfprintf_l               00402dd0 f i xten_glfw.obj
 0001:00001e00       _fprintf                   00402e00 f i xten_glfw.obj
 0001:00001e30       _printf                    00402e30 f i xten_glfw.obj
 0001:00001e60       ?getTitle@Window@xten@@QBE?BV?$basic_string@DU?$char_traits@D@std@@V?$allocator@D@2@@std@@XZ 00402e60 f i xten_glfw.obj
 0001:00001fe0       ?GLFWInit@xten@@YA_NXZ     00402fe0 f   xten_glfw.obj
 0001:00002090       ?GLFWCreateWindow@xten@@YA_NPAVWindow@1@@Z 00403090 f   xten_glfw.obj
 0001:000021c0       ?GLFWRun@xten@@YAXPAVClient@1@@Z 004031c0 f   xten_glfw.obj
 0001:00002280       ??0Camera@xgraphics@xten@@QAE@XZ 00403280 f   camera.obj
 0001:00002360       ?onKeyboard@Camera@xgraphics@xten@@AAE_NXZ 00403360 f   camera.obj
 0001:00002570       ?onMouse@Camera@xgraphics@xten@@AAE_NXZ 00403570 f   camera.obj
 0001:00002630       ?onUpdate@Camera@xgraphics@xten@@QAEXXZ 00403630 f   camera.obj
 0001:000027e0       ?cross@xmaths@xten@@YA?AV?$xVec@M$02@12@ABV312@0@Z 004037e0 f i camera.obj
 0001:00002840       ??Gxmaths@xten@@YA?AV?$xVec@M$02@01@V201@ABV201@@Z 00403840 f i camera.obj
 0001:00002880       ??Hxmaths@xten@@YA?AV?$xVec@M$02@01@V201@ABV201@@Z 00403880 f i camera.obj
 0001:000028c0       ??$normalize@M$02@xmaths@xten@@YA?AV?$xVec@M$02@01@V201@@Z 004038c0 f i camera.obj
 0001:00002930       ??$?DM$02@xmaths@xten@@YA?AV?$xVec@M$02@01@MV201@@Z 00403930 f i camera.obj
 0001:00002970       ?init@LightingTechnique@xgraphics@xten@@QAEXXZ 00403970 f   lightingtechnique.obj
 0001:00002a00       ?setPVM@LightingTechnique@xgraphics@xten@@QAEXABV?$xMat@M$03$03@xmaths@3@00@Z 00403a00 f   lightingtechnique.obj
 0001:00002ac0       ?setDirLight@LightingTechnique@xgraphics@xten@@QAEXABUDirectionalLight@23@@Z 00403ac0 f   lightingtechnique.obj
 0001:00002ba0       ?setPointLights@LightingTechnique@xgraphics@xten@@QAEXIPBUPointLight@23@@Z 00403ba0 f   lightingtechnique.obj
 0001:00002dd0       ?setSpotLights@LightingTechnique@xgraphics@xten@@QAEXIPBUSpotLight@23@@Z 00403dd0 f   lightingtechnique.obj
 0001:000030a0       ??$?D$03$03@?$xMat@M$03$03@xmaths@xten@@QBE?AV012@V012@@Z 004040a0 f i lightingtechnique.obj
 0001:000031c0       ??$_snprintf_s@$0IA@@@YAHAAY0IA@DIPBDZZ 004041c0 f i lightingtechnique.obj
 0001:00003200       ?HasTextureCoords@aiMesh@@QBE_NI@Z 00404200 f i mesh.obj
 0001:00003220       ?init@MeshEntry@Mesh@xgraphics@xten@@QAEXABV?$vector@UVertex@xgraphics@xten@@V?$allocator@UVertex@xgraphics@xten@@@std@@@std@@ABV?$vector@IV?$allocator@I@std@@@6@@Z 00404220 f   mesh.obj
 0001:00003330       ??1Mesh@xgraphics@xten@@QAE@XZ 00404330 f   mesh.obj
 0001:000033b0       ?loadMesh@Mesh@xgraphics@xten@@QAEEABV?$basic_string@DU?$char_traits@D@std@@V?$allocator@D@2@@std@@@Z 004043b0 f   mesh.obj
 0001:000034d0       ?render@Mesh@xgraphics@xten@@QAEXXZ 004044d0 f   mesh.obj
 0001:00003590       ?initFromScene@Mesh@xgraphics@xten@@AAEEPBUaiScene@@ABV?$basic_string@DU?$char_traits@D@std@@V?$allocator@D@2@@std@@@Z 00404590 f   mesh.obj
 0001:00003610       ?initMesh@Mesh@xgraphics@xten@@AAEXIPBUaiMesh@@@Z 00404610 f   mesh.obj
 0001:000038e0       ?initMaterials@Mesh@xgraphics@xten@@AAEEPBUaiScene@@ABV?$basic_string@DU?$char_traits@D@std@@V?$allocator@D@2@@std@@@Z 004048e0 f   mesh.obj
 0001:00003c20       ?resize@?$vector@PAVTexture2D@xgraphics@xten@@V?$allocator@PAVTexture2D@xgraphics@xten@@@std@@@std@@QAEXI@Z 00404c20 f i mesh.obj
 0001:00003c90       ?resize@?$vector@UMeshEntry@Mesh@xgraphics@xten@@V?$allocator@UMeshEntry@Mesh@xgraphics@xten@@@std@@@std@@QAEXI@Z 00404c90 f i mesh.obj
 0001:00003d40       ?push_back@?$vector@IV?$allocator@I@std@@@std@@QAEXABI@Z 00404d40 f i mesh.obj
 0001:00003e50       ??1?$vector@IV?$allocator@I@std@@@std@@QAE@XZ 00404e50 f i mesh.obj
 0001:00003ed0       ??1?$vector@UVertex@xgraphics@xten@@V?$allocator@UVertex@xgraphics@xten@@@std@@@std@@QAE@XZ 00404ed0 f i mesh.obj
 0001:00003f60       ?push_back@?$vector@UVertex@xgraphics@xten@@V?$allocator@UVertex@xgraphics@xten@@@std@@@std@@QAEX$$QAUVertex@xgraphics@xten@@@Z 00404f60 f i mesh.obj
 0001:00004070       ?substr@?$basic_string@DU?$char_traits@D@std@@V?$allocator@D@2@@std@@QBE?AV12@II@Z 00405070 f i mesh.obj
 0001:000040b0       ??0?$basic_string@DU?$char_traits@D@std@@V?$allocator@D@2@@std@@QAE@$$QAV01@@Z 004050b0 f i mesh.obj
 0001:00004130       ?_Reserve@?$vector@PAVTexture2D@xgraphics@xten@@V?$allocator@PAVTexture2D@xgraphics@xten@@@std@@@std@@IAEXI@Z 00405130 f i mesh.obj
 0001:000041a0       ?_Reserve@?$vector@UMeshEntry@Mesh@xgraphics@xten@@V?$allocator@UMeshEntry@Mesh@xgraphics@xten@@@std@@@std@@IAEXI@Z 004051a0 f i mesh.obj
 0001:00004240       ?_Pop_back_n@?$vector@UMeshEntry@Mesh@xgraphics@xten@@V?$allocator@UMeshEntry@Mesh@xgraphics@xten@@@std@@@std@@QAEXI@Z 00405240 f i mesh.obj
 0001:000042e0       ?find_last_of@?$basic_string@DU?$char_traits@D@std@@V?$allocator@D@2@@std@@QBEIPBDII@Z 004052e0 f i mesh.obj
 0001:00004360       ?append@?$basic_string@DU?$char_traits@D@std@@V?$allocator@D@2@@std@@QAEAAV12@PBDI@Z 00405360 f i mesh.obj
 0001:00004480       ?append@?$basic_string@DU?$char_traits@D@std@@V?$allocator@D@2@@std@@QAEAAV12@ABV12@II@Z 00405480 f i mesh.obj
 0001:00004570       ?_Assign_rv@?$basic_string@DU?$char_traits@D@std@@V?$allocator@D@2@@std@@QAEX$$QAV12@@Z 00405570 f i mesh.obj
 0001:000045e0       ?deallocate@?$_Wrap_alloc@V?$allocator@PAVTexture2D@xgraphics@xten@@@std@@@std@@QAEXPAPAVTexture2D@xgraphics@xten@@I@Z 004055e0 f i mesh.obj
 0001:000045e0       ?deallocate@?$_Wrap_alloc@V?$allocator@PAVShader@xgraphics@xten@@@std@@@std@@QAEXPAPAVShader@xgraphics@xten@@I@Z 004055e0 f i shadermanager.obj
 0001:00004640       @_guard_check_icall_nop@4  00405640 f i MSVCRT:guard_support.obj
 0001:00004640       __initialize_denormal_control 00405640 f i MSVCRT:denormal_control.obj
 0001:00004640       ?_Orphan_all@?$_Vector_alloc@U?$_Vec_base_types@PAVTexture2D@xgraphics@xten@@V?$allocator@PAVTexture2D@xgraphics@xten@@@std@@@std@@@std@@QAEXXZ 00405640 f i mesh.obj
 0001:00004640       __initialize_invalid_parameter_handler 00405640 f i MSVCRT:invalid_parameter_handler.obj
 0001:00004640       ?_Orphan_all@?$_Vector_alloc@U?$_Vec_base_types@PAVShader@xgraphics@xten@@V?$allocator@PAVShader@xgraphics@xten@@@std@@@std@@@std@@QAEXXZ 00405640 f i shadermanager.obj
 0001:00004650       ?_Reallocate@?$vector@PAVTexture2D@xgraphics@xten@@V?$allocator@PAVTexture2D@xgraphics@xten@@@std@@@std@@IAEXI@Z 00405650 f i mesh.obj
 0001:00004720       ?_Destroy@?$vector@PAVTexture2D@xgraphics@xten@@V?$allocator@PAVTexture2D@xgraphics@xten@@@std@@@std@@IAEXPAPAVTexture2D@xgraphics@xten@@0@Z 00405720 f i mesh.obj
 0001:00004720       ?_Destroy@?$vector@PAVShader@xgraphics@xten@@V?$allocator@PAVShader@xgraphics@xten@@@std@@@std@@IAEXPAPAVShader@xgraphics@xten@@0@Z 00405720 f i shadermanager.obj
 0001:00004730       ?deallocate@?$_Wrap_alloc@V?$allocator@UMeshEntry@Mesh@xgraphics@xten@@@std@@@std@@QAEXPAUMeshEntry@Mesh@xgraphics@xten@@I@Z 00405730 f i mesh.obj
 0001:000047a0       ?_Reallocate@?$vector@UMeshEntry@Mesh@xgraphics@xten@@V?$allocator@UMeshEntry@Mesh@xgraphics@xten@@@std@@@std@@IAEXI@Z 004057a0 f i mesh.obj
 0001:00004840       ?_Destroy@?$vector@UMeshEntry@Mesh@xgraphics@xten@@V?$allocator@UMeshEntry@Mesh@xgraphics@xten@@@std@@@std@@IAEXPAUMeshEntry@Mesh@xgraphics@xten@@0@Z 00405840 f i mesh.obj
 0001:000048c0       ?_Reallocate@?$vector@IV?$allocator@I@std@@@std@@IAEXI@Z 004058c0 f i mesh.obj
 0001:000049e0       ?_Reallocate@?$vector@UVertex@xgraphics@xten@@V?$allocator@UVertex@xgraphics@xten@@@std@@@std@@IAEXI@Z 004059e0 f i mesh.obj
 0001:00004b00       ?allocate@?$allocator@UMeshEntry@Mesh@xgraphics@xten@@@std@@QAEPAUMeshEntry@Mesh@xgraphics@xten@@I@Z 00405b00 f i mesh.obj
 0001:00004b70       ??$?HDU?$char_traits@D@std@@V?$allocator@D@1@@std@@YA?AV?$basic_string@DU?$char_traits@D@std@@V?$allocator@D@2@@0@ABV10@PBD@Z 00405b70 f i mesh.obj
 0001:00004c40       ??$?HDU?$char_traits@D@std@@V?$allocator@D@1@@std@@YA?AV?$basic_string@DU?$char_traits@D@std@@V?$allocator@D@2@@0@$$QAV10@PBD@Z 00405c40 f i mesh.obj
 0001:00004c90       ??0?$_Wrap_alloc@V?$allocator@PAVTexture2D@xgraphics@xten@@@std@@@std@@QAE@XZ 00405c90 f i mesh.obj
 0001:00004ca0       ??$_Uninitialized_default_fill_n1@PAUMeshEntry@Mesh@xgraphics@xten@@IV?$allocator@UMeshEntry@Mesh@xgraphics@xten@@@std@@U?$integral_constant@_N$0A@@6@@std@@YAXPAUMeshEntry@Mesh@xgraphics@xten@@IAAU?$_Wrap_alloc@V?$allocator@UMeshEntry@Mesh@xgraphics@xten@@@std@@@0@U?$integral_constant@_N$0A@@0@@Z 00405ca0 f i mesh.obj
 0001:00004d10       ??$_Uninitialized_move_al_unchecked1@PAUMeshEntry@Mesh@xgraphics@xten@@PAU1234@V?$allocator@UMeshEntry@Mesh@xgraphics@xten@@@std@@@std@@YAPAUMeshEntry@Mesh@xgraphics@xten@@PAU1234@00AAU?$_Wrap_alloc@V?$allocator@UMeshEntry@Mesh@xgraphics@xten@@@std@@@0@U_General_ptr_iterator_tag@0@@Z 00405d10 f i mesh.obj
 0001:00004d70       ??$_Uninitialized_move_al_unchecked1@PAUVertex@xgraphics@xten@@PAU123@V?$allocator@UVertex@xgraphics@xten@@@std@@@std@@YAPAUVertex@xgraphics@xten@@PAU123@00AAU?$_Wrap_alloc@V?$allocator@UVertex@xgraphics@xten@@@std@@@0@U_General_ptr_iterator_tag@0@@Z 00405d70 f i mesh.obj
 0001:00004da0       ?compile@Shader@xgraphics@xten@@QAEEPBD00@Z 00405da0 f   shader.obj
 0001:00005070       ?checkProgramErrors@Shader@xgraphics@xten@@AAEEIV?$basic_string@DU?$char_traits@D@std@@V?$allocator@D@2@@std@@0@Z 00406070 f   shader.obj
 0001:00005300       ?checkErrors@Shader@xgraphics@xten@@AAEEIV?$basic_string@DU?$char_traits@D@std@@V?$allocator@D@2@@std@@@Z 00406300 f   shader.obj
 0001:00005490       ?getUniformLocation@Shader@xgraphics@xten@@AAEHPBD@Z 00406490 f   shader.obj
 0001:000054f0       ??1?$vector@DV?$allocator@D@std@@@std@@QAE@XZ 004064f0 f i shader.obj
 0001:00005500       ??0?$vector@DV?$allocator@D@std@@@std@@QAE@I@Z 00406500 f i shader.obj
 0001:00005560       ?_Tidy@?$vector@DV?$allocator@D@std@@@std@@IAEXXZ 00406560 f i shader.obj
 0001:000055e0       ?_Traits_compare@?$basic_string@DU?$char_traits@D@std@@V?$allocator@D@2@@std@@SAHQBDI0I@Z 004065e0 f i shader.obj
 0001:00005670       ??$?6DU?$char_traits@D@std@@V?$allocator@D@1@@std@@YAAAV?$basic_ostream@DU?$char_traits@D@std@@@0@AAV10@ABV?$basic_string@DU?$char_traits@D@std@@V?$allocator@D@2@@0@@Z 00406670 f i shader.obj
 0001:00005870       ??1exception@std@@UAE@XZ   00406870 f i shadermanager.obj
 0001:00005890       ?what@exception@std@@UBEPBDXZ 00406890 f i shadermanager.obj
 0001:000058a0       ??_Eexception@std@@UAEPAXI@Z 004068a0 f i * CIL library *:* CIL module *
 0001:000058a0       ??_Gexception@std@@UAEPAXI@Z 004068a0 f i shadermanager.obj
 0001:000059a0       ?add@ShaderManager@xgraphics@xten@@SAPAVShader@23@V?$basic_string@DU?$char_traits@D@std@@V?$allocator@D@2@@std@@PBD11@Z 004069a0 f   shadermanager.obj
 0001:000060a0       ?get@ShaderManager@xgraphics@xten@@SAPAVShader@23@ABV?$basic_string@DU?$char_traits@D@std@@V?$allocator@D@2@@std@@@Z 004070a0 f   shadermanager.obj
 0001:00006110       ?clean@ShaderManager@xgraphics@xten@@SAXXZ 00407110 f   shadermanager.obj
 0001:000061e0       ?_Reserve@?$vector@PAVShader@xgraphics@xten@@V?$allocator@PAVShader@xgraphics@xten@@@std@@@std@@IAEXI@Z 004071e0 f i shadermanager.obj
 0001:00006250       ?_Reallocate@?$vector@PAVShader@xgraphics@xten@@V?$allocator@PAVShader@xgraphics@xten@@@std@@@std@@IAEXI@Z 00407250 f i shadermanager.obj
 0001:00006320       ??0?$_Wrap_alloc@V?$allocator@PAVShader@xgraphics@xten@@@std@@@std@@QAE@XZ 00407320 f i shadermanager.obj
 0001:00006330       ?generate@Texture2D@xgraphics@xten@@QAEXHHIPAE@Z 00407330 f   texture2d.obj
 0001:000064c0       ?add@TexManager@xgraphics@xten@@SAPAVTexture2D@23@IABV?$basic_string@DU?$char_traits@D@std@@V?$allocator@D@2@@std@@0E@Z 004074c0 f   texturemanager.obj
 0001:00006850       ?get@TexManager@xgraphics@xten@@SAPAVTexture2D@23@ABV?$basic_string@DU?$char_traits@D@std@@V?$allocator@D@2@@std@@@Z 00407850 f   texturemanager.obj
 0001:000068c0       ?clean@TexManager@xgraphics@xten@@SAXXZ 004078c0 f   texturemanager.obj
 0001:00006990       ??0Pipeline@xmaths@xten@@QAE@XZ 00407990 f   pipeline.obj
 0001:00006ac0       ?getModel@Pipeline@xmaths@xten@@QAEABV?$xMat@M$03$03@23@XZ 00407ac0 f   pipeline.obj
 0001:00006ba0       ?setCamera@Pipeline@xmaths@xten@@QAEXABVCamera@xgraphics@3@@Z 00407ba0 f   pipeline.obj
 0001:00006c20       ?scale@?$xMat@M$03$03@xmaths@xten@@SA?AV123@ABV?$xVec@M$02@23@@Z 00407c20 f i pipeline.obj
 0001:00006c40       ?rotation@?$xMat@M$03$03@xmaths@xten@@SA?AV123@MABV?$xVec@M$02@23@@Z 00407c40 f i pipeline.obj
 0001:00006db0       ?translation@?$xMat@M$03$03@xmaths@xten@@SA?AV123@ABV?$xVec@M$02@23@@Z 00407db0 f i pipeline.obj
 0001:00006de0       ?lookAt@?$xMat@M$03$03@xmaths@xten@@SA?AV123@ABV?$xVec@M$02@23@00@Z 00407de0 f i pipeline.obj
 0001:00006f80       ?perspective@?$xMat@M$03$03@xmaths@xten@@SA?AV123@MMMM@Z 00407f80 f i pipeline.obj
 0001:00007060       ??0?$xMat@M$03$03@xmaths@xten@@QAE@M@Z 00408060 f i pipeline.obj
 0001:000070c0       ??G?$xVec@M$02@xmaths@xten@@QBE?AV012@XZ 004080c0 f i pipeline.obj
 0001:00007110       ?print@MemInfo@xten@@QAEXXZ 00408110 f   memorymanager.obj
 0001:000072b0       ?fromByte@MemInfo@xten@@QAE?AV?$basic_string@DU?$char_traits@D@std@@V?$allocator@D@2@@std@@AB_J@Z 004082b0 f   memorymanager.obj
 0001:000073d0       __vsprintf_p_l             004083d0 f i string.obj
 0001:00007400       __sprintf_p                00408400 f i string.obj
 0001:00007420       ?ToStr@xten@@YA?AV?$basic_string@DU?$char_traits@D@std@@V?$allocator@D@2@@std@@M@Z 00408420 f   string.obj
 0001:00007510       __glfwInputFramebufferSize 00408510 f   glfw3:window.c.obj
 0001:00007530       __glfwInputWindowCloseRequest 00408530 f   glfw3:window.c.obj
 0001:00007550       __glfwInputWindowDamage    00408550 f   glfw3:window.c.obj
 0001:00007570       __glfwInputWindowFocus     00408570 f   glfw3:window.c.obj
 0001:000075f0       __glfwInputWindowIconify   004085f0 f   glfw3:window.c.obj
 0001:00007610       __glfwInputWindowMonitorChange 00408610 f   glfw3:window.c.obj
 0001:00007620       __glfwInputWindowPos       00408620 f   glfw3:window.c.obj
 0001:00007640       __glfwInputWindowSize      00408640 f   glfw3:window.c.obj
 0001:00007660       _glfwCreateWindow          00408660 f   glfw3:window.c.obj
 0001:00007940       _glfwDefaultWindowHints    00408940 f   glfw3:window.c.obj
 0001:000079d0       _glfwDestroyWindow         004089d0 f   glfw3:window.c.obj
 0001:00007a50       _glfwGetFramebufferSize    00408a50 f   glfw3:window.c.obj
 0001:00007aa0       _glfwGetWindowUserPointer  00408aa0 f   glfw3:window.c.obj
 0001:00007ad0       _glfwPollEvents            00408ad0 f   glfw3:window.c.obj
 0001:00007af0       _glfwSetFramebufferSizeCallback 00408af0 f   glfw3:window.c.obj
 0001:00007b20       _glfwSetWindowUserPointer  00408b20 f   glfw3:window.c.obj
 0001:00007b50       _glfwWindowHint            00408b50 f   glfw3:window.c.obj
 0001:00007e00       _glfwWindowShouldClose     00408e00 f   glfw3:window.c.obj
 0001:00007e30       __glfwInputChar            00408e30 f   glfw3:input.c.obj
 0001:00007e80       __glfwInputCursorEnter     00408e80 f   glfw3:input.c.obj
 0001:00007ea0       __glfwInputCursorPos       00408ea0 f   glfw3:input.c.obj
 0001:00007f10       __glfwInputDrop            00408f10 f   glfw3:input.c.obj
 0001:00007f30       __glfwInputJoystickChange  00408f30 f   glfw3:input.c.obj
 0001:00007f40       __glfwInputKey             00408f40 f   glfw3:input.c.obj
 0001:00007fb0       __glfwInputMouseClick      00408fb0 f   glfw3:input.c.obj
 0001:00007ff0       __glfwInputScroll          00408ff0 f   glfw3:input.c.obj
 0001:00008020       _glfwDestroyCursor         00409020 f   glfw3:input.c.obj
 0001:000080c0       _glfwSetCursorPosCallback  004090c0 f   glfw3:input.c.obj
 0001:000080f0       _glfwSetKeyCallback        004090f0 f   glfw3:input.c.obj
 0001:00008120       _glfwSetMouseButtonCallback 00409120 f   glfw3:input.c.obj
 0001:00008150       _glfwSetScrollCallback     00409150 f   glfw3:input.c.obj
 0001:00008180       ___local_stdio_scanf_options 00409180 f i glfw3:context.c.obj
 0001:00008190       __glfwChooseFBConfig       00409190 f   glfw3:context.c.obj
 0001:00008360       __glfwIsValidContextConfig 00409360 f   glfw3:context.c.obj
 0001:00008540       __glfwRefreshContextAttribs 00409540 f   glfw3:context.c.obj
 0001:00008860       __glfwStringInExtensionString 00409860 f   glfw3:context.c.obj
 0001:000088d0       _glfwExtensionSupported    004098d0 f   glfw3:context.c.obj
 0001:000089f0       _glfwGetProcAddress        004099f0 f   glfw3:context.c.obj
 0001:00008a30       _glfwMakeContextCurrent    00409a30 f   glfw3:context.c.obj
 0001:00008ab0       _glfwSwapBuffers           00409ab0 f   glfw3:context.c.obj
 0001:00008b00       _glfwSwapInterval          00409b00 f   glfw3:context.c.obj
 0001:00008c70       _sscanf                    00409c70 f i glfw3:context.c.obj
 0001:00008ca0       __glfwInputError           00409ca0 f   glfw3:init.c.obj
 0001:00008de0       _glfwGetVersion            00409de0 f   glfw3:init.c.obj
 0001:00008e10       _glfwInit                  00409e10 f   glfw3:init.c.obj
 0001:00008e80       _glfwSetErrorCallback      00409e80 f   glfw3:init.c.obj
 0001:00008e90       _glfwTerminate             00409e90 f   glfw3:init.c.obj
 0001:00008f70       __glfwAllocMonitor         00409f70 f   glfw3:monitor.c.obj
 0001:00008fb0       __glfwChooseVideoMode      00409fb0 f   glfw3:monitor.c.obj
 0001:00009100       __glfwCompareVideoModes    0040a100 f   glfw3:monitor.c.obj
 0001:00009150       __glfwFreeMonitors         0040a150 f   glfw3:monitor.c.obj
 0001:000091d0       __glfwInputMonitorChange   0040a1d0 f   glfw3:monitor.c.obj
 0001:000093f0       __glfwInputMonitorWindowChange 0040a3f0 f   glfw3:monitor.c.obj
 0001:00009400       __glfwSplitBPP             0040a400 f   glfw3:monitor.c.obj
 0001:00009450       _glfwGetPrimaryMonitor     0040a450 f   glfw3:monitor.c.obj
 0001:000094e0       __glfwPlatformCreateWindow 0040a4e0 f   glfw3:win32_window.c.obj
 0001:000095e0       __glfwPlatformDestroyCursor 0040a5e0 f   glfw3:win32_window.c.obj
 0001:00009600       __glfwPlatformDestroyWindow 0040a600 f   glfw3:win32_window.c.obj
 0001:000096a0       __glfwPlatformFocusWindow  0040a6a0 f   glfw3:win32_window.c.obj
 0001:000096d0       __glfwPlatformGetRequiredInstanceExtensions 0040a6d0 f   glfw3:win32_window.c.obj
 0001:00009720       __glfwPlatformGetWindowSize 0040a720 f   glfw3:win32_window.c.obj
 0001:00009720       __glfwPlatformGetFramebufferSize 0040a720 f   glfw3:win32_window.c.obj
 0001:00009780       __glfwPlatformIconifyWindow 0040a780 f   glfw3:win32_window.c.obj
 0001:000097a0       __glfwPlatformPollEvents   0040a7a0 f   glfw3:win32_window.c.obj
 0001:00009930       __glfwPlatformSetCursor    0040a930 f   glfw3:win32_window.c.obj
 0001:00009980       __glfwPlatformSetCursorMode 0040a980 f   glfw3:win32_window.c.obj
 0001:00009ac0       __glfwPlatformSetCursorPos 0040aac0 f   glfw3:win32_window.c.obj
 0001:00009b10       __glfwPlatformSetWindowMonitor 0040ab10 f   glfw3:win32_window.c.obj
 0001:00009dc0       __glfwPlatformShowWindow   0040adc0 f   glfw3:win32_window.c.obj
 0001:00009de0       __glfwRegisterWindowClassWin32 0040ade0 f   glfw3:win32_window.c.obj
 0001:00009ea0       __glfwUnregisterWindowClassWin32 0040aea0 f   glfw3:win32_window.c.obj
 0001:0000b1e0       __glfwInitThreadLocalStorageWin32 0040c1e0 f   glfw3:win32_tls.c.obj
 0001:0000b220       __glfwPlatformGetCurrentContext 0040c220 f   glfw3:win32_tls.c.obj
 0001:0000b230       __glfwPlatformSetCurrentContext 0040c230 f   glfw3:win32_tls.c.obj
 0001:0000b250       __glfwTerminateThreadLocalStorageWin32 0040c250 f   glfw3:win32_tls.c.obj
 0001:0000b270       __glfwDetectJoystickConnectionWin32 0040c270 f   glfw3:win32_joystick.c.obj
 0001:0000b2d0       __glfwDetectJoystickDisconnectionWin32 0040c2d0 f   glfw3:win32_joystick.c.obj
 0001:0000b390       __glfwInitJoysticksWin32   0040c390 f   glfw3:win32_joystick.c.obj
 0001:0000b3e0       __glfwTerminateJoysticksWin32 0040c3e0 f   glfw3:win32_joystick.c.obj
 0001:0000bdc0       __glfwInitTimerWin32       0040cdc0 f   glfw3:win32_time.c.obj
 0001:0000be20       __glfwPlatformGetTimerValue 0040ce20 f   glfw3:win32_time.c.obj
 0001:0000be50       __glfwCreateUTF8FromWideStringWin32 0040ce50 f   glfw3:win32_init.c.obj
 0001:0000bec0       __glfwCreateWideStringFromUTF8Win32 0040cec0 f   glfw3:win32_init.c.obj
 0001:0000bf20       __glfwPlatformInit         0040cf20 f   glfw3:win32_init.c.obj
 0001:0000bfc0       __glfwPlatformTerminate    0040cfc0 f   glfw3:win32_init.c.obj
 0001:0000c570       __glfwPlatformGetMonitorPos 0040d570 f   glfw3:win32_monitor.c.obj
 0001:0000c600       __glfwPlatformGetMonitors  0040d600 f   glfw3:win32_monitor.c.obj
 0001:0000c880       __glfwPlatformGetVideoMode 0040d880 f   glfw3:win32_monitor.c.obj
 0001:0000c930       __glfwPlatformGetVideoModes 0040d930 f   glfw3:win32_monitor.c.obj
 0001:0000cb80       __glfwPlatformIsSameMonitor 0040db80 f   glfw3:win32_monitor.c.obj
 0001:0000cc30       __glfwPlatformSetGammaRamp 0040dc30 f   glfw3:win32_monitor.c.obj
 0001:0000cd00       __glfwRestoreVideoModeWin32 0040dd00 f   glfw3:win32_monitor.c.obj
 0001:0000cd30       __glfwSetVideoModeWin32    0040dd30 f   glfw3:win32_monitor.c.obj
 0001:0000cf80       __glfwGetVulkanResultString 0040df80 f   glfw3:vulkan.c.obj
 0001:0000d0a0       __glfwInitVulkan           0040e0a0 f   glfw3:vulkan.c.obj
 0001:0000d3a0       __glfwTerminateVulkan      0040e3a0 f   glfw3:vulkan.c.obj
 0001:0000d3f0       __glfwAnalyzeContextWGL    0040e3f0 f   glfw3:wgl_context.c.obj
 0001:0000d520       __glfwCreateContextWGL     0040e520 f   glfw3:wgl_context.c.obj
 0001:0000d820       __glfwInitWGL              0040e820 f   glfw3:wgl_context.c.obj
 0001:0000d8b0       __glfwTerminateWGL         0040e8b0 f   glfw3:wgl_context.c.obj
 0001:0000e060       __glfwCreateContextEGL     0040f060 f   glfw3:egl_context.c.obj
 0001:0000e4a0       __glfwInitEGL              0040f4a0 f   glfw3:egl_context.c.obj
 0001:0000e780       __glfwTerminateEGL         0040f780 f   glfw3:egl_context.c.obj
 0001:00022220       _glewGetErrorString@4      00423220 f   glew32s:glew.obj
 0001:00022240       _glewInit@0                00423240 f   glew32s:glew.obj
 0001:00022250       _wglewInit@0               00423250 f   glew32s:glew.obj
 0001:00022a9c       @__security_check_cookie@4 00423a9c f   MSVCRT:_secchk_.obj
 0001:00022aad       ??2@YAPAXI@Z               00423aad f   MSVCRT:new_scalar.obj
 0001:00022ae0       ??_M@YGXPAXIIP6EX0@Z@Z     00423ae0 f   MSVCRT:ehvecdtr.obj
 0001:00022b5a       ?__ArrayUnwind@@YGXPAXIIP6EX0@Z@Z 00423b5a f   MSVCRT:ehvecdtr.obj
 0001:00022bc7       ??3@YAXPAX@Z               00423bc7 f   MSVCRT:delete_scalar.obj
 0001:00022bcc       ??3@YAXPAXI@Z              00423bcc f   MSVCRT:delete_scalar_size.obj
 0001:00022bda       ??_Etype_info@@UAEPAXI@Z   00423bda f i MSVCRT:std_type_info_static.obj
 0001:00022bda       ??_Gtype_info@@UAEPAXI@Z   00423bda f i MSVCRT:std_type_info_static.obj
 0001:00022bfd       ??_L@YGXPAXIIP6EX0@Z1@Z    00423bfd f   MSVCRT:ehvecctr.obj
 0001:00022d26       ??$__crt_fast_encode_pointer@P6GHPAU_RTL_CONDITION_VARIABLE@@PAU_RTL_CRITICAL_SECTION@@K@Z@@YAP6GHPAU_RTL_CONDITION_VARIABLE@@PAU_RTL_CRITICAL_SECTION@@K@ZQ6GH01K@Z@Z 00423d26 f i MSVCRT:thread_safe_statics.obj
 0001:00022d26       ??$__crt_fast_encode_pointer@P6GXPAU_RTL_CONDITION_VARIABLE@@@Z@@YAP6GXPAU_RTL_CONDITION_VARIABLE@@@ZQ6GX0@Z@Z 00423d26 f i MSVCRT:thread_safe_statics.obj
 0001:00022d5f       __Init_thread_footer       00423d5f f   MSVCRT:thread_safe_statics.obj
 0001:00022d9e       __Init_thread_header       00423d9e f   MSVCRT:thread_safe_statics.obj
 0001:00022de4       __Init_thread_lock         00423de4 f   MSVCRT:thread_safe_statics.obj
 0001:00022df0       __Init_thread_notify       00423df0 f   MSVCRT:thread_safe_statics.obj
 0001:00022e31       __Init_thread_unlock       00423e31 f   MSVCRT:thread_safe_statics.obj
 0001:00022e3d       __Init_thread_wait         00423e3d f   MSVCRT:thread_safe_statics.obj
 0001:00022ee6       ___scrt_acquire_startup_lock 00423ee6 f   MSVCRT:utility.obj
 0001:00022f1b       ___scrt_initialize_crt     00423f1b f   MSVCRT:utility.obj
 0001:00022f54       ___scrt_initialize_onexit_tables 00423f54 f   MSVCRT:utility.obj
 0001:00022feb       ___scrt_is_nonwritable_in_current_image 00423feb f   MSVCRT:utility.obj
 0001:00023078       ___scrt_release_startup_lock 00424078 f   MSVCRT:utility.obj
 0001:00023095       ___scrt_uninitialize_crt   00424095 f   MSVCRT:utility.obj
 0001:000230bd       __onexit                   004240bd f   MSVCRT:utility.obj
 0001:000230f8       _atexit                    004240f8 f   MSVCRT:utility.obj
 0001:0002310d       ??_V@YAXPAX@Z              0042410d f   MSVCRT:delete_array.obj
 0001:00023112       ??_U@YAPAXI@Z              00424112 f   MSVCRT:new_array.obj
 0001:00023355       _mainCRTStartup            00424355 f   MSVCRT:exe_main.obj
 0001:0002335f       ___raise_securityfailure   0042435f f   MSVCRT:gs_report.obj
 0001:00023387       ___report_gsfailure        00424387 f   MSVCRT:gs_report.obj
 0001:00023490       __ftoui3                   00424490 f   MSVCRT:_ftol3_.obj
 0001:0002349f       __ftoul3                   0042449f f   MSVCRT:_ftol3_.obj
 0001:000234ae       __ftol3                    004244ae f   MSVCRT:_ftol3_.obj
 0001:000234bb       __ftol3_NaN                004244bb f   MSVCRT:_ftol3_.obj
 0001:000234d3       __ftol3_work               004244d3 f   MSVCRT:_ftol3_.obj
 0001:00023559       __ftol3_common             00424559 f   MSVCRT:_ftol3_.obj
 0001:0002361b       __ftol3_arg_error          0042461b f   MSVCRT:_ftol3_.obj
 0001:0002362d       __ftol3_except             0042462d f   MSVCRT:_ftol3_.obj
 0001:00023671       __dtoui3                   00424671 f   MSVCRT:_ftol3_.obj
 0001:00023680       __dtoul3                   00424680 f   MSVCRT:_ftol3_.obj
 0001:0002368f       __dtol3                    0042468f f   MSVCRT:_ftol3_.obj
 0001:0002369c       __dtol3_NaN                0042469c f   MSVCRT:_ftol3_.obj
 0001:000236b9       __dtol3_work               004246b9 f   MSVCRT:_ftol3_.obj
 0001:000237a0       __ultod3                   004247a0 f   MSVCRT:_ftol3_.obj
 0001:000237e0       __ltod3                    004247e0 f   MSVCRT:_ftol3_.obj
 0001:00023810       __alloca_probe             00424810 f   MSVCRT:chkstk.obj
 0001:00023810       __chkstk                   00424810 f   MSVCRT:chkstk.obj
 0001:0002383d       ??0bad_alloc@std@@QAE@ABV01@@Z 0042483d f i MSVCRT:throw_bad_alloc.obj
 0001:00023858       ??0bad_alloc@std@@QAE@XZ   00424858 f i MSVCRT:throw_bad_alloc.obj
 0001:00023870       ??0bad_array_new_length@std@@QAE@ABV01@@Z 00424870 f i MSVCRT:throw_bad_alloc.obj
 0001:0002388b       ??0bad_array_new_length@std@@QAE@XZ 0042488b f i MSVCRT:throw_bad_alloc.obj
 0001:000238a3       ??0exception@std@@QAE@ABV01@@Z 004248a3 f i MSVCRT:throw_bad_alloc.obj
 0001:000238cf       ??1bad_array_new_length@std@@UAE@XZ 004248cf f i MSVCRT:throw_bad_alloc.obj
 0001:000238cf       ??1bad_alloc@std@@UAE@XZ   004248cf f i MSVCRT:throw_bad_alloc.obj
 0001:000238e0       ??_Ebad_array_new_length@std@@UAEPAXI@Z 004248e0 f i MSVCRT:throw_bad_alloc.obj
 0001:000238e0       ??_Gbad_array_new_length@std@@UAEPAXI@Z 004248e0 f i MSVCRT:throw_bad_alloc.obj
 0001:000238e0       ??_Ebad_alloc@std@@UAEPAXI@Z 004248e0 f i MSVCRT:throw_bad_alloc.obj
 0001:000238e0       ??_Gbad_alloc@std@@UAEPAXI@Z 004248e0 f i MSVCRT:throw_bad_alloc.obj
 0001:0002390d       ?__scrt_throw_std_bad_alloc@@YAXXZ 0042490d f   MSVCRT:throw_bad_alloc.obj
 0001:0002392a       ?__scrt_throw_std_bad_array_new_length@@YAXXZ 0042492a f   MSVCRT:throw_bad_alloc.obj
 0001:00023947       @_guard_check_icall@4      00424947 f i MSVCRT:checkcfg.obj
 0001:00023950       __SEH_prolog4              00424950 f   MSVCRT:_sehprolg4_.obj
 0001:00023996       __SEH_epilog4              00424996 f   MSVCRT:_sehprolg4_.obj
 0001:000239ab       __except_handler4          004249ab f   MSVCRT:_chandler4gs_.obj
 0001:000239ce       ___scrt_fastfail           004249ce f   MSVCRT:utility_desktop.obj
 0001:00023ae9       ___scrt_is_managed_app     00424ae9 f   MSVCRT:utility_desktop.obj
 0001:00023b2d       ___scrt_set_unhandled_exception_filter 00424b2d f   MSVCRT:utility_desktop.obj
 0001:00023b39       ___scrt_unhandled_exception_filter@4 00424b39 f   MSVCRT:utility_desktop.obj
 0001:00023b7a       ___isa_available_init      00424b7a f   MSVCRT:_cpu_disp_.obj
 0001:00023d1b       __get_startup_argv_mode    00424d1b f   MSVCRT:argv_mode.obj
 0001:00023d1f       ___scrt_is_ucrt_dll_in_use 00424d1f f   MSVCRT:ucrt_detection.obj
 0001:00023d2b       ___security_init_cookie    00424d2b f   MSVCRT:gs_support.obj
 0001:00023dc7       __get_startup_file_mode    00424dc7 f   MSVCRT:file_mode.obj
 0001:00023dcd       __get_startup_commit_mode  00424dcd f   MSVCRT:commit_mode.obj
 0001:00023dcd       __get_startup_thread_locale_mode 00424dcd f   MSVCRT:thread_locale.obj
 0001:00023dcd       __matherr                  00424dcd f   MSVCRT:matherr.obj
 0001:00023dcd       ___scrt_initialize_winrt   00424dcd f   MSVCRT:utility_desktop.obj
 0001:00023dcd       __get_startup_new_mode     00424dcd f   MSVCRT:new_mode.obj
 0001:00023dd0       ?__scrt_initialize_type_info@@YAXXZ 00424dd0 f   MSVCRT:tncleanup.obj
 0001:00023ddc       ___vcrt_uninitialize       00424ddc f   MSVCRT:ucrt_stubs.obj
 0001:00023ddc       ___vcrt_initialize         00424ddc f   MSVCRT:ucrt_stubs.obj
 0001:00023ddc       ___scrt_stub_for_acrt_initialize 00424ddc f   MSVCRT:ucrt_stubs.obj
 0001:00023ddc       ___acrt_initialize         00424ddc f   MSVCRT:ucrt_stubs.obj
 0001:00023ddc       ___acrt_uninitialize       00424ddc f   MSVCRT:ucrt_stubs.obj
 0001:00023ddc       __should_initialize_environment 00424ddc f   MSVCRT:env_mode.obj
 0001:00023ddc       ___scrt_stub_for_acrt_uninitialize 00424ddc f   MSVCRT:ucrt_stubs.obj
 0001:00023ddf       __initialize_default_precision 00424ddf f   MSVCRT:default_precision.obj
 0001:00023e00       ___scrt_initialize_default_local_stdio_options 00424e00 f   MSVCRT:default_local_stdio_options.obj
 0001:00023e1d       ___scrt_is_user_matherr_present 00424e1d f   MSVCRT:matherr_detection.obj
 0001:00023e29       ___scrt_get_dyn_tls_init_callback 00424e29 f   MSVCRT:dyn_tls_init.obj
 0001:00023e2f       ___scrt_get_dyn_tls_dtor_callback 00424e2f f   MSVCRT:dyn_tls_dtor.obj
 0001:00023e35       __RTC_Initialize           00424e35 f   MSVCRT:_initsect_.obj
 0001:00023e60       __RTC_Terminate            00424e60 f   MSVCRT:_initsect_.obj
 0001:00023e8c       ___std_exception_destroy   00424e8c f   vcruntime:VCRUNTIME140.dll
 0001:00023e92       _memset                    00424e92 f   vcruntime:VCRUNTIME140.dll
 0001:00023e98       _memcpy                    00424e98 f   vcruntime:VCRUNTIME140.dll
 0001:00023e9e       ___vcrt_InitializeCriticalSectionEx 00424e9e f   vcruntime:VCRUNTIME140.dll
 0001:00023ea4       ___telemetry_main_invoke_trigger 00424ea4 f   vcruntime:VCRUNTIME140.dll
 0001:00023eaa       ___telemetry_main_return_trigger 00424eaa f   vcruntime:VCRUNTIME140.dll
 0001:00023eb0       ___std_exception_copy      00424eb0 f   vcruntime:VCRUNTIME140.dll
 0001:00023eb6       __CxxThrowException@8      00424eb6 f   vcruntime:VCRUNTIME140.dll
 0001:00023ebc       __except_handler4_common   00424ebc f   vcruntime:VCRUNTIME140.dll
 0001:00023ec2       _free                      00424ec2 f   ucrt:api-ms-win-crt-heap-l1-1-0.dll
 0001:00023ec8       _malloc                    00424ec8 f   ucrt:api-ms-win-crt-heap-l1-1-0.dll
 0001:00023ece       __callnewh                 00424ece f   ucrt:api-ms-win-crt-heap-l1-1-0.dll
 0001:00023ed4       _terminate                 00424ed4 f   ucrt:api-ms-win-crt-runtime-l1-1-0.dll
 0001:00023eda       __configure_narrow_argv    00424eda f   ucrt:api-ms-win-crt-runtime-l1-1-0.dll
 0001:00023ee0       __initialize_narrow_environment 00424ee0 f   ucrt:api-ms-win-crt-runtime-l1-1-0.dll
 0001:00023ee6       __initialize_onexit_table  00424ee6 f   ucrt:api-ms-win-crt-runtime-l1-1-0.dll
 0001:00023eec       __register_onexit_function 00424eec f   ucrt:api-ms-win-crt-runtime-l1-1-0.dll
 0001:00023ef2       __crt_atexit               00424ef2 f   ucrt:api-ms-win-crt-runtime-l1-1-0.dll
 0001:00023ef8       __cexit                    00424ef8 f   ucrt:api-ms-win-crt-runtime-l1-1-0.dll
 0001:00023efe       __seh_filter_exe           00424efe f   ucrt:api-ms-win-crt-runtime-l1-1-0.dll
 0001:00023f04       __set_app_type             00424f04 f   ucrt:api-ms-win-crt-runtime-l1-1-0.dll
 0001:00023f0a       ___setusermatherr          00424f0a f   ucrt:api-ms-win-crt-math-l1-1-0.dll
 0001:00023f10       __get_initial_narrow_environment 00424f10 f   ucrt:api-ms-win-crt-runtime-l1-1-0.dll
 0001:00023f16       __initterm                 00424f16 f   ucrt:api-ms-win-crt-runtime-l1-1-0.dll
 0001:00023f1c       __initterm_e               00424f1c f   ucrt:api-ms-win-crt-runtime-l1-1-0.dll
 0001:00023f22       _exit                      00424f22 f   ucrt:api-ms-win-crt-runtime-l1-1-0.dll
 0001:00023f28       __exit                     00424f28 f   ucrt:api-ms-win-crt-runtime-l1-1-0.dll
 0001:00023f2e       __set_fmode                00424f2e f   ucrt:api-ms-win-crt-stdio-l1-1-0.dll
 0001:00023f34       ___p___argc                00424f34 f   ucrt:api-ms-win-crt-runtime-l1-1-0.dll
 0001:00023f3a       ___p___argv                00424f3a f   ucrt:api-ms-win-crt-runtime-l1-1-0.dll
 0001:00023f40       __c_exit                   00424f40 f   ucrt:api-ms-win-crt-runtime-l1-1-0.dll
 0001:00023f46       __register_thread_local_exe_atexit_callback 00424f46 f   ucrt:api-ms-win-crt-runtime-l1-1-0.dll
 0001:00023f4c       __configthreadlocale       00424f4c f   ucrt:api-ms-win-crt-locale-l1-1-0.dll
 0001:00023f52       __set_new_mode             00424f52 f   ucrt:api-ms-win-crt-heap-l1-1-0.dll
 0001:00023f58       ___p__commode              00424f58 f   ucrt:api-ms-win-crt-stdio-l1-1-0.dll
 0001:00023f5e       __except1                  00424f5e f   ucrt:api-ms-win-crt-math-l1-1-0.dll
 0001:00023f64       __controlfp_s              00424f64 f   ucrt:api-ms-win-crt-runtime-l1-1-0.dll
 0001:00023f6a       _IsProcessorFeaturePresent@4 00424f6a f   kernel32:KERNEL32.dll
 0001:00023f70       ___CxxFrameHandler3        00424f70 f   vcruntime:VCRUNTIME140.dll
 0001:00023f76       ___libm_sse2_cosf          00424f76 f   ucrt:api-ms-win-crt-math-l1-1-0.dll
 0001:00023f7c       ___libm_sse2_sinf          00424f7c f   ucrt:api-ms-win-crt-math-l1-1-0.dll
 0001:00023f82       ___libm_sse2_tan           00424f82 f   ucrt:api-ms-win-crt-math-l1-1-0.dll
 0001:000245d0       ??__Fres@?1???$?D$03$03@?$xMat@M$03$03@xmaths@xten@@QBE?AV012@V012@@Z@YAXXZ 004255d0 f i lightingtechnique.obj
 0002:00000000       __imp__RegOpenKeyExA@20    00426000     advapi32:ADVAPI32.dll
 0002:00000004       __imp__RegQueryValueExA@24 00426004     advapi32:ADVAPI32.dll
 0002:00000008       \177ADVAPI32_NULL_THUNK_DATA 00426008     advapi32:ADVAPI32.dll
 0002:0000000c       __imp__FreeImage_GetHeight@4 0042600c     FreeImage:FreeImage.dll
 0002:00000010       __imp__FreeImage_Unload@4  00426010     FreeImage:FreeImage.dll
 0002:00000014       __imp__FreeImage_GetFileType@8 00426014     FreeImage:FreeImage.dll
 0002:00000018       __imp__FreeImage_FIFSupportsReading@4 00426018     FreeImage:FreeImage.dll
 0002:0000001c       __imp__FreeImage_Load@12   0042601c     FreeImage:FreeImage.dll
 0002:00000020       __imp__FreeImage_GetWidth@4 00426020     FreeImage:FreeImage.dll
 0002:00000024       __imp__FreeImage_GetBPP@4  00426024     FreeImage:FreeImage.dll
 0002:00000028       __imp__FreeImage_GetFIFFromFilename@4 00426028     FreeImage:FreeImage.dll
 0002:0000002c       __imp__FreeImage_GetBits@4 0042602c     FreeImage:FreeImage.dll
 0002:00000030       \177FreeImage_NULL_THUNK_DATA 00426030     FreeImage:FreeImage.dll
 0002:00000034       __imp__DeleteDC@4          00426034     gdi32:GDI32.dll
 0002:00000038       __imp__GetDeviceCaps@8     00426038     gdi32:GDI32.dll
 0002:0000003c       __imp__SetDeviceGammaRamp@8 0042603c     gdi32:GDI32.dll
 0002:00000040       __imp__DescribePixelFormat@16 00426040     gdi32:GDI32.dll
 0002:00000044       __imp__SetPixelFormat@12   00426044     gdi32:GDI32.dll
 0002:00000048       __imp__CreateDCW@16        00426048     gdi32:GDI32.dll
 0002:0000004c       __imp__SwapBuffers@4       0042604c     gdi32:GDI32.dll
 0002:00000050       \177GDI32_NULL_THUNK_DATA  00426050     gdi32:GDI32.dll
 0002:00000054       __imp__SetUnhandledExceptionFilter@4 00426054     kernel32:KERNEL32.dll
 0002:00000058       __imp__TerminateProcess@8  00426058     kernel32:KERNEL32.dll
 0002:0000005c       __imp__IsProcessorFeaturePresent@4 0042605c     kernel32:KERNEL32.dll
 0002:00000060       __imp__CreateEventW@16     00426060     kernel32:KERNEL32.dll
 0002:00000064       __imp__WaitForSingleObjectEx@12 00426064     kernel32:KERNEL32.dll
 0002:00000068       __imp__ResetEvent@4        00426068     kernel32:KERNEL32.dll
 0002:0000006c       __imp__SetEvent@4          0042606c     kernel32:KERNEL32.dll
 0002:00000070       __imp__DeleteCriticalSection@4 00426070     kernel32:KERNEL32.dll
 0002:00000074       __imp__IsDebuggerPresent@0 00426074     kernel32:KERNEL32.dll
 0002:00000078       __imp__GetCurrentProcessId@0 00426078     kernel32:KERNEL32.dll
 0002:0000007c       __imp__GetCurrentThreadId@0 0042607c     kernel32:KERNEL32.dll
 0002:00000080       __imp__GlobalMemoryStatusEx@4 00426080     kernel32:KERNEL32.dll
 0002:00000084       __imp__GetCurrentProcess@0 00426084     kernel32:KERNEL32.dll
 0002:00000088       __imp__GetModuleHandleW@4  00426088     kernel32:KERNEL32.dll
 0002:0000008c       __imp__WideCharToMultiByte@32 0042608c     kernel32:KERNEL32.dll
 0002:00000090       __imp__TlsAlloc@0          00426090     kernel32:KERNEL32.dll
 0002:00000094       __imp__TlsGetValue@4       00426094     kernel32:KERNEL32.dll
 0002:00000098       __imp__TlsSetValue@8       00426098     kernel32:KERNEL32.dll
 0002:0000009c       __imp__TlsFree@4           0042609c     kernel32:KERNEL32.dll
 0002:000000a0       __imp__QueryPerformanceCounter@4 004260a0     kernel32:KERNEL32.dll
 0002:000000a4       __imp__QueryPerformanceFrequency@4 004260a4     kernel32:KERNEL32.dll
 0002:000000a8       __imp__FreeLibrary@4       004260a8     kernel32:KERNEL32.dll
 0002:000000ac       __imp__GetProcAddress@8    004260ac     kernel32:KERNEL32.dll
 0002:000000b0       __imp__LoadLibraryA@4      004260b0     kernel32:KERNEL32.dll
 0002:000000b4       __imp__MultiByteToWideChar@24 004260b4     kernel32:KERNEL32.dll
 0002:000000b8       __imp__GetSystemTimeAsFileTime@4 004260b8     kernel32:KERNEL32.dll
 0002:000000bc       __imp__InitializeSListHead@4 004260bc     kernel32:KERNEL32.dll
 0002:000000c0       __imp__LeaveCriticalSection@4 004260c0     kernel32:KERNEL32.dll
 0002:000000c4       __imp__EnterCriticalSection@4 004260c4     kernel32:KERNEL32.dll
 0002:000000c8       __imp__UnhandledExceptionFilter@4 004260c8     kernel32:KERNEL32.dll
 0002:000000cc       __imp__CloseHandle@4       004260cc     kernel32:KERNEL32.dll
 0002:000000d0       \177KERNEL32_NULL_THUNK_DATA 004260d0     kernel32:KERNEL32.dll
 0002:000000d4       __imp_??6?$basic_ostream@DU?$char_traits@D@std@@@std@@QAEAAV01@P6AAAV01@AAV01@@Z@Z 004260d4     msvcprt:MSVCP140.dll
 0002:000000d8       __imp_?uncaught_exception@std@@YA_NXZ 004260d8     msvcprt:MSVCP140.dll
 0002:000000dc       __imp_?_Xbad_alloc@std@@YAXXZ 004260dc     msvcprt:MSVCP140.dll
 0002:000000e0       __imp_?_Xout_of_range@std@@YAXPBD@Z 004260e0     msvcprt:MSVCP140.dll
 0002:000000e4       __imp_?_Xlength_error@std@@YAXPBD@Z 004260e4     msvcprt:MSVCP140.dll
 0002:000000e8       __imp_?_Osfx@?$basic_ostream@DU?$char_traits@D@std@@@std@@QAEXXZ 004260e8     msvcprt:MSVCP140.dll
 0002:000000ec       __imp_??6?$basic_ostream@DU?$char_traits@D@std@@@std@@QAEAAV01@I@Z 004260ec     msvcprt:MSVCP140.dll
 0002:000000f0       __imp_??6?$basic_ostream@DU?$char_traits@D@std@@@std@@QAEAAV01@K@Z 004260f0     msvcprt:MSVCP140.dll
 0002:000000f4       __imp_?cout@std@@3V?$basic_ostream@DU?$char_traits@D@std@@@1@A 004260f4     msvcprt:MSVCP140.dll
 0002:000000f8       __imp_?sputc@?$basic_streambuf@DU?$char_traits@D@std@@@std@@QAEHD@Z 004260f8     msvcprt:MSVCP140.dll
 0002:000000fc       __imp_?flush@?$basic_ostream@DU?$char_traits@D@std@@@std@@QAEAAV12@XZ 004260fc     msvcprt:MSVCP140.dll
 0002:00000100       __imp_?put@?$basic_ostream@DU?$char_traits@D@std@@@std@@QAEAAV12@D@Z 00426100     msvcprt:MSVCP140.dll
 0002:00000104       __imp_?sputn@?$basic_streambuf@DU?$char_traits@D@std@@@std@@QAE_JPBD_J@Z 00426104     msvcprt:MSVCP140.dll
 0002:00000108       __imp_?widen@?$basic_ios@DU?$char_traits@D@std@@@std@@QBEDD@Z 00426108     msvcprt:MSVCP140.dll
 0002:0000010c       __imp_?setstate@?$basic_ios@DU?$char_traits@D@std@@@std@@QAEXH_N@Z 0042610c     msvcprt:MSVCP140.dll
 0002:00000110       \177MSVCP140_NULL_THUNK_DATA 00426110     msvcprt:MSVCP140.dll
 0002:00000114       __imp__glClear@4           00426114     opengl32:OPENGL32.dll
 0002:00000118       __imp__glGetError@0        00426118     opengl32:OPENGL32.dll
 0002:0000011c       __imp__glViewport@16       0042611c     opengl32:OPENGL32.dll
 0002:00000120       __imp__glGetString@4       00426120     opengl32:OPENGL32.dll
 0002:00000124       __imp__glDrawElements@16   00426124     opengl32:OPENGL32.dll
 0002:00000128       __imp__glGenTextures@8     00426128     opengl32:OPENGL32.dll
 0002:0000012c       __imp__glClearColor@16     0042612c     opengl32:OPENGL32.dll
 0002:00000130       __imp__glTexParameteri@12  00426130     opengl32:OPENGL32.dll
 0002:00000134       __imp__glDeleteTextures@8  00426134     opengl32:OPENGL32.dll
 0002:00000138       __imp__glTexImage2D@36     00426138     opengl32:OPENGL32.dll
 0002:0000013c       __imp__glEnable@4          0042613c     opengl32:OPENGL32.dll
 0002:00000140       __imp__wglGetProcAddress@4 00426140     opengl32:OPENGL32.dll
 0002:00000144       __imp__wglGetCurrentDC@0   00426144     opengl32:OPENGL32.dll
 0002:00000148       __imp__glBindTexture@8     00426148     opengl32:OPENGL32.dll
 0002:0000014c       \177OPENGL32_NULL_THUNK_DATA 0042614c     opengl32:OPENGL32.dll
 0002:00000150       __imp__DragFinish@4        00426150     shell32:SHELL32.dll
 0002:00000154       __imp__DragQueryPoint@8    00426154     shell32:SHELL32.dll
 0002:00000158       __imp__DragQueryFileW@16   00426158     shell32:SHELL32.dll
 0002:0000015c       __imp__DragAcceptFiles@8   0042615c     shell32:SHELL32.dll
 0002:00000160       \177SHELL32_NULL_THUNK_DATA 00426160     shell32:SHELL32.dll
 0002:00000164       __imp__GetWindowLongW@8    00426164     user32:USER32.dll
 0002:00000168       __imp__SetWindowLongW@12   00426168     user32:USER32.dll
 0002:0000016c       __imp__LoadCursorW@8       0042616c     user32:USER32.dll
 0002:00000170       __imp__DestroyIcon@4       00426170     user32:USER32.dll
 0002:00000174       __imp__LoadImageW@24       00426174     user32:USER32.dll
 0002:00000178       __imp__GetRawInputDeviceInfoA@16 00426178     user32:USER32.dll
 0002:0000017c       __imp__GetRawInputDeviceList@12 0042617c     user32:USER32.dll
 0002:00000180       __imp__ClipCursor@4        00426180     user32:USER32.dll
 0002:00000184       __imp__SystemParametersInfoW@16 00426184     user32:USER32.dll
 0002:00000188       __imp__ChangeDisplaySettingsExW@20 00426188     user32:USER32.dll
 0002:0000018c       __imp__EnumDisplaySettingsW@12 0042618c     user32:USER32.dll
 0002:00000190       __imp__EnumDisplaySettingsExW@16 00426190     user32:USER32.dll
 0002:00000194       __imp__PtInRect@12         00426194     user32:USER32.dll
 0002:00000198       __imp__GetMessageTime@0    00426198     user32:USER32.dll
 0002:0000019c       __imp__PeekMessageW@20     0042619c     user32:USER32.dll
 0002:000001a0       __imp__DispatchMessageW@4  004261a0     user32:USER32.dll
 0002:000001a4       __imp__TranslateMessage@4  004261a4     user32:USER32.dll
 0002:000001a8       __imp__TrackMouseEvent@4   004261a8     user32:USER32.dll
 0002:000001ac       __imp__GetCursorPos@4      004261ac     user32:USER32.dll
 0002:000001b0       __imp__SetCursor@4         004261b0     user32:USER32.dll
 0002:000001b4       __imp__SetCursorPos@8      004261b4     user32:USER32.dll
 0002:000001b8       __imp__AdjustWindowRectEx@16 004261b8     user32:USER32.dll
 0002:000001bc       __imp__GetClientRect@8     004261bc     user32:USER32.dll
 0002:000001c0       __imp__RemovePropW@8       004261c0     user32:USER32.dll
 0002:000001c4       __imp__GetPropW@8          004261c4     user32:USER32.dll
 0002:000001c8       __imp__SetPropW@12         004261c8     user32:USER32.dll
 0002:000001cc       __imp__WindowFromPoint@8   004261cc     user32:USER32.dll
 0002:000001d0       __imp__ScreenToClient@8    004261d0     user32:USER32.dll
 0002:000001d4       __imp__EnumDisplayDevicesW@16 004261d4     user32:USER32.dll
 0002:000001d8       __imp__ClientToScreen@8    004261d8     user32:USER32.dll
 0002:000001dc       __imp__GetDC@4             004261dc     user32:USER32.dll
 0002:000001e0       __imp__SetForegroundWindow@4 004261e0     user32:USER32.dll
 0002:000001e4       __imp__ReleaseCapture@0    004261e4     user32:USER32.dll
 0002:000001e8       __imp__SetCapture@4        004261e8     user32:USER32.dll
 0002:000001ec       __imp__GetAsyncKeyState@4  004261ec     user32:USER32.dll
 0002:000001f0       __imp__GetKeyState@4       004261f0     user32:USER32.dll
 0002:000001f4       __imp__GetActiveWindow@0   004261f4     user32:USER32.dll
 0002:000001f8       __imp__SetFocus@4          004261f8     user32:USER32.dll
 0002:000001fc       __imp__BringWindowToTop@4  004261fc     user32:USER32.dll
 0002:00000200       __imp__SetWindowPos@28     00426200     user32:USER32.dll
 0002:00000204       __imp__ShowWindow@8        00426204     user32:USER32.dll
 0002:00000208       __imp__DestroyWindow@4     00426208     user32:USER32.dll
 0002:0000020c       __imp__CreateWindowExW@48  0042620c     user32:USER32.dll
 0002:00000210       __imp__RegisterClassExW@4  00426210     user32:USER32.dll
 0002:00000214       __imp__UnregisterClassW@8  00426214     user32:USER32.dll
 0002:00000218       __imp__DefWindowProcW@16   00426218     user32:USER32.dll
 0002:0000021c       __imp__RegisterDeviceNotificationW@12 0042621c     user32:USER32.dll
 0002:00000220       \177USER32_NULL_THUNK_DATA 00426220     user32:USER32.dll
 0002:00000224       __imp____telemetry_main_invoke_trigger 00426224     vcruntime:VCRUNTIME140.dll
 0002:00000228       __imp____telemetry_main_return_trigger 00426228     vcruntime:VCRUNTIME140.dll
 0002:0000022c       __imp____std_exception_copy 0042622c     vcruntime:VCRUNTIME140.dll
 0002:00000230       __imp___CxxThrowException@8 00426230     vcruntime:VCRUNTIME140.dll
 0002:00000234       __imp___except_handler4_common 00426234     vcruntime:VCRUNTIME140.dll
 0002:00000238       __imp__memcpy              00426238     vcruntime:VCRUNTIME140.dll
 0002:0000023c       __imp__memset              0042623c     vcruntime:VCRUNTIME140.dll
 0002:00000240       __imp__strstr              00426240     vcruntime:VCRUNTIME140.dll
 0002:00000244       __imp____std_exception_destroy 00426244     vcruntime:VCRUNTIME140.dll
 0002:00000248       __imp__memchr              00426248     vcruntime:VCRUNTIME140.dll
 0002:0000024c       __imp____std_terminate     0042624c     vcruntime:VCRUNTIME140.dll
 0002:00000250       __imp__memmove             00426250     vcruntime:VCRUNTIME140.dll
 0002:00000254       __imp____CxxFrameHandler3  00426254     vcruntime:VCRUNTIME140.dll
 0002:00000258       __imp____vcrt_InitializeCriticalSectionEx 00426258     vcruntime:VCRUNTIME140.dll
 0002:0000025c       \177VCRUNTIME140_NULL_THUNK_DATA 0042625c     vcruntime:VCRUNTIME140.dll
 0002:00000260       __imp___set_new_mode       00426260     ucrt:api-ms-win-crt-heap-l1-1-0.dll
 0002:00000264       __imp__free                00426264     ucrt:api-ms-win-crt-heap-l1-1-0.dll
 0002:00000268       __imp__malloc              00426268     ucrt:api-ms-win-crt-heap-l1-1-0.dll
 0002:0000026c       __imp__calloc              0042626c     ucrt:api-ms-win-crt-heap-l1-1-0.dll
 0002:00000270       __imp__realloc             00426270     ucrt:api-ms-win-crt-heap-l1-1-0.dll
 0002:00000274       __imp___callnewh           00426274     ucrt:api-ms-win-crt-heap-l1-1-0.dll
 0002:00000278       \177api-ms-win-crt-heap-l1-1-0_NULL_THUNK_DATA 00426278     ucrt:api-ms-win-crt-heap-l1-1-0.dll
 0002:0000027c       __imp___configthreadlocale 0042627c     ucrt:api-ms-win-crt-locale-l1-1-0.dll
 0002:00000280       \177api-ms-win-crt-locale-l1-1-0_NULL_THUNK_DATA 00426280     ucrt:api-ms-win-crt-locale-l1-1-0.dll
 0002:00000284       __imp___except1            00426284     ucrt:api-ms-win-crt-math-l1-1-0.dll
 0002:00000288       __imp____libm_sse2_cosf    00426288     ucrt:api-ms-win-crt-math-l1-1-0.dll
 0002:0000028c       __imp____libm_sse2_sinf    0042628c     ucrt:api-ms-win-crt-math-l1-1-0.dll
 0002:00000290       __imp____libm_sse2_tan     00426290     ucrt:api-ms-win-crt-math-l1-1-0.dll
 0002:00000294       __imp____setusermatherr    00426294     ucrt:api-ms-win-crt-math-l1-1-0.dll
 0002:00000298       \177api-ms-win-crt-math-l1-1-0_NULL_THUNK_DATA 00426298     ucrt:api-ms-win-crt-math-l1-1-0.dll
 0002:0000029c       __imp___configure_narrow_argv 0042629c     ucrt:api-ms-win-crt-runtime-l1-1-0.dll
 0002:000002a0       __imp___initialize_narrow_environment 004262a0     ucrt:api-ms-win-crt-runtime-l1-1-0.dll
 0002:000002a4       __imp___initialize_onexit_table 004262a4     ucrt:api-ms-win-crt-runtime-l1-1-0.dll
 0002:000002a8       __imp___register_onexit_function 004262a8     ucrt:api-ms-win-crt-runtime-l1-1-0.dll
 0002:000002ac       __imp___crt_atexit         004262ac     ucrt:api-ms-win-crt-runtime-l1-1-0.dll
 0002:000002b0       __imp___cexit              004262b0     ucrt:api-ms-win-crt-runtime-l1-1-0.dll
 0002:000002b4       __imp___seh_filter_exe     004262b4     ucrt:api-ms-win-crt-runtime-l1-1-0.dll
 0002:000002b8       __imp___set_app_type       004262b8     ucrt:api-ms-win-crt-runtime-l1-1-0.dll
 0002:000002bc       __imp__terminate           004262bc     ucrt:api-ms-win-crt-runtime-l1-1-0.dll
 0002:000002c0       __imp___get_initial_narrow_environment 004262c0     ucrt:api-ms-win-crt-runtime-l1-1-0.dll
 0002:000002c4       __imp___initterm           004262c4     ucrt:api-ms-win-crt-runtime-l1-1-0.dll
 0002:000002c8       __imp___initterm_e         004262c8     ucrt:api-ms-win-crt-runtime-l1-1-0.dll
 0002:000002cc       __imp__exit                004262cc     ucrt:api-ms-win-crt-runtime-l1-1-0.dll
 0002:000002d0       __imp___exit               004262d0     ucrt:api-ms-win-crt-runtime-l1-1-0.dll
 0002:000002d4       __imp__system              004262d4     ucrt:api-ms-win-crt-runtime-l1-1-0.dll
 0002:000002d8       __imp___invalid_parameter_noinfo_noreturn 004262d8     ucrt:api-ms-win-crt-runtime-l1-1-0.dll
 0002:000002dc       __imp____p___argv          004262dc     ucrt:api-ms-win-crt-runtime-l1-1-0.dll
 0002:000002e0       __imp___c_exit             004262e0     ucrt:api-ms-win-crt-runtime-l1-1-0.dll
 0002:000002e4       __imp___register_thread_local_exe_atexit_callback 004262e4     ucrt:api-ms-win-crt-runtime-l1-1-0.dll
 0002:000002e8       __imp____p___argc          004262e8     ucrt:api-ms-win-crt-runtime-l1-1-0.dll
 0002:000002ec       __imp___controlfp_s        004262ec     ucrt:api-ms-win-crt-runtime-l1-1-0.dll
 0002:000002f0       \177api-ms-win-crt-runtime-l1-1-0_NULL_THUNK_DATA 004262f0     ucrt:api-ms-win-crt-runtime-l1-1-0.dll
 0002:000002f4       __imp____p__commode        004262f4     ucrt:api-ms-win-crt-stdio-l1-1-0.dll
 0002:000002f8       __imp____stdio_common_vsscanf 004262f8     ucrt:api-ms-win-crt-stdio-l1-1-0.dll
 0002:000002fc       __imp____stdio_common_vsprintf_p 004262fc     ucrt:api-ms-win-crt-stdio-l1-1-0.dll
 0002:00000300       __imp___set_fmode          00426300     ucrt:api-ms-win-crt-stdio-l1-1-0.dll
 0002:00000304       __imp__feof                00426304     ucrt:api-ms-win-crt-stdio-l1-1-0.dll
 0002:00000308       __imp____acrt_iob_func     00426308     ucrt:api-ms-win-crt-stdio-l1-1-0.dll
 0002:0000030c       __imp____stdio_common_vsprintf 0042630c     ucrt:api-ms-win-crt-stdio-l1-1-0.dll
 0002:00000310       __imp____stdio_common_vfprintf 00426310     ucrt:api-ms-win-crt-stdio-l1-1-0.dll
 0002:00000314       __imp____stdio_common_vsnprintf_s 00426314     ucrt:api-ms-win-crt-stdio-l1-1-0.dll
 0002:00000318       __imp__fread               00426318     ucrt:api-ms-win-crt-stdio-l1-1-0.dll
 0002:0000031c       __imp__fseek               0042631c     ucrt:api-ms-win-crt-stdio-l1-1-0.dll
 0002:00000320       __imp__fclose              00426320     ucrt:api-ms-win-crt-stdio-l1-1-0.dll
 0002:00000324       __imp__fopen               00426324     ucrt:api-ms-win-crt-stdio-l1-1-0.dll
 0002:00000328       __imp__ftell               00426328     ucrt:api-ms-win-crt-stdio-l1-1-0.dll
 0002:0000032c       \177api-ms-win-crt-stdio-l1-1-0_NULL_THUNK_DATA 0042632c     ucrt:api-ms-win-crt-stdio-l1-1-0.dll
 0002:00000330       __imp___strdup             00426330     ucrt:api-ms-win-crt-string-l1-1-0.dll
 0002:00000334       __imp__strncmp             00426334     ucrt:api-ms-win-crt-string-l1-1-0.dll
 0002:00000338       \177api-ms-win-crt-string-l1-1-0_NULL_THUNK_DATA 00426338     ucrt:api-ms-win-crt-string-l1-1-0.dll
 0002:0000033c       __imp__qsort               0042633c     ucrt:api-ms-win-crt-utility-l1-1-0.dll
 0002:00000340       \177api-ms-win-crt-utility-l1-1-0_NULL_THUNK_DATA 00426340     ucrt:api-ms-win-crt-utility-l1-1-0.dll
 0002:00000344       __imp_?ReadFile@Importer@Assimp@@QAEPBUaiScene@@PBDI@Z 00426344     assimp-vc130-mt:assimp-vc130-mt.dll
 0002:00000348       __imp_?GetErrorString@Importer@Assimp@@QBEPBDXZ 00426348     assimp-vc130-mt:assimp-vc130-mt.dll
 0002:0000034c       __imp__aiGetMaterialTextureCount 0042634c     assimp-vc130-mt:assimp-vc130-mt.dll
 0002:00000350       __imp__aiGetMaterialTexture 00426350     assimp-vc130-mt:assimp-vc130-mt.dll
 0002:00000354       __imp_??0Importer@Assimp@@QAE@XZ 00426354     assimp-vc130-mt:assimp-vc130-mt.dll
 0002:00000358       __imp_??1Importer@Assimp@@QAE@XZ 00426358     assimp-vc130-mt:assimp-vc130-mt.dll
 0002:0000035c       \177assimp-vc130-mt_NULL_THUNK_DATA 0042635c     assimp-vc130-mt:assimp-vc130-mt.dll
 0002:00000360       ___guard_check_icall_fptr  00426360     MSVCRT:guard_support.obj
 0002:00000364       ___xc_a                    00426364     MSVCRT:initializers.obj
 0002:000003ac       ___xc_z                    004263ac     MSVCRT:initializers.obj
 0002:000003b0       ___xi_a                    004263b0     MSVCRT:initializers.obj
 0002:000003c0       ___xi_z                    004263c0     MSVCRT:initializers.obj
 0002:000003c4       ___xl_a                    004263c4     MSVCRT:tlssup.obj
 0002:000003c8       ___xl_z                    004263c8     MSVCRT:tlssup.obj
 0002:000003cc       ___xp_a                    004263cc     MSVCRT:initializers.obj
 0002:000003d0       ___xp_z                    004263d0     MSVCRT:initializers.obj
 0002:000003d4       ___xt_a                    004263d4     MSVCRT:initializers.obj
 0002:000003d8       ___xt_z                    004263d8     MSVCRT:initializers.obj
 0002:000003e0       ??_C@_0BK@KJGCMOHN@Invalid?5window?5size?5?$CFix?$CFi?$AA@ 004263e0     glfw3:window.c.obj
 0002:000003fc       ??_C@_0BH@LBCIHIMD@Invalid?5window?5hint?5?$CFi?$AA@ 004263fc     glfw3:window.c.obj
 0002:00000420       __xmm@00000000000000010003600100030001 00426420     glfw3:window.c.obj
 0002:00000430       __xmm@00000001000000010000000100000001 00426430     glfw3:window.c.obj
 0002:00000440       __xmm@00000008000000080000000800000008 00426440     glfw3:window.c.obj
 0002:00000450       ??_C@_0O@ENGHJHNB@OpenGL?5ES?9CM?5?$AA@ 00426450     glfw3:context.c.obj
 0002:00000460       ??_C@_0O@EMKFPNOG@OpenGL?5ES?9CL?5?$AA@ 00426460     glfw3:context.c.obj
 0002:00000470       ??_C@_0L@JLFHOCGA@OpenGL?5ES?5?$AA@ 00426470     glfw3:context.c.obj
 0002:0000047c       ??_C@_0CO@DBDPCKJA@Client?5API?5version?5string?5retrie@ 0042647c     glfw3:context.c.obj
 0002:000004ac       ??_C@_08FOJKHHJA@?$CFd?4?$CFd?4?$CFd?$AA@ 004264ac     glfw3:context.c.obj
 0002:000004b8       ??_C@_0CO@DNIGMAHN@No?5version?5found?5in?5client?5API?5v@ 004264b8     glfw3:context.c.obj
 0002:000004e8       ??_C@_0CA@EGNPLLAH@Invalid?5context?5creation?5API?5?$CFi?$AA@ 004264e8     glfw3:context.c.obj
 0002:00000508       ??_C@_0BG@CEONMDO@Invalid?5client?5API?5?$CFi?$AA@ 00426508     glfw3:context.c.obj
 0002:00000520       ??_C@_0BN@DHKEBMCG@Invalid?5OpenGL?5version?5?$CFi?4?$CFi?$AA@ 00426520     glfw3:context.c.obj
 0002:00000540       ??_C@_0BK@IEJBEGLB@Invalid?5OpenGL?5profile?5?$CFi?$AA@ 00426540     glfw3:context.c.obj
 0002:00000560       ??_C@_0ED@FEABOOIM@Context?5profiles?5are?5only?5define@ 00426560     glfw3:context.c.obj
 0002:000005a8       ??_C@_0EH@CMDCLIEA@Forward?9compatibility?5is?5only?5de@ 004265a8     glfw3:context.c.obj
 0002:000005f0       ??_C@_0CA@LFIDGAHJ@Invalid?5OpenGL?5ES?5version?5?$CFi?4?$CFi?$AA@ 004265f0     glfw3:context.c.obj
 0002:00000610       ??_C@_0CD@GAIKDKHK@Invalid?5context?5robustness?5mode?5@ 00426610     glfw3:context.c.obj
 0002:00000634       ??_C@_0CE@HHGIDEAE@Invalid?5context?5release?5behavior@ 00426634     glfw3:context.c.obj
 0002:00000658       ??_C@_0O@DHHDCCLF@glGetIntegerv?$AA@ 00426658     glfw3:context.c.obj
 0002:00000668       ??_C@_0M@OPOBFDCB@glGetString?$AA@ 00426668     glfw3:context.c.obj
 0002:00000674       ??_C@_0CA@LDAANPIM@Entry?5point?5retrieval?5is?5broken?$AA@ 00426674     glfw3:context.c.obj
 0002:00000694       ??_C@_0DG@HKHFODHE@Requested?5client?5API?5version?5?$CFi?4@ 00426694     glfw3:context.c.obj
 0002:000006cc       ??_C@_0BE@OHIPHHMJ@GL_ARB_debug_output?$AA@ 004266cc     glfw3:context.c.obj
 0002:000006e0       ??_C@_0BF@CJMIIMBG@GL_ARB_compatibility?$AA@ 004266e0     glfw3:context.c.obj
 0002:000006f8       ??_C@_0BC@EOBKJDCM@GL_ARB_robustness?$AA@ 004266f8     glfw3:context.c.obj
 0002:0000070c       ??_C@_0BC@CLDFFND@GL_EXT_robustness?$AA@ 0042670c     glfw3:context.c.obj
 0002:00000720       ??_C@_0BN@FNDGKECA@GL_KHR_context_flush_control?$AA@ 00426720     glfw3:context.c.obj
 0002:00000740       ??_C@_07IBAPPAHJ@glClear?$AA@ 00426740     glfw3:context.c.obj
 0002:00000748       ??_C@_0BP@MMGGFAGN@Extension?5name?5is?5empty?5string?$AA@ 00426748     glfw3:context.c.obj
 0002:00000768       ??_C@_0CF@KMMHNOMI@Extension?5string?5retrieval?5is?5br@ 00426768     glfw3:context.c.obj
 0002:00000790       ??_C@_0CE@BEELAIPG@The?5GLFW?5library?5is?5not?5initiali@ 00426790     glfw3:init.c.obj
 0002:000007b4       ??_C@_0BM@PKHPFLOM@There?5is?5no?5current?5context?$AA@ 004267b4     glfw3:init.c.obj
 0002:000007d0       ??_C@_0CE@KDBKFLEE@Invalid?5argument?5for?5enum?5parame@ 004267d0     glfw3:init.c.obj
 0002:000007f4       ??_C@_0BM@BADCNPOM@Invalid?5value?5for?5parameter?$AA@ 004267f4     glfw3:init.c.obj
 0002:00000810       ??_C@_0O@NALGGDJF@Out?5of?5memory?$AA@ 00426810     glfw3:init.c.obj
 0002:00000820       ??_C@_0CI@GDIOIKBB@The?5requested?5client?5API?5is?5unav@ 00426820     glfw3:init.c.obj
 0002:00000848       ??_C@_0DA@NMGNJHAE@The?5requested?5client?5API?5version@ 00426848     glfw3:init.c.obj
 0002:00000878       ??_C@_0CD@HJEBEGLD@A?5platform?9specific?5error?5occurr@ 00426878     glfw3:init.c.obj
 0002:0000089c       ??_C@_0CE@PCLEMLLO@The?5requested?5format?5is?5unavaila@ 0042689c     glfw3:init.c.obj
 0002:000008c0       ??_C@_0CE@OJFJMLEI@The?5specified?5window?5has?5no?5cont@ 004268c0     glfw3:init.c.obj
 0002:000008e4       ??_C@_0BK@PMMAHJAK@ERROR?3?5UNKNOWN?5GLFW?5ERROR?$AA@ 004268e4     glfw3:init.c.obj
 0002:00000900       __real@3fe0000000000000    00426900     glfw3:monitor.c.obj
 0002:00000908       ??_C@_19JBPKICJI@?$AAG?$AAL?$AAF?$AAW?$AA?$AA@ 00426908     glfw3:win32_window.c.obj
 0002:00000914       ??_C@_0DA@CDIFIIJI@Win32?3?5Failed?5to?5convert?5window?5@ 00426914     glfw3:win32_window.c.obj
 0002:00000944       ??_C@_1O@IBNLCBOC@?$AAG?$AAL?$AAF?$AAW?$AA3?$AA0?$AA?$AA@ 00426944     glfw3:win32_window.c.obj
 0002:00000954       ??_C@_0BP@BFHGHOIO@Win32?3?5Failed?5to?5create?5window?$AA@ 00426954     glfw3:win32_window.c.obj
 0002:00000974       ??_C@_1BE@LDFMCOHA@?$AAG?$AAL?$AAF?$AAW?$AA_?$AAI?$AAC?$AAO?$AAN?$AA?$AA@ 00426974     glfw3:win32_window.c.obj
 0002:00000988       ??_C@_0CH@GAPNPCHF@Win32?3?5Failed?5to?5register?5window@ 00426988     glfw3:win32_window.c.obj
 0002:000009b0       ??_C@_0P@IENCOMCD@VK_KHR_surface?$AA@ 004269b0     glfw3:win32_window.c.obj
 0002:000009c0       ??_C@_0BF@COCMEDFO@VK_KHR_win32_surface?$AA@ 004269c0     glfw3:win32_window.c.obj
 0002:000009d8       __real@405e000000000000    004269d8     glfw3:win32_window.c.obj
 0002:000009e0       __xmm@80000000000000008000000000000000 004269e0     glfw3:win32_window.c.obj
 0002:000009f0       ??_C@_0CE@MEIEKJIC@Win32?3?5Failed?5to?5allocate?5TLS?5in@ 004269f0     glfw3:win32_tls.c.obj
 0002:00000a2c       _IID_IDirectInput8W        00426a2c     glfw3:win32_joystick.c.obj
 0002:00000a3c       _GUID_XAxis                00426a3c     glfw3:win32_joystick.c.obj
 0002:00000a4c       _GUID_YAxis                00426a4c     glfw3:win32_joystick.c.obj
 0002:00000a5c       _GUID_ZAxis                00426a5c     glfw3:win32_joystick.c.obj
 0002:00000a6c       _GUID_RxAxis               00426a6c     glfw3:win32_joystick.c.obj
 0002:00000a7c       _GUID_RyAxis               00426a7c     glfw3:win32_joystick.c.obj
 0002:00000a8c       _GUID_RzAxis               00426a8c     glfw3:win32_joystick.c.obj
 0002:00000a9c       _GUID_Slider               00426a9c     glfw3:win32_joystick.c.obj
 0002:00000aac       _GUID_POV                  00426aac     glfw3:win32_joystick.c.obj
 0002:00000abc       ??_C@_0N@JENFOGFI@XInput?5Wheel?$AA@ 00426abc     glfw3:win32_joystick.c.obj
 0002:00000acc       ??_C@_0BE@FABDLJKH@XInput?5Arcade?5Stick?$AA@ 00426acc     glfw3:win32_joystick.c.obj
 0002:00000ae0       ??_C@_0BE@HBNNGLHP@XInput?5Flight?5Stick?$AA@ 00426ae0     glfw3:win32_joystick.c.obj
 0002:00000af4       ??_C@_0BB@JDDMDGFO@XInput?5Dance?5Pad?$AA@ 00426af4     glfw3:win32_joystick.c.obj
 0002:00000b08       ??_C@_0O@IFDGNEHH@XInput?5Guitar?$AA@ 00426b08     glfw3:win32_joystick.c.obj
 0002:00000b18       ??_C@_0BA@LCMKGGHA@XInput?5Drum?5Kit?$AA@ 00426b18     glfw3:win32_joystick.c.obj
 0002:00000b28       ??_C@_0BN@OIHKANJ@Wireless?5Xbox?5360?5Controller?$AA@ 00426b28     glfw3:win32_joystick.c.obj
 0002:00000b48       ??_C@_0BE@JNNBBIGB@Xbox?5360?5Controller?$AA@ 00426b48     glfw3:win32_joystick.c.obj
 0002:00000b5c       ??_C@_0BG@DGJLFNBN@Unknown?5XInput?5Device?$AA@ 00426b5c     glfw3:win32_joystick.c.obj
 0002:00000b74       ??_C@_03HAFBONIK@IG_?$AA@  00426b74     glfw3:win32_joystick.c.obj
 0002:00000b78       ??_C@_0BM@NAGDGOBA@DI?3?5Failed?5to?5create?5device?$AA@ 00426b78     glfw3:win32_joystick.c.obj
 0002:00000b94       ??_C@_0CF@KNHHCLIO@DI?3?5Failed?5to?5set?5device?5data?5fo@ 00426b94     glfw3:win32_joystick.c.obj
 0002:00000bbc       ??_C@_0CI@BJIPONFG@DI?3?5Failed?5to?5query?5device?5capab@ 00426bbc     glfw3:win32_joystick.c.obj
 0002:00000be4       ??_C@_0CD@BFBAJDII@DI?3?5Failed?5to?5set?5device?5axis?5mo@ 00426be4     glfw3:win32_joystick.c.obj
 0002:00000c08       ??_C@_0CH@OEOICFHI@DI?3?5Failed?5to?5enumerate?5device?5o@ 00426c08     glfw3:win32_joystick.c.obj
 0002:00000c30       ??_C@_0BP@JPGGHMBM@DI?3?5Failed?5to?5create?5interface?$AA@ 00426c30     glfw3:win32_joystick.c.obj
 0002:00000c50       ??_C@_0CJ@HDJDHLNO@Failed?5to?5enumerate?5DirectInput8@ 00426c50     glfw3:win32_joystick.c.obj
 0002:00000c7c       _GUID_DEVINTERFACE_HID     00426c7c     glfw3:win32_init.c.obj
 0002:00000c8c       ??_C@_09CBHKFKGB@winmm?4dll?$AA@ 00426c8c     glfw3:win32_init.c.obj
 0002:00000c98       ??_C@_0CA@EDJENDDE@Win32?3?5Failed?5to?5load?5winmm?4dll?$AA@ 00426c98     glfw3:win32_init.c.obj
 0002:00000cb8       ??_C@_0M@DEPJBPP@timeGetTime?$AA@ 00426cb8     glfw3:win32_init.c.obj
 0002:00000cc4       ??_C@_0L@GMPLCCII@user32?4dll?$AA@ 00426cc4     glfw3:win32_init.c.obj
 0002:00000cd0       ??_C@_0CB@HHJIGJHK@Win32?3?5Failed?5to?5load?5user32?4dll@ 00426cd0     glfw3:win32_init.c.obj
 0002:00000cf4       ??_C@_0BD@ENICNPLM@SetProcessDPIAware?$AA@ 00426cf4     glfw3:win32_init.c.obj
 0002:00000d08       ??_C@_0BM@OCGPLDNC@ChangeWindowMessageFilterEx?$AA@ 00426d08     glfw3:win32_init.c.obj
 0002:00000d24       ??_C@_0M@ONOEDIJO@dinput8?4dll?$AA@ 00426d24     glfw3:win32_init.c.obj
 0002:00000d30       ??_C@_0BD@IJCCAMHG@DirectInput8Create?$AA@ 00426d30     glfw3:win32_init.c.obj
 0002:00000d44       ??_C@_0O@LNFLKCMF@xinput1_4?4dll?$AA@ 00426d44     glfw3:win32_init.c.obj
 0002:00000d54       ??_C@_0O@KAFOJCHN@xinput1_3?4dll?$AA@ 00426d54     glfw3:win32_init.c.obj
 0002:00000d64       ??_C@_0BA@GHGALGFD@xinput9_1_0?4dll?$AA@ 00426d64     glfw3:win32_init.c.obj
 0002:00000d74       ??_C@_0O@GLACEBNI@xinput1_2?4dll?$AA@ 00426d74     glfw3:win32_init.c.obj
 0002:00000d84       ??_C@_0O@ONJGDDHG@xinput1_1?4dll?$AA@ 00426d84     glfw3:win32_init.c.obj
 0002:00000d94       ??_C@_0BG@ELBNFOBA@XInputGetCapabilities?$AA@ 00426d94     glfw3:win32_init.c.obj
 0002:00000dac       ??_C@_0P@FCCEJHCC@XInputGetState?$AA@ 00426dac     glfw3:win32_init.c.obj
 0002:00000dbc       ??_C@_0L@FACOJKPJ@dwmapi?4dll?$AA@ 00426dbc     glfw3:win32_init.c.obj
 0002:00000dc8       ??_C@_0BI@KJPLJBHH@DwmIsCompositionEnabled?$AA@ 00426dc8     glfw3:win32_init.c.obj
 0002:00000de0       ??_C@_08PEMNBIMD@DwmFlush?$AA@ 00426de0     glfw3:win32_init.c.obj
 0002:00000dec       ??_C@_0L@DMFDIJCG@shcore?4dll?$AA@ 00426dec     glfw3:win32_init.c.obj
 0002:00000df8       ??_C@_0BH@DGFLCCMF@SetProcessDpiAwareness?$AA@ 00426df8     glfw3:win32_init.c.obj
 0002:00000e10       ??_C@_1CG@OEOKOPIA@?$AAG?$AAL?$AAF?$AAW?$AA?5?$AAh?$AAe?$AAl?$AAp?$AAe?$AAr?$AA?5?$AAw?$AAi?$AAn?$AAd?$AAo?$AAw?$AA?$AA@ 00426e10     glfw3:win32_init.c.obj
 0002:00000e38       ??_C@_0CG@LDJIJKNI@Win32?3?5Failed?5to?5create?5helper?5w@ 00426e38     glfw3:win32_init.c.obj
 0002:00000e60       __xmm@00380037003600350034003300320031 00426e60     glfw3:win32_init.c.obj
 0002:00000e70       __xmm@01290128012701260125012401230122 00426e70     glfw3:win32_init.c.obj
 0002:00000e80       __xmm@013501340133013201310130012f012e 00426e80     glfw3:win32_init.c.obj
 0002:00000e90       ??_C@_0CJ@EFIFNOJC@Win32?3?5Failed?5to?5convert?5string?5@ 00426e90     glfw3:win32_monitor.c.obj
 0002:00000ebc       ??_C@_1BA@PICGEGJB@?$AAD?$AAI?$AAS?$AAP?$AAL?$AAA?$AAY?$AA?$AA@ 00426ebc     glfw3:win32_monitor.c.obj
 0002:00000ecc       ??_C@_0CA@CNJHNGPE@Win32?3?5Failed?5to?5set?5video?5mode?$AA@ 00426ecc     glfw3:win32_monitor.c.obj
 0002:00000eec       ??_C@_0CD@EGEEPFHF@Win32?3?5Gamma?5ramp?5size?5must?5be?52@ 00426eec     glfw3:win32_monitor.c.obj
 0002:00000f10       ??_C@_0N@IILPFLFM@vulkan?91?4dll?$AA@ 00426f10     glfw3:vulkan.c.obj
 0002:00000f20       ??_C@_0BG@HBCIDECD@vkGetInstanceProcAddr?$AA@ 00426f20     glfw3:vulkan.c.obj
 0002:00000f38       ??_C@_0DF@FEPNJFGL@Vulkan?3?5Loader?5does?5not?5export?5v@ 00426f38     glfw3:vulkan.c.obj
 0002:00000f70       ??_C@_0CH@DNHGEPME@vkEnumerateInstanceExtensionProp@ 00426f70     glfw3:vulkan.c.obj
 0002:00000f98       ??_C@_0EC@MCALKGHI@Vulkan?3?5Failed?5to?5retrieve?5vkEnu@ 00426f98     glfw3:vulkan.c.obj
 0002:00000fdc       ??_C@_0DF@KADNFCFI@Vulkan?3?5Failed?5to?5query?5instance@ 00426fdc     glfw3:vulkan.c.obj
 0002:00001014       ??_C@_0DA@LIIDOJC@Vulkan?3?5Failed?5to?5query?5instance@ 00427014     glfw3:vulkan.c.obj
 0002:00001044       ??_C@_0BE@EFOBHOAB@VK_KHR_xlib_surface?$AA@ 00427044     glfw3:vulkan.c.obj
 0002:00001058       ??_C@_0BD@DKPJMBMG@VK_KHR_xcb_surface?$AA@ 00427058     glfw3:vulkan.c.obj
 0002:0000106c       ??_C@_0BH@FDAKHMHL@VK_KHR_wayland_surface?$AA@ 0042706c     glfw3:vulkan.c.obj
 0002:00001084       ??_C@_0BD@GLEDICEG@VK_KHR_mir_surface?$AA@ 00427084     glfw3:vulkan.c.obj
 0002:00001098       ??_C@_07PBILKAFL@Success?$AA@ 00427098     glfw3:vulkan.c.obj
 0002:000010a0       ??_C@_0CH@GBHCOIGC@A?5fence?5or?5query?5has?5not?5yet?5com@ 004270a0     glfw3:vulkan.c.obj
 0002:000010c8       ??_C@_0DJ@KAONABFK@A?5wait?5operation?5has?5not?5complet@ 004270c8     glfw3:vulkan.c.obj
 0002:00001104       ??_C@_0BF@NEMNBLEB@An?5event?5is?5signaled?$AA@ 00427104     glfw3:vulkan.c.obj
 0002:0000111c       ??_C@_0BH@MDCGBFEN@An?5event?5is?5unsignaled?$AA@ 0042711c     glfw3:vulkan.c.obj
 0002:00001134       ??_C@_0CM@GKIHKJDL@A?5return?5array?5was?5too?5small?5for@ 00427134     glfw3:vulkan.c.obj
 0002:00001160       ??_C@_0CE@HKNBGEPI@A?5host?5memory?5allocation?5has?5fai@ 00427160     glfw3:vulkan.c.obj
 0002:00001184       ??_C@_0CG@CHEOMKGJ@A?5device?5memory?5allocation?5has?5f@ 00427184     glfw3:vulkan.c.obj
 0002:000011b0       ??_C@_0FH@MCDKNJAI@Initialization?5of?5an?5object?5coul@ 004271b0     glfw3:vulkan.c.obj
 0002:00001208       ??_C@_0CN@IHJGMBHI@The?5logical?5or?5physical?5device?5h@ 00427208     glfw3:vulkan.c.obj
 0002:00001238       ??_C@_0CG@CHGOPGBD@Mapping?5of?5a?5memory?5object?5has?5f@ 00427238     glfw3:vulkan.c.obj
 0002:00001260       ??_C@_0DI@GNLCAHHB@A?5requested?5layer?5is?5not?5present@ 00427260     glfw3:vulkan.c.obj
 0002:00001298       ??_C@_0CH@NEGEBDM@A?5requested?5extension?5is?5not?5sup@ 00427298     glfw3:vulkan.c.obj
 0002:000012c0       ??_C@_0CF@OFADCJLJ@A?5requested?5feature?5is?5not?5suppo@ 004272c0     glfw3:vulkan.c.obj
 0002:000012e8       ??_C@_0FM@BBONGFMN@The?5requested?5version?5of?5Vulkan?5@ 004272e8     glfw3:vulkan.c.obj
 0002:00001344       ??_C@_0DH@EKEHMEFD@Too?5many?5objects?5of?5the?5type?5hav@ 00427344     glfw3:vulkan.c.obj
 0002:0000137c       ??_C@_0DD@OOKDLCED@A?5requested?5format?5is?5not?5suppor@ 0042737c     glfw3:vulkan.c.obj
 0002:000013b0       ??_C@_0CB@EJFBPGFM@A?5surface?5is?5no?5longer?5available@ 004273b0     glfw3:vulkan.c.obj
 0002:000013d8       ??_C@_0FE@ILJLDKCD@A?5swapchain?5no?5longer?5matches?5th@ 004273d8     glfw3:vulkan.c.obj
 0002:00001430       ??_C@_0FH@FIPMKLID@A?5surface?5has?5changed?5in?5such?5a?5@ 00427430     glfw3:vulkan.c.obj
 0002:00001488       ??_C@_0EP@OJIEDFOO@The?5display?5used?5by?5a?5swapchain?5@ 00427488     glfw3:vulkan.c.obj
 0002:000014d8       ??_C@_0FN@PJBCJBIL@The?5requested?5window?5is?5already?5@ 004274d8     glfw3:vulkan.c.obj
 0002:00001538       ??_C@_0CC@HDNEDJNI@A?5validation?5layer?5found?5an?5erro@ 00427538     glfw3:vulkan.c.obj
 0002:0000155c       ??_C@_0BM@OMEGJAIK@ERROR?3?5UNKNOWN?5VULKAN?5ERROR?$AA@ 0042755c     glfw3:vulkan.c.obj
 0002:00001578       ??_C@_0DC@ICHAJFGA@WGL?3?5Failed?5to?5retrieve?5pixel?5fo@ 00427578     glfw3:wgl_context.c.obj
 0002:000015ac       ??_C@_0DC@HFHALHIB@WGL?3?5The?5driver?5does?5not?5appear?5@ 004275ac     glfw3:wgl_context.c.obj
 0002:000015e0       ??_C@_0CM@DGJKGOGD@WGL?3?5Failed?5to?5find?5a?5suitable?5p@ 004275e0     glfw3:wgl_context.c.obj
 0002:0000160c       ??_C@_0CE@FEGPCKPN@WGL?3?5Failed?5to?5make?5context?5curr@ 0042760c     glfw3:wgl_context.c.obj
 0002:00001630       ??_C@_0CF@EKIADPFB@WGL?3?5Failed?5to?5clear?5current?5con@ 00427630     glfw3:wgl_context.c.obj
 0002:00001658       ??_C@_0BK@HGDBIG@wglGetExtensionsStringEXT?$AA@ 00427658     glfw3:wgl_context.c.obj
 0002:00001674       ??_C@_0BK@JOBLJGNA@wglGetExtensionsStringARB?$AA@ 00427674     glfw3:wgl_context.c.obj
 0002:00001690       ??_C@_0BL@PDDHMPGF@wglCreateContextAttribsARB?$AA@ 00427690     glfw3:wgl_context.c.obj
 0002:000016ac       ??_C@_0BD@IINOPBDD@wglSwapIntervalEXT?$AA@ 004276ac     glfw3:wgl_context.c.obj
 0002:000016c0       ??_C@_0BN@GDKHKIAN@wglGetPixelFormatAttribivARB?$AA@ 004276c0     glfw3:wgl_context.c.obj
 0002:000016e0       ??_C@_0BE@BMOJHNDI@WGL_ARB_multisample?$AA@ 004276e0     glfw3:wgl_context.c.obj
 0002:000016f4       ??_C@_0BJ@CIMJOHKL@WGL_ARB_framebuffer_sRGB?$AA@ 004276f4     glfw3:wgl_context.c.obj
 0002:00001710       ??_C@_0BJ@ODLLHDDH@WGL_EXT_framebuffer_sRGB?$AA@ 00427710     glfw3:wgl_context.c.obj
 0002:0000172c       ??_C@_0BH@NCJDMLMG@WGL_ARB_create_context?$AA@ 0042772c     glfw3:wgl_context.c.obj
 0002:00001744       ??_C@_0BP@JAOBDJGN@WGL_ARB_create_context_profile?$AA@ 00427744     glfw3:wgl_context.c.obj
[...]
 0002:00000398       ?g_Yellow$initializer$@xten@@3P6AXXZA 00426398     xTenStd.obj
 0002:0000039c       ?g_Gray40$initializer$@xten@@3P6AXXZA 0042639c     xTenStd.obj
 0002:000003a0       ?g_Gray25$initializer$@xten@@3P6AXXZA 004263a0     xTenStd.obj
 0002:000003a4       ?g_Gray65$initializer$@xten@@3P6AXXZA 004263a4     xTenStd.obj
 0002:000003a8       ?g_Transparent$initializer$@xten@@3P6AXXZA 004263a8     xTenStd.obj
 0002:000003b4       ?pre_c_initializer@@3P6AHXZA 004263b4     MSVCRT:exe_main.obj
 0002:000003b8       ?post_pgo_initializer@@3P6AHXZA 004263b8     MSVCRT:exe_main.obj
 0002:000003bc       ?__scrt_initialize_tss_var@@3P6AHXZA 004263bc     MSVCRT:thread_safe_statics.obj
 0002:00000a14       __glfwDataFormat           00426a14     glfw3:win32_joystick.c.obj
 0002:00014610       _GS_ExceptionPointers      0043a610     MSVCRT:gs_report.obj
 0002:00014620       _Int32ToUInt32             0043a620     MSVCRT:_ftol3_.obj
 0002:00014628       _DP2to32                   0043a628     MSVCRT:_ftol3_.obj
 0002:00014630       _MantissaMask              0043a630     MSVCRT:_ftol3_.obj
 0002:00014638       _IntegerBit                0043a638     MSVCRT:_ftol3_.obj
 0002:00014640       _SignBit64                 0043a640     MSVCRT:_ftol3_.obj
 0002:00014648       _MinFP64                   0043a648     MSVCRT:_ftol3_.obj
 0002:00014650       _MinInt64                  0043a650     MSVCRT:_ftol3_.obj
 0002:00014658       _MaxInt64                  0043a658     MSVCRT:_ftol3_.obj
 0002:00014660       _MaxUInt64                 0043a660     MSVCRT:_ftol3_.obj
 0002:00014668       _MaxFP32                   0043a668     MSVCRT:_ftol3_.obj
 0002:00014670       _MinFP32                   0043a670     MSVCRT:_ftol3_.obj
 0002:00014678       _MinSubInexact             0043a678     MSVCRT:_ftol3_.obj
 0002:00014680       _FpExcptTable              0043a680     MSVCRT:_ftol3_.obj
 0002:00014690       _i1075                     0043a690     MSVCRT:_ftol3_.obj
 0002:00014694       _i1087                     0043a694     MSVCRT:_ftol3_.obj
 0002:00014698       _x0800                     0043a698     MSVCRT:_ftol3_.obj
 0002:0001469c       _x17FF                     0043a69c     MSVCRT:_ftol3_.obj
 0002:000146a0       _CWMask                    0043a6a0     MSVCRT:_ftol3_.obj
 0002:00014fa0       _stbi__jpeg_dezigzag       0043afa0     SOIL2:SOIL2.obj
 0002:00014ff0       ?RepVals0@?1??GetModulationValue@@9@9 0043aff0     SOIL2:SOIL2.obj
 0002:00015000       ?is_gl3@?1??isAtLeastGL3@@9@9 0043b000     SOIL2:SOIL2.obj
 0002:00015008       _stbi__zlength_base        0043b008     SOIL2:SOIL2.obj
 0002:00015084       ?length_dezigzag@?1??stbi__compute_huffman_codes@@9@9 0043b084     SOIL2:SOIL2.obj
 0002:00015098       _stbi__zdist_base          0043b098     SOIL2:SOIL2.obj
 0002:00015118       _stbi__zlength_extra       0043b118     SOIL2:SOIL2.obj
 0002:00015194       _first_row_filter          0043b194     SOIL2:SOIL2.obj
 0002:0001519c       _stbi__depth_scale_table   0043b19c     SOIL2:SOIL2.obj
 0002:000151a8       ?RepVals1@?1??GetModulationValue@@9@9 0043b1a8     SOIL2:SOIL2.obj
 0002:000151c0       _stbi__zdist_extra         0043b1c0     SOIL2:SOIL2.obj
 0002:00015240       ?png_sig@?1??stbi__check_png_header@@9@9 0043b240     SOIL2:SOIL2.obj
 0002:00015248       _kModifierTable            0043b248     SOIL2:etc1_utils.obj
 0002:000152c8       _kLookup                   0043b2c8     SOIL2:etc1_utils.obj
 0002:000152e8       _kMagic                    0043b2e8     SOIL2:etc1_utils.obj
 0002:00015ba0       __ehfuncinfo$??0Game@@QAE@XZ 0043bba0     main.obj
 0002:00015bc4       __unwindtable$??0Game@@QAE@XZ 0043bbc4     main.obj
 0002:00015bd4       __ehfuncinfo$??1Game@@UAE@XZ 0043bbd4     main.obj
 0002:00015bf8       __unwindtable$??1Game@@UAE@XZ 0043bbf8     main.obj
 0002:00015c00       __ehfuncinfo$?start@Game@@UAEXXZ 0043bc00     main.obj
 0002:00015c24       __unwindtable$?start@Game@@UAEXXZ 0043bc24     main.obj
 0002:00015c2c       __ehfuncinfo$_main         0043bc2c     main.obj
 0002:00015c50       __unwindtable$_main        0043bc50     main.obj
 0002:00015c60       __ehfuncinfo$?_Copy@?$basic_string@DU?$char_traits@D@std@@V?$allocator@D@2@@std@@QAEXII@Z 0043bc60     main.obj
 0002:00015c84       __unwindtable$?_Copy@?$basic_string@DU?$char_traits@D@std@@V?$allocator@D@2@@std@@QAEXII@Z 0043bc84     main.obj
 0002:00015ca4       __tryblocktable$?_Copy@?$basic_string@DU?$char_traits@D@std@@V?$allocator@D@2@@std@@QAEXII@Z 0043bca4     main.obj
 0002:00015ccc       __catchsym$?_Copy@?$basic_string@DU?$char_traits@D@std@@V?$allocator@D@2@@std@@QAEXII@Z$128 0043bccc     main.obj
 0002:00015cdc       __catchsym$?_Copy@?$basic_string@DU?$char_traits@D@std@@V?$allocator@D@2@@std@@QAEXII@Z$129 0043bcdc     main.obj
 0002:00015cec       __ehfuncinfo$??$?6U?$char_traits@D@std@@@std@@YAAAV?$basic_ostream@DU?$char_traits@D@std@@@0@AAV10@PBD@Z 0043bcec     main.obj
 0002:00015d10       __unwindtable$??$?6U?$char_traits@D@std@@@std@@YAAAV?$basic_ostream@DU?$char_traits@D@std@@@0@AAV10@PBD@Z 0043bd10     main.obj
 0002:00015d40       __tryblocktable$??$?6U?$char_traits@D@std@@@std@@YAAAV?$basic_ostream@DU?$char_traits@D@std@@@0@AAV10@PBD@Z 0043bd40     main.obj
 0002:00015d54       __catchsym$??$?6U?$char_traits@D@std@@@std@@YAAAV?$basic_ostream@DU?$char_traits@D@std@@@0@AAV10@PBD@Z$10 0043bd54     main.obj
 0002:00015d64       __ehfuncinfo$??_GClient@xten@@UAEPAXI@Z 0043bd64     client.obj
 0002:00015d64       __ehfuncinfo$??1sentry@?$basic_ostream@DU?$char_traits@D@std@@@std@@QAE@XZ 0043bd64     main.obj
 0002:00015d88       __unwindtable$??_GClient@xten@@UAEPAXI@Z 0043bd88     client.obj
 0002:00015d88       __unwindtable$??1sentry@?$basic_ostream@DU?$char_traits@D@std@@@std@@QAE@XZ 0043bd88     main.obj
 0002:00015d90       __ehfuncinfo$??1Client@xten@@UAE@XZ 0043bd90     client.obj
 0002:00015d90       __ehfuncinfo$??1_Sentry_base@?$basic_ostream@DU?$char_traits@D@std@@@std@@QAE@XZ 0043bd90     main.obj
 0002:00015db4       __ehfuncinfo$?createWindow@Client@xten@@QAE_NABV?$basic_string@DU?$char_traits@D@std@@V?$allocator@D@2@@std@@ABUWindowProperties@2@@Z 0043bdb4     client.obj
 0002:00015dd8       __unwindtable$?createWindow@Client@xten@@QAE_NABV?$basic_string@DU?$char_traits@D@std@@V?$allocator@D@2@@std@@ABUWindowProperties@2@@Z 0043bdd8     client.obj
 0002:00015de8       __ehfuncinfo$?loadMesh@Mesh@xgraphics@xten@@QAEEABV?$basic_string@DU?$char_traits@D@std@@V?$allocator@D@2@@std@@@Z 0043bde8     mesh.obj
 0002:00015e0c       __unwindtable$?loadMesh@Mesh@xgraphics@xten@@QAEEABV?$basic_string@DU?$char_traits@D@std@@V?$allocator@D@2@@std@@@Z 0043be0c     mesh.obj
 0002:00015e14       __ehfuncinfo$?initMesh@Mesh@xgraphics@xten@@AAEXIPBUaiMesh@@@Z 0043be14     mesh.obj
 0002:00015e38       __unwindtable$?initMesh@Mesh@xgraphics@xten@@AAEXIPBUaiMesh@@@Z 0043be38     mesh.obj
 0002:00015e48       __ehfuncinfo$?initMaterials@Mesh@xgraphics@xten@@AAEEPBUaiScene@@ABV?$basic_string@DU?$char_traits@D@std@@V?$allocator@D@2@@std@@@Z 0043be48     mesh.obj
 0002:00015e6c       __unwindtable$?initMaterials@Mesh@xgraphics@xten@@AAEEPBUaiScene@@ABV?$basic_string@DU?$char_traits@D@std@@V?$allocator@D@2@@std@@@Z 0043be6c     mesh.obj
 0002:00015e9c       __ehfuncinfo$?_Pop_back_n@?$vector@UMeshEntry@Mesh@xgraphics@xten@@V?$allocator@UMeshEntry@Mesh@xgraphics@xten@@@std@@@std@@QAEXI@Z 0043be9c     mesh.obj
 0002:00015ec0       __unwindtable$?_Pop_back_n@?$vector@UMeshEntry@Mesh@xgraphics@xten@@V?$allocator@UMeshEntry@Mesh@xgraphics@xten@@@std@@@std@@QAEXI@Z 0043bec0     mesh.obj
 0002:00015ec8       __ehfuncinfo$?_Destroy@?$vector@UMeshEntry@Mesh@xgraphics@xten@@V?$allocator@UMeshEntry@Mesh@xgraphics@xten@@@std@@@std@@IAEXPAUMeshEntry@Mesh@xgraphics@xten@@0@Z 0043bec8     mesh.obj
 0002:00015eec       __unwindtable$?_Destroy@?$vector@UMeshEntry@Mesh@xgraphics@xten@@V?$allocator@UMeshEntry@Mesh@xgraphics@xten@@@std@@@std@@IAEXPAUMeshEntry@Mesh@xgraphics@xten@@0@Z 0043beec     mesh.obj
 0002:00015ef4       __ehfuncinfo$??$?HDU?$char_traits@D@std@@V?$allocator@D@1@@std@@YA?AV?$basic_string@DU?$char_traits@D@std@@V?$allocator@D@2@@0@ABV10@PBD@Z 0043bef4     mesh.obj
 0002:00015f18       __unwindtable$??$?HDU?$char_traits@D@std@@V?$allocator@D@1@@std@@YA?AV?$basic_string@DU?$char_traits@D@std@@V?$allocator@D@2@@0@ABV10@PBD@Z 0043bf18     mesh.obj
 0002:00015f20       __ehfuncinfo$??$_Uninitialized_move_al_unchecked1@PAUMeshEntry@Mesh@xgraphics@xten@@PAU1234@V?$allocator@UMeshEntry@Mesh@xgraphics@xten@@@std@@@std@@YAPAUMeshEntry@Mesh@xgraphics@xten@@PAU1234@00AAU?$_Wrap_alloc@V?$allocator@UMeshEntry@Mesh@xgraphics@xten@@@std@@@0@U_General_ptr_iterator_tag@0@@Z 0043bf20     mesh.obj
 0002:00015f20       __ehfuncinfo$??$_Uninitialized_default_fill_n1@PAUMeshEntry@Mesh@xgraphics@xten@@IV?$allocator@UMeshEntry@Mesh@xgraphics@xten@@@std@@U?$integral_constant@_N$0A@@6@@std@@YAXPAUMeshEntry@Mesh@xgraphics@xten@@IAAU?$_Wrap_alloc@V?$allocator@UMeshEntry@Mesh@xgraphics@xten@@@std@@@0@U?$integral_constant@_N$0A@@0@@Z 0043bf20     mesh.obj
 0002:00015f44       __unwindtable$??$_Uninitialized_move_al_unchecked1@PAUMeshEntry@Mesh@xgraphics@xten@@PAU1234@V?$allocator@UMeshEntry@Mesh@xgraphics@xten@@@std@@@std@@YAPAUMeshEntry@Mesh@xgraphics@xten@@PAU1234@00AAU?$_Wrap_alloc@V?$allocator@UMeshEntry@Mesh@xgraphics@xten@@@std@@@0@U_General_ptr_iterator_tag@0@@Z 0043bf44     mesh.obj
 0002:00015f44       __unwindtable$??$_Uninitialized_default_fill_n1@PAUMeshEntry@Mesh@xgraphics@xten@@IV?$allocator@UMeshEntry@Mesh@xgraphics@xten@@@std@@U?$integral_constant@_N$0A@@6@@std@@YAXPAUMeshEntry@Mesh@xgraphics@xten@@IAAU?$_Wrap_alloc@V?$allocator@UMeshEntry@Mesh@xgraphics@xten@@@std@@@0@U?$integral_constant@_N$0A@@0@@Z 0043bf44     mesh.obj
 0002:00015f5c       __ehfuncinfo$?compile@Shader@xgraphics@xten@@QAEEPBD00@Z 0043bf5c     shader.obj
 0002:00015f80       __unwindtable$?compile@Shader@xgraphics@xten@@QAEEPBD00@Z 0043bf80     shader.obj
 0002:00015f90       __ehfuncinfo$?checkProgramErrors@Shader@xgraphics@xten@@AAEEIV?$basic_string@DU?$char_traits@D@std@@V?$allocator@D@2@@std@@0@Z 0043bf90     shader.obj
 0002:00015fb4       __unwindtable$?checkProgramErrors@Shader@xgraphics@xten@@AAEEIV?$basic_string@DU?$char_traits@D@std@@V?$allocator@D@2@@std@@0@Z 0043bfb4     shader.obj
 0002:00015fe4       __ehfuncinfo$?checkErrors@Shader@xgraphics@xten@@AAEEIV?$basic_string@DU?$char_traits@D@std@@V?$allocator@D@2@@std@@@Z 0043bfe4     shader.obj
 0002:00016008       __unwindtable$?checkErrors@Shader@xgraphics@xten@@AAEEIV?$basic_string@DU?$char_traits@D@std@@V?$allocator@D@2@@std@@@Z 0043c008     shader.obj
 0002:00016020       __ehfuncinfo$??$?6DU?$char_traits@D@std@@V?$allocator@D@1@@std@@YAAAV?$basic_ostream@DU?$char_traits@D@std@@@0@AAV10@ABV?$basic_string@DU?$char_traits@D@std@@V?$allocator@D@2@@0@@Z 0043c020     shader.obj
 0002:00016044       __unwindtable$??$?6DU?$char_traits@D@std@@V?$allocator@D@1@@std@@YAAAV?$basic_ostream@DU?$char_traits@D@std@@@0@AAV10@ABV?$basic_string@DU?$char_traits@D@std@@V?$allocator@D@2@@0@@Z 0043c044     shader.obj
 0002:00016074       __tryblocktable$??$?6DU?$char_traits@D@std@@V?$allocator@D@1@@std@@YAAAV?$basic_ostream@DU?$char_traits@D@std@@@0@AAV10@ABV?$basic_string@DU?$char_traits@D@std@@V?$allocator@D@2@@0@@Z 0043c074     shader.obj
 0002:00016088       __catchsym$??$?6DU?$char_traits@D@std@@V?$allocator@D@1@@std@@YAAAV?$basic_ostream@DU?$char_traits@D@std@@@0@AAV10@ABV?$basic_string@DU?$char_traits@D@std@@V?$allocator@D@2@@0@@Z$19 0043c088     shader.obj
 0002:00016098       __ehfuncinfo$?add@ShaderManager@xgraphics@xten@@SAPAVShader@23@V?$basic_string@DU?$char_traits@D@std@@V?$allocator@D@2@@std@@PBD11@Z 0043c098     shadermanager.obj
 0002:000160bc       __tryblocktable$?add@ShaderManager@xgraphics@xten@@SAPAVShader@23@V?$basic_string@DU?$char_traits@D@std@@V?$allocator@D@2@@std@@PBD11@Z 0043c0bc     shadermanager.obj
 0002:000160f8       __unwindtable$?add@ShaderManager@xgraphics@xten@@SAPAVShader@23@V?$basic_string@DU?$char_traits@D@std@@V?$allocator@D@2@@std@@PBD11@Z 0043c0f8     shadermanager.obj
 0002:00016188       __catchsym$?add@ShaderManager@xgraphics@xten@@SAPAVShader@23@V?$basic_string@DU?$char_traits@D@std@@V?$allocator@D@2@@std@@PBD11@Z$892 0043c188     shadermanager.obj
 0002:00016198       __catchsym$?add@ShaderManager@xgraphics@xten@@SAPAVShader@23@V?$basic_string@DU?$char_traits@D@std@@V?$allocator@D@2@@std@@PBD11@Z$893 0043c198     shadermanager.obj
 0002:000161a8       __catchsym$?add@ShaderManager@xgraphics@xten@@SAPAVShader@23@V?$basic_string@DU?$char_traits@D@std@@V?$allocator@D@2@@std@@PBD11@Z$894 0043c1a8     shadermanager.obj
 0002:000161b8       __ehfuncinfo$?clean@ShaderManager@xgraphics@xten@@SAXXZ 0043c1b8     shadermanager.obj
 0002:000161dc       __unwindtable$?clean@ShaderManager@xgraphics@xten@@SAXXZ 0043c1dc     shadermanager.obj
 0002:000161e4       __ehfuncinfo$?add@TexManager@xgraphics@xten@@SAPAVTexture2D@23@IABV?$basic_string@DU?$char_traits@D@std@@V?$allocator@D@2@@std@@0E@Z 0043c1e4     texturemanager.obj
 0002:00016208       __unwindtable$?add@TexManager@xgraphics@xten@@SAPAVTexture2D@23@IABV?$basic_string@DU?$char_traits@D@std@@V?$allocator@D@2@@std@@0E@Z 0043c208     texturemanager.obj
 0002:00016210       __ehfuncinfo$?print@MemInfo@xten@@QAEXXZ 0043c210     memorymanager.obj
 0002:00016234       __unwindtable$?print@MemInfo@xten@@QAEXXZ 0043c234     memorymanager.obj
 0002:00016254       __ehfuncinfo$?fromByte@MemInfo@xten@@QAE?AV?$basic_string@DU?$char_traits@D@std@@V?$allocator@D@2@@std@@AB_J@Z 0043c254     memorymanager.obj
 0002:00016278       __unwindtable$?fromByte@MemInfo@xten@@QAE?AV?$basic_string@DU?$char_traits@D@std@@V?$allocator@D@2@@std@@AB_J@Z 0043c278     memorymanager.obj
 0002:00016298       __sehtable$??_M@YGXPAXIIP6EX0@Z@Z 0043c298     MSVCRT:ehvecdtr.obj
 0002:000162b8       __sehtable$?__ArrayUnwind@@YGXPAXIIP6EX0@Z@Z 0043c2b8     MSVCRT:ehvecdtr.obj
 0002:000162d8       __sehtable$??_L@YGXPAXIIP6EX0@Z1@Z 0043c2d8     MSVCRT:ehvecctr.obj
 0002:000162f8       __sehtable$___scrt_is_nonwritable_in_current_image 0043c2f8     MSVCRT:utility.obj
 0002:00016318       __sehtable$?__scrt_common_main_seh@@YAHXZ 0043c318     MSVCRT:exe_main.obj
 0002:00016978       .idata$6                   0043c978     FreeImage:FreeImage.dll
 0002:00016a56       .idata$6                   0043ca56     assimp-vc130-mt:assimp-vc130-mt.dll
 0002:00016b48       .idata$6                   0043cb48     opengl32:OPENGL32.dll
 0002:00016c5a       .idata$6                   0043cc5a     kernel32:KERNEL32.dll
 0002:00016fb2       .idata$6                   0043cfb2     user32:USER32.dll
 0002:00017032       .idata$6                   0043d032     gdi32:GDI32.dll
 0002:00017060       .idata$6                   0043d060     advapi32:ADVAPI32.dll
 0002:000170b2       .idata$6                   0043d0b2     shell32:SHELL32.dll
 0002:00017408       .idata$6                   0043d408     msvcprt:MSVCP140.dll
 0002:00017526       .idata$6                   0043d526     vcruntime:VCRUNTIME140.dll
 0002:00017850       .idata$6                   0043d850     ucrt:api-ms-win-crt-runtime-l1-1-0.dll
 0002:00017872       .idata$6                   0043d872     ucrt:api-ms-win-crt-stdio-l1-1-0.dll
 0002:00017892       .idata$6                   0043d892     ucrt:api-ms-win-crt-utility-l1-1-0.dll
 0002:000178b4       .idata$6                   0043d8b4     ucrt:api-ms-win-crt-heap-l1-1-0.dll
 0002:000178d4       .idata$6                   0043d8d4     ucrt:api-ms-win-crt-string-l1-1-0.dll
 0002:000178f6       .idata$6                   0043d8f6     ucrt:api-ms-win-crt-math-l1-1-0.dll
 0002:00017916       .idata$6                   0043d916     ucrt:api-ms-win-crt-locale-l1-1-0.dll
 0003:00000000       __glfwObjectDataFormats    0043e000     glfw3:win32_joystick.c.obj
 0003:000002c0       ?_glewErrorString@?1??glewGetErrorString@@9@9 0043e2c0     glew32s:glew.obj
 0003:000002d4       ?_glewString@?1??glewGetString@@9@9 0043e2d4     glew32s:glew.obj
 0003:0000083c       _stbi__stdio_callbacks     0043e83c     SOIL2:SOIL2.obj
 0003:00000848       ?invalid_chunk@?BH@??stbi__parse_png_file@@9@9 0043e848     SOIL2:SOIL2.obj
 0003:00000864       ?firstmap@?4??stbi_write_png_to_mem@@9@9 0043e864     SOIL2:SOIL2.obj
 0003:00000878       ?mapping@?4??stbi_write_png_to_mem@@9@9 0043e878     SOIL2:SOIL2.obj
 0003:00000a24       __glfwErrorCallback        0043ea24     glfw3:init.c.obj
 0003:00000ce4       __wglewGetExtensionsStringARB 0043ece4     glew32s:glew.obj
 0003:00000cf8       __wglewGetExtensionsStringEXT 0043ecf8     glew32s:glew.obj
 0003:0000339c       ?_Tss_mutex@@3U_RTL_CRITICAL_SECTION@@A 0044139c     MSVCRT:thread_safe_statics.obj
 0003:000033b4       ?_Tss_cv@@3U_RTL_CONDITION_VARIABLE@@A 004413b4     MSVCRT:thread_safe_statics.obj
 0003:000033b8       ?_Tss_event@@3PAXA         004413b8     MSVCRT:thread_safe_statics.obj
 0003:000033bc       ?encoded_sleep_condition_variable_cs@@3P6GHPAU_RTL_CONDITION_VARIABLE@@PAU_RTL_CRITICAL_SECTION@@K@ZA 004413bc     MSVCRT:thread_safe_statics.obj
 0003:000033c0       ?encoded_wake_all_condition_variable@@3P6GXPAU_RTL_CONDITION_VARIABLE@@@ZA 004413c0     MSVCRT:thread_safe_statics.obj
 0003:000033cc       ?module_local_atexit_table@@3U_onexit_table_t@@A 004413cc     MSVCRT:utility.obj
 0003:000033d8       ?module_local_at_quick_exit_table@@3U_onexit_table_t@@A 004413d8     MSVCRT:utility.obj
 0003:000033e4       ?is_initialized_as_dll@@3_NA 004413e4     MSVCRT:utility.obj
 0003:000033e8       _GS_ExceptionRecord        004413e8     MSVCRT:gs_report.obj
 0003:00003438       _GS_ContextRecord          00441438     MSVCRT:gs_report.obj
 0003:0000372c       _DisableTwiddlingRoutine   0044172c     SOIL2:SOIL2.obj
 0003:00003730       _stbi__de_iphone_flag      00441730     SOIL2:SOIL2.obj
 0003:00003734       _stbi__vertically_flip_on_load 00441734     SOIL2:SOIL2.obj
 0003:00003738       _soilGlGenerateMipmap      00441738     SOIL2:SOIL2.obj
 0003:0000373c       _soilGlCompressedTexImage2D 0044173c     SOIL2:SOIL2.obj
 0003:00003740       _stbi__unpremultiply_on_load 00441740     SOIL2:SOIL2.obj
 0004:00000000       __guard_fids__             00443000     MSVCRT:std_type_info_static.obj
 0004:00000004       __guard_fids__             00443004     MSVCRT:thread_safe_statics.obj
 0004:00000008       __guard_fids_?__scrt_initialize_thread_safe_statics@@YAHXZ 00443008     MSVCRT:thread_safe_statics.obj
 0004:0000000c       __guard_fids__             0044300c     MSVCRT:exe_main.obj
 0004:00000010       __guard_fids__             00443010     MSVCRT:exe_main.obj
 0004:00000014       __guard_fids__             00443014     MSVCRT:exe_main.obj
 0004:00000018       __guard_fids_?pre_c_initialization@@YAHXZ 00443018     MSVCRT:exe_main.obj
 0004:00000020       __guard_fids__             00443020     MSVCRT:throw_bad_alloc.obj
 0004:00000028       __guard_fids__             00443028     MSVCRT:throw_bad_alloc.obj
 0004:00000030       __guard_fids__             00443030     MSVCRT:throw_bad_alloc.obj
 0004:00000038       __guard_fids__             00443038     MSVCRT:throw_bad_alloc.obj
 0004:0000003c       __guard_fids__             0044303c     MSVCRT:throw_bad_alloc.obj
 0004:00000040       __guard_fids__             00443040     MSVCRT:throw_bad_alloc.obj
 0004:00000044       __guard_fids__             00443044     MSVCRT:throw_bad_alloc.obj
 0004:00000048       __guard_fids__             00443048     MSVCRT:throw_bad_alloc.obj
 0004:0000004c       __guard_fids___except_handler4 0044304c     MSVCRT:_chandler4gs_.obj
 0004:00000050       __guard_fids____scrt_set_unhandled_exception_filter 00443050     MSVCRT:utility_desktop.obj
 0004:00000054       __guard_fids__             00443054     MSVCRT:guard_support.obj
 0006:00000060       $R000000                   00445060     * linker generated manifest res *
